Archive member included to satisfy reference by file (symbol)

/Applications/STM32CubeIDE.app/Contents/Eclipse/plugins/com.st.stm32cube.ide.mcu.externaltools.gnu-tools-for-stm32.9-2020-q2-update.macos64_2.0.0.202105311346/tools/bin/../lib/gcc/arm-none-eabi/9.3.1/../../../../arm-none-eabi/lib/thumb/v7e-m+dp/hard/libc_nano.a(lib_a-errno.o)
                              ./Core/Src/syscalls.o (__errno)
/Applications/STM32CubeIDE.app/Contents/Eclipse/plugins/com.st.stm32cube.ide.mcu.externaltools.gnu-tools-for-stm32.9-2020-q2-update.macos64_2.0.0.202105311346/tools/bin/../lib/gcc/arm-none-eabi/9.3.1/../../../../arm-none-eabi/lib/thumb/v7e-m+dp/hard/libc_nano.a(lib_a-exit.o)
                              /Applications/STM32CubeIDE.app/Contents/Eclipse/plugins/com.st.stm32cube.ide.mcu.externaltools.gnu-tools-for-stm32.9-2020-q2-update.macos64_2.0.0.202105311346/tools/bin/../lib/gcc/arm-none-eabi/9.3.1/../../../../arm-none-eabi/lib/thumb/v7e-m+dp/hard/crt0.o (exit)
/Applications/STM32CubeIDE.app/Contents/Eclipse/plugins/com.st.stm32cube.ide.mcu.externaltools.gnu-tools-for-stm32.9-2020-q2-update.macos64_2.0.0.202105311346/tools/bin/../lib/gcc/arm-none-eabi/9.3.1/../../../../arm-none-eabi/lib/thumb/v7e-m+dp/hard/libc_nano.a(lib_a-impure.o)
                              /Applications/STM32CubeIDE.app/Contents/Eclipse/plugins/com.st.stm32cube.ide.mcu.externaltools.gnu-tools-for-stm32.9-2020-q2-update.macos64_2.0.0.202105311346/tools/bin/../lib/gcc/arm-none-eabi/9.3.1/../../../../arm-none-eabi/lib/thumb/v7e-m+dp/hard/libc_nano.a(lib_a-exit.o) (_global_impure_ptr)
/Applications/STM32CubeIDE.app/Contents/Eclipse/plugins/com.st.stm32cube.ide.mcu.externaltools.gnu-tools-for-stm32.9-2020-q2-update.macos64_2.0.0.202105311346/tools/bin/../lib/gcc/arm-none-eabi/9.3.1/../../../../arm-none-eabi/lib/thumb/v7e-m+dp/hard/libc_nano.a(lib_a-init.o)
                              /Applications/STM32CubeIDE.app/Contents/Eclipse/plugins/com.st.stm32cube.ide.mcu.externaltools.gnu-tools-for-stm32.9-2020-q2-update.macos64_2.0.0.202105311346/tools/bin/../lib/gcc/arm-none-eabi/9.3.1/../../../../arm-none-eabi/lib/thumb/v7e-m+dp/hard/crt0.o (__libc_init_array)
/Applications/STM32CubeIDE.app/Contents/Eclipse/plugins/com.st.stm32cube.ide.mcu.externaltools.gnu-tools-for-stm32.9-2020-q2-update.macos64_2.0.0.202105311346/tools/bin/../lib/gcc/arm-none-eabi/9.3.1/../../../../arm-none-eabi/lib/thumb/v7e-m+dp/hard/libc_nano.a(lib_a-memcpy-stub.o)
                              ./Middlewares/Third_Party/FreeRTOS/queue.o (memcpy)
/Applications/STM32CubeIDE.app/Contents/Eclipse/plugins/com.st.stm32cube.ide.mcu.externaltools.gnu-tools-for-stm32.9-2020-q2-update.macos64_2.0.0.202105311346/tools/bin/../lib/gcc/arm-none-eabi/9.3.1/../../../../arm-none-eabi/lib/thumb/v7e-m+dp/hard/libc_nano.a(lib_a-memset.o)
                              /Applications/STM32CubeIDE.app/Contents/Eclipse/plugins/com.st.stm32cube.ide.mcu.externaltools.gnu-tools-for-stm32.9-2020-q2-update.macos64_2.0.0.202105311346/tools/bin/../lib/gcc/arm-none-eabi/9.3.1/../../../../arm-none-eabi/lib/thumb/v7e-m+dp/hard/crt0.o (memset)
/Applications/STM32CubeIDE.app/Contents/Eclipse/plugins/com.st.stm32cube.ide.mcu.externaltools.gnu-tools-for-stm32.9-2020-q2-update.macos64_2.0.0.202105311346/tools/bin/../lib/gcc/arm-none-eabi/9.3.1/thumb/v7e-m+dp/hard/libgcc.a(_aeabi_uldivmod.o)
                              ./Drivers/STM32H7xx_HAL_Driver/stm32h7xx_hal_uart.o (__aeabi_uldivmod)
/Applications/STM32CubeIDE.app/Contents/Eclipse/plugins/com.st.stm32cube.ide.mcu.externaltools.gnu-tools-for-stm32.9-2020-q2-update.macos64_2.0.0.202105311346/tools/bin/../lib/gcc/arm-none-eabi/9.3.1/thumb/v7e-m+dp/hard/libgcc.a(_udivmoddi4.o)
                              /Applications/STM32CubeIDE.app/Contents/Eclipse/plugins/com.st.stm32cube.ide.mcu.externaltools.gnu-tools-for-stm32.9-2020-q2-update.macos64_2.0.0.202105311346/tools/bin/../lib/gcc/arm-none-eabi/9.3.1/thumb/v7e-m+dp/hard/libgcc.a(_aeabi_uldivmod.o) (__udivmoddi4)
/Applications/STM32CubeIDE.app/Contents/Eclipse/plugins/com.st.stm32cube.ide.mcu.externaltools.gnu-tools-for-stm32.9-2020-q2-update.macos64_2.0.0.202105311346/tools/bin/../lib/gcc/arm-none-eabi/9.3.1/thumb/v7e-m+dp/hard/libgcc.a(_dvmd_tls.o)
                              /Applications/STM32CubeIDE.app/Contents/Eclipse/plugins/com.st.stm32cube.ide.mcu.externaltools.gnu-tools-for-stm32.9-2020-q2-update.macos64_2.0.0.202105311346/tools/bin/../lib/gcc/arm-none-eabi/9.3.1/thumb/v7e-m+dp/hard/libgcc.a(_aeabi_uldivmod.o) (__aeabi_ldiv0)

Allocating common symbols
Common symbol       size              file

huart3              0x90              ./Core/Src/main.o
hpcd_USB_OTG_FS     0x408             ./Core/Src/main.o
uwTick              0x4               ./Drivers/STM32H7xx_HAL_Driver/stm32h7xx_hal.o
xQueueRegistry      0x40              ./Middlewares/Third_Party/FreeRTOS/queue.o
pFlash              0x1c              ./Drivers/STM32H7xx_HAL_Driver/stm32h7xx_hal_flash.o
valvulaControlHandle
[...]
Memory Configuration

Name             Origin             Length             Attributes
RAM_D1           0x0000000024000000 0x0000000000080000 xrw
FLASH            0x0000000008000000 0x0000000000100000 xr
DTCMRAM          0x0000000020000000 0x0000000000020000 xrw
RAM_D2           0x0000000030000000 0x0000000000048000 xrw
RAM_D3           0x0000000038000000 0x0000000000010000 xrw
ITCMRAM          0x0000000000000000 0x0000000000010000 xrw
*default*        0x0000000000000000 0xffffffffffffffff

Linker script and memory map

LOAD /Applications/STM32CubeIDE.app/Contents/Eclipse/plugins/com.st.stm32cube.ide.mcu.externaltools.gnu-tools-for-stm32.9-2020-q2-update.macos64_2.0.0.202105311346/tools/bin/../lib/gcc/arm-none-eabi/9.3.1/thumb/v7e-m+dp/hard/crti.o
LOAD /Applications/STM32CubeIDE.app/Contents/Eclipse/plugins/com.st.stm32cube.ide.mcu.externaltools.gnu-tools-for-stm32.9-2020-q2-update.macos64_2.0.0.202105311346/tools/bin/../lib/gcc/arm-none-eabi/9.3.1/thumb/v7e-m+dp/hard/crtbegin.o
LOAD /Applications/STM32CubeIDE.app/Contents/Eclipse/plugins/com.st.stm32cube.ide.mcu.externaltools.gnu-tools-for-stm32.9-2020-q2-update.macos64_2.0.0.202105311346/tools/bin/../lib/gcc/arm-none-eabi/9.3.1/../../../../arm-none-eabi/lib/thumb/v7e-m+dp/hard/crt0.o
LOAD ./Common/Src/system_stm32h7xx_dualcore_boot_cm4_cm7.o
LOAD ./Core/Src/freertos.o
LOAD ./Core/Src/main.o
LOAD ./Core/Src/stm32h7xx_hal_msp.o
LOAD ./Core/Src/stm32h7xx_hal_timebase_tim.o
LOAD ./Core/Src/stm32h7xx_it.o
LOAD ./Core/Src/syscalls.o
LOAD ./Core/Src/sysmem.o
LOAD ./Core/Startup/startup_stm32h745zitx.o
LOAD ./Drivers/STM32H7xx_HAL_Driver/stm32h7xx_hal.o
LOAD ./Drivers/STM32H7xx_HAL_Driver/stm32h7xx_hal_cortex.o
LOAD ./Drivers/STM32H7xx_HAL_Driver/stm32h7xx_hal_dma.o
LOAD ./Drivers/STM32H7xx_HAL_Driver/stm32h7xx_hal_dma_ex.o
LOAD ./Drivers/STM32H7xx_HAL_Driver/stm32h7xx_hal_eth.o
LOAD ./Drivers/STM32H7xx_HAL_Driver/stm32h7xx_hal_eth_ex.o
LOAD ./Drivers/STM32H7xx_HAL_Driver/stm32h7xx_hal_exti.o
LOAD ./Drivers/STM32H7xx_HAL_Driver/stm32h7xx_hal_flash.o
LOAD ./Drivers/STM32H7xx_HAL_Driver/stm32h7xx_hal_flash_ex.o
LOAD ./Drivers/STM32H7xx_HAL_Driver/stm32h7xx_hal_gpio.o
LOAD ./Drivers/STM32H7xx_HAL_Driver/stm32h7xx_hal_hsem.o
LOAD ./Drivers/STM32H7xx_HAL_Driver/stm32h7xx_hal_i2c.o
LOAD ./Drivers/STM32H7xx_HAL_Driver/stm32h7xx_hal_i2c_ex.o
LOAD ./Drivers/STM32H7xx_HAL_Driver/stm32h7xx_hal_mdma.o
LOAD ./Drivers/STM32H7xx_HAL_Driver/stm32h7xx_hal_pcd.o
LOAD ./Drivers/STM32H7xx_HAL_Driver/stm32h7xx_hal_pcd_ex.o
LOAD ./Drivers/STM32H7xx_HAL_Driver/stm32h7xx_hal_pwr.o
LOAD ./Drivers/STM32H7xx_HAL_Driver/stm32h7xx_hal_pwr_ex.o
LOAD ./Drivers/STM32H7xx_HAL_Driver/stm32h7xx_hal_rcc.o
LOAD ./Drivers/STM32H7xx_HAL_Driver/stm32h7xx_hal_rcc_ex.o
LOAD ./Drivers/STM32H7xx_HAL_Driver/stm32h7xx_hal_tim.o
LOAD ./Drivers/STM32H7xx_HAL_Driver/stm32h7xx_hal_tim_ex.o
LOAD ./Drivers/STM32H7xx_HAL_Driver/stm32h7xx_hal_uart.o
LOAD ./Drivers/STM32H7xx_HAL_Driver/stm32h7xx_hal_uart_ex.o
LOAD ./Drivers/STM32H7xx_HAL_Driver/stm32h7xx_ll_usb.o
LOAD ./Middlewares/Third_Party/FreeRTOS/cmsis_os.o
LOAD ./Middlewares/Third_Party/FreeRTOS/croutine.o
LOAD ./Middlewares/Third_Party/FreeRTOS/event_groups.o
LOAD ./Middlewares/Third_Party/FreeRTOS/heap_4.o
LOAD ./Middlewares/Third_Party/FreeRTOS/list.o
LOAD ./Middlewares/Third_Party/FreeRTOS/port.o
LOAD ./Middlewares/Third_Party/FreeRTOS/queue.o
LOAD ./Middlewares/Third_Party/FreeRTOS/stream_buffer.o
LOAD ./Middlewares/Third_Party/FreeRTOS/tasks.o
LOAD ./Middlewares/Third_Party/FreeRTOS/timers.o
LOAD ./Middlewares/ringbuff/src/ringbuff/ringbuff.o
START GROUP
LOAD /Applications/STM32CubeIDE.app/Contents/Eclipse/plugins/com.st.stm32cube.ide.mcu.externaltools.gnu-tools-for-stm32.9-2020-q2-update.macos64_2.0.0.202105311346/tools/bin/../lib/gcc/arm-none-eabi/9.3.1/../../../../arm-none-eabi/lib/thumb/v7e-m+dp/hard/libc_nano.a
LOAD /Applications/STM32CubeIDE.app/Contents/Eclipse/plugins/com.st.stm32cube.ide.mcu.externaltools.gnu-tools-for-stm32.9-2020-q2-update.macos64_2.0.0.202105311346/tools/bin/../lib/gcc/arm-none-eabi/9.3.1/../../../../arm-none-eabi/lib/thumb/v7e-m+dp/hard/libm.a
END GROUP
START GROUP
LOAD /Applications/STM32CubeIDE.app/Contents/Eclipse/plugins/com.st.stm32cube.ide.mcu.externaltools.gnu-tools-for-stm32.9-2020-q2-update.macos64_2.0.0.202105311346/tools/bin/../lib/gcc/arm-none-eabi/9.3.1/thumb/v7e-m+dp/hard/libgcc.a
LOAD /Applications/STM32CubeIDE.app/Contents/Eclipse/plugins/com.st.stm32cube.ide.mcu.externaltools.gnu-tools-for-stm32.9-2020-q2-update.macos64_2.0.0.202105311346/tools/bin/../lib/gcc/arm-none-eabi/9.3.1/../../../../arm-none-eabi/lib/thumb/v7e-m+dp/hard/libc_nano.a
END GROUP
START GROUP
LOAD /Applications/STM32CubeIDE.app/Contents/Eclipse/plugins/com.st.stm32cube.ide.mcu.externaltools.gnu-tools-for-stm32.9-2020-q2-update.macos64_2.0.0.202105311346/tools/bin/../lib/gcc/arm-none-eabi/9.3.1/thumb/v7e-m+dp/hard/libgcc.a
LOAD /Applications/STM32CubeIDE.app/Contents/Eclipse/plugins/com.st.stm32cube.ide.mcu.externaltools.gnu-tools-for-stm32.9-2020-q2-update.macos64_2.0.0.202105311346/tools/bin/../lib/gcc/arm-none-eabi/9.3.1/../../../../arm-none-eabi/lib/thumb/v7e-m+dp/hard/libc_nano.a
LOAD /Applications/STM32CubeIDE.app/Contents/Eclipse/plugins/com.st.stm32cube.ide.mcu.externaltools.gnu-tools-for-stm32.9-2020-q2-update.macos64_2.0.0.202105311346/tools/bin/../lib/gcc/arm-none-eabi/9.3.1/../../../../arm-none-eabi/lib/thumb/v7e-m+dp/hard/libnosys.a
END GROUP
START GROUP
LOAD /Applications/STM32CubeIDE.app/Contents/Eclipse/plugins/com.st.stm32cube.ide.mcu.externaltools.gnu-tools-for-stm32.9-2020-q2-update.macos64_2.0.0.202105311346/tools/bin/../lib/gcc/arm-none-eabi/9.3.1/thumb/v7e-m+dp/hard/libgcc.a
LOAD /Applications/STM32CubeIDE.app/Contents/Eclipse/plugins/com.st.stm32cube.ide.mcu.externaltools.gnu-tools-for-stm32.9-2020-q2-update.macos64_2.0.0.202105311346/tools/bin/../lib/gcc/arm-none-eabi/9.3.1/../../../../arm-none-eabi/lib/thumb/v7e-m+dp/hard/libc_nano.a
LOAD /Applications/STM32CubeIDE.app/Contents/Eclipse/plugins/com.st.stm32cube.ide.mcu.externaltools.gnu-tools-for-stm32.9-2020-q2-update.macos64_2.0.0.202105311346/tools/bin/../lib/gcc/arm-none-eabi/9.3.1/../../../../arm-none-eabi/lib/thumb/v7e-m+dp/hard/libnosys.a
END GROUP
LOAD /Applications/STM32CubeIDE.app/Contents/Eclipse/plugins/com.st.stm32cube.ide.mcu.externaltools.gnu-tools-for-stm32.9-2020-q2-update.macos64_2.0.0.202105311346/tools/bin/../lib/gcc/arm-none-eabi/9.3.1/thumb/v7e-m+dp/hard/crtend.o
LOAD /Applications/STM32CubeIDE.app/Contents/Eclipse/plugins/com.st.stm32cube.ide.mcu.externaltools.gnu-tools-for-stm32.9-2020-q2-update.macos64_2.0.0.202105311346/tools/bin/../lib/gcc/arm-none-eabi/9.3.1/thumb/v7e-m+dp/hard/crtn.o
                0x0000000024080000                _estack = (ORIGIN (RAM_D1) + LENGTH (RAM_D1))
                0x0000000000000200                _Min_Heap_Size = 0x200
                0x0000000000000400                _Min_Stack_Size = 0x400

.isr_vector     0x0000000008000000      0x298
                0x0000000008000000                . = ALIGN (0x4)
 *(.isr_vector)
 .isr_vector    0x0000000008000000      0x298 ./Core/Startup/startup_stm32h745zitx.o
                0x0000000008000000                g_pfnVectors
                0x0000000008000298                . = ALIGN (0x4)

.text           0x00000000080002a0     0x7c64
                0x00000000080002a0                . = ALIGN (0x4)
 *(.text)
 .text          0x00000000080002a0       0x40 /Applications/STM32CubeIDE.app/Contents/Eclipse/plugins/com.st.stm32cube.ide.mcu.externaltools.gnu-tools-for-stm32.9-2020-q2-update.macos64_2.0.0.202105311346/tools/bin/../lib/gcc/arm-none-eabi/9.3.1/thumb/v7e-m+dp/hard/crtbegin.o
 .text          0x00000000080002e0       0x30 /Applications/STM32CubeIDE.app/Contents/Eclipse/plugins/com.st.stm32cube.ide.mcu.externaltools.gnu-tools-for-stm32.9-2020-q2-update.macos64_2.0.0.202105311346/tools/bin/../lib/gcc/arm-none-eabi/9.3.1/thumb/v7e-m+dp/hard/libgcc.a(_aeabi_uldivmod.o)
                0x00000000080002e0                __aeabi_uldivmod
 .text          0x0000000008000310      0x2c4 /Applications/STM32CubeIDE.app/Contents/Eclipse/plugins/com.st.stm32cube.ide.mcu.externaltools.gnu-tools-for-stm32.9-2020-q2-update.macos64_2.0.0.202105311346/tools/bin/../lib/gcc/arm-none-eabi/9.3.1/thumb/v7e-m+dp/hard/libgcc.a(_udivmoddi4.o)
                0x0000000008000310                __udivmoddi4
 .text          0x00000000080005d4        0x4 /Applications/STM32CubeIDE.app/Contents/Eclipse/plugins/com.st.stm32cube.ide.mcu.externaltools.gnu-tools-for-stm32.9-2020-q2-update.macos64_2.0.0.202105311346/tools/bin/../lib/gcc/arm-none-eabi/9.3.1/thumb/v7e-m+dp/hard/libgcc.a(_dvmd_tls.o)
                0x00000000080005d4                __aeabi_ldiv0
                0x00000000080005d4                __aeabi_idiv0
 *(.text*)
 .text.SystemInit
                0x00000000080005d8      0x134 ./Common/Src/system_stm32h7xx_dualcore_boot_cm4_cm7.o
                0x00000000080005d8                SystemInit
 .text.vApplicationGetIdleTaskMemory
                0x000000000800070c       0x34 ./Core/Src/freertos.o
                0x000000000800070c                vApplicationGetIdleTaskMemory
 .text.main     0x0000000008000740      0x1d4 ./Core/Src/main.o
                0x0000000008000740                main
 .text.SystemClock_Config
                0x0000000008000914      0x108 ./Core/Src/main.o
                0x0000000008000914                SystemClock_Config
 .text.MX_ETH_Init
                0x0000000008000a1c       0x98 ./Core/Src/main.o
 .text.MX_USART3_UART_Init
                0x0000000008000ab4       0x98 ./Core/Src/main.o
 .text.MX_USB_OTG_FS_PCD_Init
                0x0000000008000b4c       0x64 ./Core/Src/main.o
 .text.MX_GPIO_Init
                0x0000000008000bb0      0x100 ./Core/Src/main.o
 .text.bomba_Init
                0x0000000008000cb0       0x6c ./Core/Src/main.o
                0x0000000008000cb0                bomba_Init
 .text.valvula_Init
                0x0000000008000d1c       0x6c ./Core/Src/main.o
                0x0000000008000d1c                valvula_Init
 .text.HAL_TIM_PeriodElapsedCallback
                0x0000000008000d88       0x24 ./Core/Src/main.o
                0x0000000008000d88                HAL_TIM_PeriodElapsedCallback
 .text.Error_Handler
                0x0000000008000dac        0xa ./Core/Src/main.o
                0x0000000008000dac                Error_Handler
 *fill*         0x0000000008000db6        0x2 
 .text.HAL_MspInit
                0x0000000008000db8       0x3c ./Core/Src/stm32h7xx_hal_msp.o
                0x0000000008000db8                HAL_MspInit
 .text.HAL_ETH_MspInit
                0x0000000008000df4      0x19c ./Core/Src/stm32h7xx_hal_msp.o
                0x0000000008000df4                HAL_ETH_MspInit
 .text.HAL_UART_MspInit
                0x0000000008000f90       0xcc ./Core/Src/stm32h7xx_hal_msp.o
                0x0000000008000f90                HAL_UART_MspInit
 .text.HAL_PCD_MspInit
                0x000000000800105c      0x110 ./Core/Src/stm32h7xx_hal_msp.o
                0x000000000800105c                HAL_PCD_MspInit
 .text.HAL_InitTick
                0x000000000800116c       0xc4 ./Core/Src/stm32h7xx_hal_timebase_tim.o
                0x000000000800116c                HAL_InitTick
 .text.NMI_Handler
                0x0000000008001230        0x6 ./Core/Src/stm32h7xx_it.o
                0x0000000008001230                NMI_Handler
 .text.HardFault_Handler
                0x0000000008001236        0x6 ./Core/Src/stm32h7xx_it.o
                0x0000000008001236                HardFault_Handler
 .text.MemManage_Handler
                0x000000000800123c        0x6 ./Core/Src/stm32h7xx_it.o
                0x000000000800123c                MemManage_Handler
 .text.BusFault_Handler
                0x0000000008001242        0x6 ./Core/Src/stm32h7xx_it.o
                0x0000000008001242                BusFault_Handler
 .text.UsageFault_Handler
                0x0000000008001248        0x6 ./Core/Src/stm32h7xx_it.o
                0x0000000008001248                UsageFault_Handler
 .text.DebugMon_Handler
                0x000000000800124e        0xe ./Core/Src/stm32h7xx_it.o
                0x000000000800124e                DebugMon_Handler
 .text.TIM1_UP_IRQHandler
                0x000000000800125c       0x14 ./Core/Src/stm32h7xx_it.o
                0x000000000800125c                TIM1_UP_IRQHandler
 .text.Reset_Handler
                0x0000000008001270       0x50 ./Core/Startup/startup_stm32h745zitx.o
                0x0000000008001270                Reset_Handler
 .text.Default_Handler
                0x00000000080012c0        0x2 ./Core/Startup/startup_stm32h745zitx.o
                0x00000000080012c0                DMA1_Stream3_IRQHandler
                0x00000000080012c0                EXTI2_IRQHandler
                0x00000000080012c0                TIM8_CC_IRQHandler
                0x00000000080012c0                HRTIM1_Master_IRQHandler
                0x00000000080012c0                UART8_IRQHandler
                0x00000000080012c0                SPI4_IRQHandler
                0x00000000080012c0                TIM1_CC_IRQHandler
                0x00000000080012c0                BDMA_Channel6_IRQHandler
                0x00000000080012c0                DMA2_Stream5_IRQHandler
                0x00000000080012c0                HRTIM1_FLT_IRQHandler
                0x00000000080012c0                JPEG_IRQHandler
                0x00000000080012c0                DMA1_Stream5_IRQHandler
                0x00000000080012c0                BDMA_Channel1_IRQHandler
                0x00000000080012c0                HRTIM1_TIMD_IRQHandler
                0x00000000080012c0                TAMP_STAMP_IRQHandler
                0x00000000080012c0                EXTI3_IRQHandler
                0x00000000080012c0                LPTIM4_IRQHandler
                0x00000000080012c0                TIM8_TRG_COM_TIM14_IRQHandler
                0x00000000080012c0                LPTIM2_IRQHandler
                0x00000000080012c0                DFSDM1_FLT1_IRQHandler
                0x00000000080012c0                DMAMUX2_OVR_IRQHandler
                0x00000000080012c0                TIM8_UP_TIM13_IRQHandler
                0x00000000080012c0                I2C3_ER_IRQHandler
                0x00000000080012c0                DFSDM1_FLT2_IRQHandler
                0x00000000080012c0                MDMA_IRQHandler
                0x00000000080012c0                LPTIM3_IRQHandler
                0x00000000080012c0                HSEM1_IRQHandler
                0x00000000080012c0                EXTI0_IRQHandler
                0x00000000080012c0                I2C2_EV_IRQHandler
                0x00000000080012c0                DMA1_Stream2_IRQHandler
                0x00000000080012c0                FPU_IRQHandler
                0x00000000080012c0                OTG_HS_WKUP_IRQHandler
                0x00000000080012c0                FDCAN1_IT1_IRQHandler
                0x00000000080012c0                LTDC_ER_IRQHandler
                0x00000000080012c0                DMA2_Stream2_IRQHandler
                0x00000000080012c0                HRTIM1_TIME_IRQHandler
                0x00000000080012c0                SPI1_IRQHandler
                0x00000000080012c0                TIM6_DAC_IRQHandler
                0x00000000080012c0                DCMI_IRQHandler
                0x00000000080012c0                HRTIM1_TIMC_IRQHandler
                0x00000000080012c0                DMA2_Stream3_IRQHandler
                0x00000000080012c0                SAI2_IRQHandler
                0x00000000080012c0                DFSDM1_FLT3_IRQHandler
                0x00000000080012c0                USART6_IRQHandler
                0x00000000080012c0                TIM17_IRQHandler
                0x00000000080012c0                USART3_IRQHandler
                0x00000000080012c0                BDMA_Channel7_IRQHandler
                0x00000000080012c0                LPTIM5_IRQHandler
                0x00000000080012c0                UART5_IRQHandler
                0x00000000080012c0                ADC3_IRQHandler
                0x00000000080012c0                DMA2_Stream0_IRQHandler
                0x00000000080012c0                TIM4_IRQHandler
                0x00000000080012c0                BDMA_Channel2_IRQHandler
                0x00000000080012c0                QUADSPI_IRQHandler
                0x00000000080012c0                I2C1_EV_IRQHandler
                0x00000000080012c0                DMA1_Stream6_IRQHandler
                0x00000000080012c0                DMAMUX1_OVR_IRQHandler
                0x00000000080012c0                DMA1_Stream1_IRQHandler
                0x00000000080012c0                TIM16_IRQHandler
                0x00000000080012c0                UART4_IRQHandler
                0x00000000080012c0                BDMA_Channel5_IRQHandler
                0x00000000080012c0                TIM3_IRQHandler
                0x00000000080012c0                RCC_IRQHandler
                0x00000000080012c0                TIM8_BRK_TIM12_IRQHandler
                0x00000000080012c0                TIM1_TRG_COM_IRQHandler
                0x00000000080012c0                Default_Handler
                0x00000000080012c0                ECC_IRQHandler
                0x00000000080012c0                CEC_IRQHandler
                0x00000000080012c0                EXTI15_10_IRQHandler
                0x00000000080012c0                BDMA_Channel0_IRQHandler
                0x00000000080012c0                ADC_IRQHandler
                0x00000000080012c0                DMA1_Stream7_IRQHandler
                0x00000000080012c0                HRTIM1_TIMA_IRQHandler
                0x00000000080012c0                SPI5_IRQHandler
                0x00000000080012c0                TIM7_IRQHandler
                0x00000000080012c0                SDMMC1_IRQHandler
                0x00000000080012c0                TIM5_IRQHandler
                0x00000000080012c0                DMA2_Stream7_IRQHandler
                0x00000000080012c0                TIM15_IRQHandler
                0x00000000080012c0                PVD_AVD_IRQHandler
                0x00000000080012c0                I2C3_EV_IRQHandler
                0x00000000080012c0                EXTI9_5_IRQHandler
                0x00000000080012c0                RTC_WKUP_IRQHandler
                0x00000000080012c0                LTDC_IRQHandler
                0x00000000080012c0                SAI3_IRQHandler
                0x00000000080012c0                ETH_WKUP_IRQHandler
                0x00000000080012c0                SPDIF_RX_IRQHandler
                0x00000000080012c0                SPI2_IRQHandler
                0x00000000080012c0                OTG_HS_EP1_IN_IRQHandler
                0x00000000080012c0                DMA1_Stream0_IRQHandler
                0x00000000080012c0                CRS_IRQHandler
                0x00000000080012c0                CM7_SEV_IRQHandler
                0x00000000080012c0                EXTI4_IRQHandler
                0x00000000080012c0                RNG_IRQHandler
                0x00000000080012c0                CM4_SEV_IRQHandler
                0x00000000080012c0                HRTIM1_TIMB_IRQHandler
                0x00000000080012c0                FDCAN2_IT1_IRQHandler
                0x00000000080012c0                ETH_IRQHandler
                0x00000000080012c0                WWDG_RST_IRQHandler
                0x00000000080012c0                BDMA_Channel4_IRQHandler
                0x00000000080012c0                OTG_HS_EP1_OUT_IRQHandler
                0x00000000080012c0                WWDG_IRQHandler
                0x00000000080012c0                SPI6_IRQHandler
                0x00000000080012c0                MDIOS_IRQHandler
                0x00000000080012c0                I2C4_EV_IRQHandler
                0x00000000080012c0                FDCAN2_IT0_IRQHandler
                0x00000000080012c0                LPUART1_IRQHandler
                0x00000000080012c0                FDCAN1_IT0_IRQHandler
                0x00000000080012c0                TIM2_IRQHandler
                0x00000000080012c0                OTG_FS_WKUP_IRQHandler
                0x00000000080012c0                OTG_HS_IRQHandler
                0x00000000080012c0                HSEM2_IRQHandler
                0x00000000080012c0                DMA2D_IRQHandler
                0x00000000080012c0                TIM1_BRK_IRQHandler
                0x00000000080012c0                EXTI1_IRQHandler
                0x00000000080012c0                SDMMC2_IRQHandler
                0x00000000080012c0                OTG_FS_EP1_OUT_IRQHandler
                0x00000000080012c0                BDMA_Channel3_IRQHandler
                0x00000000080012c0                HOLD_CORE_IRQHandler
                0x00000000080012c0                UART7_IRQHandler
                0x00000000080012c0                MDIOS_WKUP_IRQHandler
                0x00000000080012c0                USART2_IRQHandler
                0x00000000080012c0                DFSDM1_FLT0_IRQHandler
                0x00000000080012c0                SAI4_IRQHandler
                0x00000000080012c0                I2C2_ER_IRQHandler
                0x00000000080012c0                DMA2_Stream1_IRQHandler
                0x00000000080012c0                FLASH_IRQHandler
                0x00000000080012c0                DMA2_Stream4_IRQHandler
                0x00000000080012c0                USART1_IRQHandler
                0x00000000080012c0                OTG_FS_IRQHandler
                0x00000000080012c0                SPI3_IRQHandler
                0x00000000080012c0                WAKEUP_PIN_IRQHandler
                0x00000000080012c0                DMA1_Stream4_IRQHandler
                0x00000000080012c0                OTG_FS_EP1_IN_IRQHandler
                0x00000000080012c0                I2C1_ER_IRQHandler
                0x00000000080012c0                FMC_IRQHandler
                0x00000000080012c0                FDCAN_CAL_IRQHandler
                0x00000000080012c0                SWPMI1_IRQHandler
                0x00000000080012c0                COMP1_IRQHandler
                0x00000000080012c0                LPTIM1_IRQHandler
                0x00000000080012c0                I2C4_ER_IRQHandler
                0x00000000080012c0                DMA2_Stream6_IRQHandler
                0x00000000080012c0                SAI1_IRQHandler
                0x00000000080012c0                RTC_Alarm_IRQHandler
 *fill*         0x00000000080012c2        0x2 
 .text.HAL_Init
                0x00000000080012c4       0x78 ./Drivers/STM32H7xx_HAL_Driver/stm32h7xx_hal.o
                0x00000000080012c4                HAL_Init
 .text.HAL_IncTick
                0x000000000800133c       0x28 ./Drivers/STM32H7xx_HAL_Driver/stm32h7xx_hal.o
                0x000000000800133c                HAL_IncTick
 .text.HAL_GetTick
                0x0000000008001364       0x18 ./Drivers/STM32H7xx_HAL_Driver/stm32h7xx_hal.o
                0x0000000008001364                HAL_GetTick
 .text.HAL_Delay
                0x000000000800137c       0x48 ./Drivers/STM32H7xx_HAL_Driver/stm32h7xx_hal.o
                0x000000000800137c                HAL_Delay
 .text.HAL_GetREVID
                0x00000000080013c4       0x18 ./Drivers/STM32H7xx_HAL_Driver/stm32h7xx_hal.o
                0x00000000080013c4                HAL_GetREVID
 .text.HAL_SYSCFG_ETHInterfaceSelect
                0x00000000080013dc       0x28 ./Drivers/STM32H7xx_HAL_Driver/stm32h7xx_hal.o
                0x00000000080013dc                HAL_SYSCFG_ETHInterfaceSelect
 .text.__NVIC_SetPriorityGrouping
                0x0000000008001404       0x48 ./Drivers/STM32H7xx_HAL_Driver/stm32h7xx_hal_cortex.o
 .text.__NVIC_GetPriorityGrouping
                0x000000000800144c       0x1c ./Drivers/STM32H7xx_HAL_Driver/stm32h7xx_hal_cortex.o
 .text.__NVIC_EnableIRQ
                0x0000000008001468       0x3c ./Drivers/STM32H7xx_HAL_Driver/stm32h7xx_hal_cortex.o
 .text.__NVIC_SetPriority
                0x00000000080014a4       0x54 ./Drivers/STM32H7xx_HAL_Driver/stm32h7xx_hal_cortex.o
 .text.NVIC_EncodePriority
                0x00000000080014f8       0x66 ./Drivers/STM32H7xx_HAL_Driver/stm32h7xx_hal_cortex.o
 .text.HAL_NVIC_SetPriorityGrouping
                0x000000000800155e       0x16 ./Drivers/STM32H7xx_HAL_Driver/stm32h7xx_hal_cortex.o
                0x000000000800155e                HAL_NVIC_SetPriorityGrouping
 .text.HAL_NVIC_SetPriority
                0x0000000008001574       0x34 ./Drivers/STM32H7xx_HAL_Driver/stm32h7xx_hal_cortex.o
                0x0000000008001574                HAL_NVIC_SetPriority
 .text.HAL_NVIC_EnableIRQ
                0x00000000080015a8       0x1c ./Drivers/STM32H7xx_HAL_Driver/stm32h7xx_hal_cortex.o
                0x00000000080015a8                HAL_NVIC_EnableIRQ
 .text.HAL_ETH_Init
                0x00000000080015c4      0x1b4 ./Drivers/STM32H7xx_HAL_Driver/stm32h7xx_hal_eth.o
                0x00000000080015c4                HAL_ETH_Init
 .text.ETH_SetMACConfig
                0x0000000008001778      0x238 ./Drivers/STM32H7xx_HAL_Driver/stm32h7xx_hal_eth.o
 .text.ETH_SetDMAConfig
                0x00000000080019b0      0x10c ./Drivers/STM32H7xx_HAL_Driver/stm32h7xx_hal_eth.o
 .text.ETH_MACDMAConfig
                0x0000000008001abc      0x13a ./Drivers/STM32H7xx_HAL_Driver/stm32h7xx_hal_eth.o
 *fill*         0x0000000008001bf6        0x2 
 .text.ETH_MAC_MDIO_ClkConfig
                0x0000000008001bf8       0xb0 ./Drivers/STM32H7xx_HAL_Driver/stm32h7xx_hal_eth.o
 .text.ETH_DMATxDescListInit
                0x0000000008001ca8       0x8e ./Drivers/STM32H7xx_HAL_Driver/stm32h7xx_hal_eth.o
 .text.ETH_DMARxDescListInit
                0x0000000008001d36       0xba ./Drivers/STM32H7xx_HAL_Driver/stm32h7xx_hal_eth.o
 .text.HAL_GPIO_Init
                0x0000000008001df0      0x360 ./Drivers/STM32H7xx_HAL_Driver/stm32h7xx_hal_gpio.o
                0x0000000008001df0                HAL_GPIO_Init
 .text.HAL_GPIO_WritePin
                0x0000000008002150       0x32 ./Drivers/STM32H7xx_HAL_Driver/stm32h7xx_hal_gpio.o
                0x0000000008002150                HAL_GPIO_WritePin
 *fill*         0x0000000008002182        0x2 
 .text.HAL_HSEM_FastTake
                0x0000000008002184       0x34 ./Drivers/STM32H7xx_HAL_Driver/stm32h7xx_hal_hsem.o
                0x0000000008002184                HAL_HSEM_FastTake
 .text.HAL_HSEM_Release
                0x00000000080021b8       0x28 ./Drivers/STM32H7xx_HAL_Driver/stm32h7xx_hal_hsem.o
                0x00000000080021b8                HAL_HSEM_Release
 .text.HAL_PCD_Init
                0x00000000080021e0      0x248 ./Drivers/STM32H7xx_HAL_Driver/stm32h7xx_hal_pcd.o
                0x00000000080021e0                HAL_PCD_Init
 .text.HAL_PCDEx_ActivateLPM
                0x0000000008002428       0x48 ./Drivers/STM32H7xx_HAL_Driver/stm32h7xx_hal_pcd_ex.o
                0x0000000008002428                HAL_PCDEx_ActivateLPM
 .text.HAL_PWREx_ConfigSupply
                0x0000000008002470       0xb4 ./Drivers/STM32H7xx_HAL_Driver/stm32h7xx_hal_pwr_ex.o
                0x0000000008002470                HAL_PWREx_ConfigSupply
 .text.HAL_PWREx_EnableUSBVoltageDetector
                0x0000000008002524       0x20 ./Drivers/STM32H7xx_HAL_Driver/stm32h7xx_hal_pwr_ex.o
                0x0000000008002524                HAL_PWREx_EnableUSBVoltageDetector
 .text.HAL_RCC_OscConfig
                0x0000000008002544      0x820 ./Drivers/STM32H7xx_HAL_Driver/stm32h7xx_hal_rcc.o
                0x0000000008002544                HAL_RCC_OscConfig
 .text.HAL_RCC_ClockConfig
                0x0000000008002d64      0x36c ./Drivers/STM32H7xx_HAL_Driver/stm32h7xx_hal_rcc.o
                0x0000000008002d64                HAL_RCC_ClockConfig
 .text.HAL_RCC_GetSysClockFreq
                0x00000000080030d0      0x2f4 ./Drivers/STM32H7xx_HAL_Driver/stm32h7xx_hal_rcc.o
                0x00000000080030d0                HAL_RCC_GetSysClockFreq
 .text.HAL_RCC_GetHCLKFreq
                0x00000000080033c4       0x60 ./Drivers/STM32H7xx_HAL_Driver/stm32h7xx_hal_rcc.o
                0x00000000080033c4                HAL_RCC_GetHCLKFreq
 .text.HAL_RCC_GetPCLK1Freq
                0x0000000008003424       0x2c ./Drivers/STM32H7xx_HAL_Driver/stm32h7xx_hal_rcc.o
                0x0000000008003424                HAL_RCC_GetPCLK1Freq
 .text.HAL_RCC_GetPCLK2Freq
                0x0000000008003450       0x2c ./Drivers/STM32H7xx_HAL_Driver/stm32h7xx_hal_rcc.o
                0x0000000008003450                HAL_RCC_GetPCLK2Freq
 .text.HAL_RCC_GetClockConfig
                0x000000000800347c       0x84 ./Drivers/STM32H7xx_HAL_Driver/stm32h7xx_hal_rcc.o
                0x000000000800347c                HAL_RCC_GetClockConfig
 .text.HAL_RCCEx_PeriphCLKConfig
                0x0000000008003500      0xe80 ./Drivers/STM32H7xx_HAL_Driver/stm32h7xx_hal_rcc_ex.o
                0x0000000008003500                HAL_RCCEx_PeriphCLKConfig
 .text.HAL_RCCEx_GetD3PCLK1Freq
                0x0000000008004380       0x2c ./Drivers/STM32H7xx_HAL_Driver/stm32h7xx_hal_rcc_ex.o
                0x0000000008004380                HAL_RCCEx_GetD3PCLK1Freq
 .text.HAL_RCCEx_GetPLL2ClockFreq
                0x00000000080043ac      0x2a8 ./Drivers/STM32H7xx_HAL_Driver/stm32h7xx_hal_rcc_ex.o
                0x00000000080043ac                HAL_RCCEx_GetPLL2ClockFreq
 .text.HAL_RCCEx_GetPLL3ClockFreq
                0x0000000008004654      0x2a8 ./Drivers/STM32H7xx_HAL_Driver/stm32h7xx_hal_rcc_ex.o
                0x0000000008004654                HAL_RCCEx_GetPLL3ClockFreq
 .text.HAL_RCCEx_EnableBootCore
                0x00000000080048fc       0x28 ./Drivers/STM32H7xx_HAL_Driver/stm32h7xx_hal_rcc_ex.o
                0x00000000080048fc                HAL_RCCEx_EnableBootCore
 .text.RCCEx_PLL2_Config
                0x0000000008004924      0x164 ./Drivers/STM32H7xx_HAL_Driver/stm32h7xx_hal_rcc_ex.o
 .text.RCCEx_PLL3_Config
                0x0000000008004a88      0x164 ./Drivers/STM32H7xx_HAL_Driver/stm32h7xx_hal_rcc_ex.o
 .text.HAL_TIM_Base_Init
                0x0000000008004bec       0xae ./Drivers/STM32H7xx_HAL_Driver/stm32h7xx_hal_tim.o
                0x0000000008004bec                HAL_TIM_Base_Init
 .text.HAL_TIM_Base_MspInit
                0x0000000008004c9a       0x14 ./Drivers/STM32H7xx_HAL_Driver/stm32h7xx_hal_tim.o
                0x0000000008004c9a                HAL_TIM_Base_MspInit
 *fill*         0x0000000008004cae        0x2 
 .text.HAL_TIM_Base_Start_IT
                0x0000000008004cb0       0xe0 ./Drivers/STM32H7xx_HAL_Driver/stm32h7xx_hal_tim.o
                0x0000000008004cb0                HAL_TIM_Base_Start_IT
 .text.HAL_TIM_IRQHandler
                0x0000000008004d90      0x23e ./Drivers/STM32H7xx_HAL_Driver/stm32h7xx_hal_tim.o
                0x0000000008004d90                HAL_TIM_IRQHandler
 .text.HAL_TIM_OC_DelayElapsedCallback
                0x0000000008004fce       0x14 ./Drivers/STM32H7xx_HAL_Driver/stm32h7xx_hal_tim.o
                0x0000000008004fce                HAL_TIM_OC_DelayElapsedCallback
 .text.HAL_TIM_IC_CaptureCallback
                0x0000000008004fe2       0x14 ./Drivers/STM32H7xx_HAL_Driver/stm32h7xx_hal_tim.o
                0x0000000008004fe2                HAL_TIM_IC_CaptureCallback
 .text.HAL_TIM_PWM_PulseFinishedCallback
                0x0000000008004ff6       0x14 ./Drivers/STM32H7xx_HAL_Driver/stm32h7xx_hal_tim.o
                0x0000000008004ff6                HAL_TIM_PWM_PulseFinishedCallback
 .text.HAL_TIM_TriggerCallback
                0x000000000800500a       0x14 ./Drivers/STM32H7xx_HAL_Driver/stm32h7xx_hal_tim.o
                0x000000000800500a                HAL_TIM_TriggerCallback
 *fill*         0x000000000800501e        0x2 
 .text.TIM_Base_SetConfig
                0x0000000008005020      0x134 ./Drivers/STM32H7xx_HAL_Driver/stm32h7xx_hal_tim.o
                0x0000000008005020                TIM_Base_SetConfig
 .text.HAL_TIMEx_CommutCallback
                0x0000000008005154       0x14 ./Drivers/STM32H7xx_HAL_Driver/stm32h7xx_hal_tim_ex.o
                0x0000000008005154                HAL_TIMEx_CommutCallback
 .text.HAL_TIMEx_BreakCallback
                0x0000000008005168       0x14 ./Drivers/STM32H7xx_HAL_Driver/stm32h7xx_hal_tim_ex.o
                0x0000000008005168                HAL_TIMEx_BreakCallback
 .text.HAL_TIMEx_Break2Callback
                0x000000000800517c       0x14 ./Drivers/STM32H7xx_HAL_Driver/stm32h7xx_hal_tim_ex.o
                0x000000000800517c                HAL_TIMEx_Break2Callback
 .text.HAL_UART_Init
                0x0000000008005190       0xa0 ./Drivers/STM32H7xx_HAL_Driver/stm32h7xx_hal_uart.o
                0x0000000008005190                HAL_UART_Init
 .text.UART_SetConfig
                0x0000000008005230      0xac0 ./Drivers/STM32H7xx_HAL_Driver/stm32h7xx_hal_uart.o
                0x0000000008005230                UART_SetConfig
 .text.UART_AdvFeatureConfig
                0x0000000008005cf0      0x144 ./Drivers/STM32H7xx_HAL_Driver/stm32h7xx_hal_uart.o
                0x0000000008005cf0                UART_AdvFeatureConfig
 .text.UART_CheckIdleState
                0x0000000008005e34       0x96 ./Drivers/STM32H7xx_HAL_Driver/stm32h7xx_hal_uart.o
                0x0000000008005e34                UART_CheckIdleState
 .text.UART_WaitOnFlagUntilTimeout
                0x0000000008005eca      0x100 ./Drivers/STM32H7xx_HAL_Driver/stm32h7xx_hal_uart.o
                0x0000000008005eca                UART_WaitOnFlagUntilTimeout
 .text.HAL_UARTEx_DisableFifoMode
                0x0000000008005fca       0x72 ./Drivers/STM32H7xx_HAL_Driver/stm32h7xx_hal_uart_ex.o
                0x0000000008005fca                HAL_UARTEx_DisableFifoMode
 .text.HAL_UARTEx_SetTxFifoThreshold
                0x000000000800603c       0x7c ./Drivers/STM32H7xx_HAL_Driver/stm32h7xx_hal_uart_ex.o
                0x000000000800603c                HAL_UARTEx_SetTxFifoThreshold
 .text.HAL_UARTEx_SetRxFifoThreshold
                0x00000000080060b8       0x7c ./Drivers/STM32H7xx_HAL_Driver/stm32h7xx_hal_uart_ex.o
                0x00000000080060b8                HAL_UARTEx_SetRxFifoThreshold
 .text.UARTEx_SetNbDataToProcess
                0x0000000008006134       0x9c ./Drivers/STM32H7xx_HAL_Driver/stm32h7xx_hal_uart_ex.o
 .text.USB_CoreInit
                0x00000000080061d0       0xdc ./Drivers/STM32H7xx_HAL_Driver/stm32h7xx_ll_usb.o
                0x00000000080061d0                USB_CoreInit
 .text.USB_DisableGlobalInt
                0x00000000080062ac       0x22 ./Drivers/STM32H7xx_HAL_Driver/stm32h7xx_ll_usb.o
                0x00000000080062ac                USB_DisableGlobalInt
 .text.USB_SetCurrentMode
                0x00000000080062ce       0x54 ./Drivers/STM32H7xx_HAL_Driver/stm32h7xx_ll_usb.o
                0x00000000080062ce                USB_SetCurrentMode
 *fill*         0x0000000008006322        0x2 
 .text.USB_DevInit
                0x0000000008006324      0x2bc ./Drivers/STM32H7xx_HAL_Driver/stm32h7xx_ll_usb.o
                0x0000000008006324                USB_DevInit
 .text.USB_FlushTxFifo
                0x00000000080065e0       0x4c ./Drivers/STM32H7xx_HAL_Driver/stm32h7xx_ll_usb.o
                0x00000000080065e0                USB_FlushTxFifo
 .text.USB_FlushRxFifo
                0x000000000800662c       0x44 ./Drivers/STM32H7xx_HAL_Driver/stm32h7xx_ll_usb.o
                0x000000000800662c                USB_FlushRxFifo
 .text.USB_SetDevSpeed
                0x0000000008006670       0x32 ./Drivers/STM32H7xx_HAL_Driver/stm32h7xx_ll_usb.o
                0x0000000008006670                USB_SetDevSpeed
 .text.USB_DevDisconnect
                0x00000000080066a2       0x42 ./Drivers/STM32H7xx_HAL_Driver/stm32h7xx_ll_usb.o
                0x00000000080066a2                USB_DevDisconnect
 .text.USB_CoreReset
                0x00000000080066e4       0x68 ./Drivers/STM32H7xx_HAL_Driver/stm32h7xx_ll_usb.o
 .text.makeFreeRtosPriority
                0x000000000800674c       0x30 ./Middlewares/Third_Party/FreeRTOS/cmsis_os.o
 .text.osKernelStart
                0x000000000800677c        0xe ./Middlewares/Third_Party/FreeRTOS/cmsis_os.o
                0x000000000800677c                osKernelStart
 .text.osThreadCreate
                0x000000000800678a       0x98 ./Middlewares/Third_Party/FreeRTOS/cmsis_os.o
                0x000000000800678a                osThreadCreate
 .text.osDelay  0x0000000008006822       0x28 ./Middlewares/Third_Party/FreeRTOS/cmsis_os.o
                0x0000000008006822                osDelay
 *fill*         0x000000000800684a        0x2 
 .text.pvPortMalloc
                0x000000000800684c      0x198 ./Middlewares/Third_Party/FreeRTOS/heap_4.o
                0x000000000800684c                pvPortMalloc
 .text.vPortFree
                0x00000000080069e4       0xc4 ./Middlewares/Third_Party/FreeRTOS/heap_4.o
                0x00000000080069e4                vPortFree
 .text.prvHeapInit
                0x0000000008006aa8       0xc4 ./Middlewares/Third_Party/FreeRTOS/heap_4.o
 .text.prvInsertBlockIntoFreeList
                0x0000000008006b6c       0xb4 ./Middlewares/Third_Party/FreeRTOS/heap_4.o
 .text.vListInitialise
                0x0000000008006c20       0x40 ./Middlewares/Third_Party/FreeRTOS/list.o
                0x0000000008006c20                vListInitialise
 .text.vListInitialiseItem
                0x0000000008006c60       0x1a ./Middlewares/Third_Party/FreeRTOS/list.o
                0x0000000008006c60                vListInitialiseItem
 .text.vListInsertEnd
                0x0000000008006c7a       0x48 ./Middlewares/Third_Party/FreeRTOS/list.o
                0x0000000008006c7a                vListInsertEnd
 .text.vListInsert
                0x0000000008006cc2       0x72 ./Middlewares/Third_Party/FreeRTOS/list.o
                0x0000000008006cc2                vListInsert
 .text.uxListRemove
                0x0000000008006d34       0x54 ./Middlewares/Third_Party/FreeRTOS/list.o
                0x0000000008006d34                uxListRemove
 .text.pxPortInitialiseStack
                0x0000000008006d88       0x68 ./Middlewares/Third_Party/FreeRTOS/port.o
                0x0000000008006d88                pxPortInitialiseStack
 .text.prvTaskExitError
                0x0000000008006df0       0x58 ./Middlewares/Third_Party/FreeRTOS/port.o
 *fill*         0x0000000008006e48        0x8 
 .text.SVC_Handler
                0x0000000008006e50       0x28 ./Middlewares/Third_Party/FreeRTOS/port.o
                0x0000000008006e50                SVC_Handler
 .text.prvPortStartFirstTask
                0x0000000008006e78       0x28 ./Middlewares/Third_Party/FreeRTOS/port.o
 .text.xPortStartScheduler
                0x0000000008006ea0      0x144 ./Middlewares/Third_Party/FreeRTOS/port.o
                0x0000000008006ea0                xPortStartScheduler
 .text.vPortEnterCritical
                0x0000000008006fe4       0x60 ./Middlewares/Third_Party/FreeRTOS/port.o
                0x0000000008006fe4                vPortEnterCritical
 .text.vPortExitCritical
                0x0000000008007044       0x54 ./Middlewares/Third_Party/FreeRTOS/port.o
                0x0000000008007044                vPortExitCritical
 *fill*         0x0000000008007098        0x8 
 .text.PendSV_Handler
                0x00000000080070a0       0x68 ./Middlewares/Third_Party/FreeRTOS/port.o
                0x00000000080070a0                PendSV_Handler
 .text.SysTick_Handler
                0x0000000008007108       0x44 ./Middlewares/Third_Party/FreeRTOS/port.o
                0x0000000008007108                SysTick_Handler
 .text.vPortSetupTimerInterrupt
                0x000000000800714c       0x48 ./Middlewares/Third_Party/FreeRTOS/port.o
                0x000000000800714c                vPortSetupTimerInterrupt
 .text.vPortEnableVFP
                0x0000000008007194       0x14 ./Middlewares/Third_Party/FreeRTOS/port.o
 .text.xTaskCreateStatic
                0x00000000080071a8       0xba ./Middlewares/Third_Party/FreeRTOS/tasks.o
                0x00000000080071a8                xTaskCreateStatic
 .text.xTaskCreate
                0x0000000008007262       0x8a ./Middlewares/Third_Party/FreeRTOS/tasks.o
                0x0000000008007262                xTaskCreate
 .text.prvInitialiseNewTask
                0x00000000080072ec      0x10e ./Middlewares/Third_Party/FreeRTOS/tasks.o
 *fill*         0x00000000080073fa        0x2 
 .text.prvAddNewTaskToReadyList
                0x00000000080073fc       0xd4 ./Middlewares/Third_Party/FreeRTOS/tasks.o
 .text.vTaskDelay
                0x00000000080074d0       0x68 ./Middlewares/Third_Party/FreeRTOS/tasks.o
                0x00000000080074d0                vTaskDelay
 .text.vTaskStartScheduler
                0x0000000008007538       0xc0 ./Middlewares/Third_Party/FreeRTOS/tasks.o
                0x0000000008007538                vTaskStartScheduler
 .text.vTaskSuspendAll
                0x00000000080075f8       0x1c ./Middlewares/Third_Party/FreeRTOS/tasks.o
                0x00000000080075f8                vTaskSuspendAll
 .text.xTaskResumeAll
                0x0000000008007614      0x138 ./Middlewares/Third_Party/FreeRTOS/tasks.o
                0x0000000008007614                xTaskResumeAll
 .text.xTaskIncrementTick
                0x000000000800774c      0x170 ./Middlewares/Third_Party/FreeRTOS/tasks.o
                0x000000000800774c                xTaskIncrementTick
 .text.vTaskSwitchContext
                0x00000000080078bc       0xb8 ./Middlewares/Third_Party/FreeRTOS/tasks.o
                0x00000000080078bc                vTaskSwitchContext
 .text.prvIdleTask
                0x0000000008007974       0x30 ./Middlewares/Third_Party/FreeRTOS/tasks.o
 .text.prvInitialiseTaskLists
                0x00000000080079a4       0x80 ./Middlewares/Third_Party/FreeRTOS/tasks.o
 .text.prvCheckTasksWaitingTermination
                0x0000000008007a24       0x5c ./Middlewares/Third_Party/FreeRTOS/tasks.o
 .text.prvDeleteTCB
                0x0000000008007a80       0x5e ./Middlewares/Third_Party/FreeRTOS/tasks.o
 *fill*         0x0000000008007ade        0x2 
 .text.prvResetNextTaskUnblockTime
                0x0000000008007ae0       0x40 ./Middlewares/Third_Party/FreeRTOS/tasks.o
 .text.prvAddCurrentTaskToDelayedList
                0x0000000008007b20       0xcc ./Middlewares/Third_Party/FreeRTOS/tasks.o
 .text.ringbuff_init
                0x0000000008007bec       0x58 ./Middlewares/ringbuff/src/ringbuff/ringbuff.o
                0x0000000008007bec                ringbuff_init
 .text.ringbuff_is_ready
                0x0000000008007c44       0x50 ./Middlewares/ringbuff/src/ringbuff/ringbuff.o
                0x0000000008007c44                ringbuff_is_ready
 .text.ringbuff_get_full
                0x0000000008007c94       0x88 ./Middlewares/ringbuff/src/ringbuff/ringbuff.o
                0x0000000008007c94                ringbuff_get_full
 .text.ringbuff_get_linear_block_read_address
                0x0000000008007d1c       0x54 ./Middlewares/ringbuff/src/ringbuff/ringbuff.o
                0x0000000008007d1c                ringbuff_get_linear_block_read_address
 .text.ringbuff_get_linear_block_read_length
                0x0000000008007d70       0x84 ./Middlewares/ringbuff/src/ringbuff/ringbuff.o
                0x0000000008007d70                ringbuff_get_linear_block_read_length
 .text.ringbuff_skip
                0x0000000008007df4       0xa0 ./Middlewares/ringbuff/src/ringbuff/ringbuff.o
                0x0000000008007df4                ringbuff_skip
 .text.__libc_init_array
                0x0000000008007e94       0x48 /Applications/STM32CubeIDE.app/Contents/Eclipse/plugins/com.st.stm32cube.ide.mcu.externaltools.gnu-tools-for-stm32.9-2020-q2-update.macos64_2.0.0.202105311346/tools/bin/../lib/gcc/arm-none-eabi/9.3.1/../../../../arm-none-eabi/lib/thumb/v7e-m+dp/hard/libc_nano.a(lib_a-init.o)
                0x0000000008007e94                __libc_init_array
 .text.memset   0x0000000008007edc       0x10 /Applications/STM32CubeIDE.app/Contents/Eclipse/plugins/com.st.stm32cube.ide.mcu.externaltools.gnu-tools-for-stm32.9-2020-q2-update.macos64_2.0.0.202105311346/tools/bin/../lib/gcc/arm-none-eabi/9.3.1/../../../../arm-none-eabi/lib/thumb/v7e-m+dp/hard/libc_nano.a(lib_a-memset.o)
                0x0000000008007edc                memset
 *(.glue_7)
 .glue_7        0x0000000008007eec        0x0 linker stubs
 *(.glue_7t)
 .glue_7t       0x0000000008007eec        0x0 linker stubs
 *(.eh_frame)
 .eh_frame      0x0000000008007eec        0x0 /Applications/STM32CubeIDE.app/Contents/Eclipse/plugins/com.st.stm32cube.ide.mcu.externaltools.gnu-tools-for-stm32.9-2020-q2-update.macos64_2.0.0.202105311346/tools/bin/../lib/gcc/arm-none-eabi/9.3.1/thumb/v7e-m+dp/hard/crtbegin.o
 *(.init)
 .init          0x0000000008007eec        0x4 /Applications/STM32CubeIDE.app/Contents/Eclipse/plugins/com.st.stm32cube.ide.mcu.externaltools.gnu-tools-for-stm32.9-2020-q2-update.macos64_2.0.0.202105311346/tools/bin/../lib/gcc/arm-none-eabi/9.3.1/thumb/v7e-m+dp/hard/crti.o
                0x0000000008007eec                _init
 .init          0x0000000008007ef0        0x8 /Applications/STM32CubeIDE.app/Contents/Eclipse/plugins/com.st.stm32cube.ide.mcu.externaltools.gnu-tools-for-stm32.9-2020-q2-update.macos64_2.0.0.202105311346/tools/bin/../lib/gcc/arm-none-eabi/9.3.1/thumb/v7e-m+dp/hard/crtn.o
 *(.fini)
 .fini          0x0000000008007ef8        0x4 /Applications/STM32CubeIDE.app/Contents/Eclipse/plugins/com.st.stm32cube.ide.mcu.externaltools.gnu-tools-for-stm32.9-2020-q2-update.macos64_2.0.0.202105311346/tools/bin/../lib/gcc/arm-none-eabi/9.3.1/thumb/v7e-m+dp/hard/crti.o
                0x0000000008007ef8                _fini
 .fini          0x0000000008007efc        0x8 /Applications/STM32CubeIDE.app/Contents/Eclipse/plugins/com.st.stm32cube.ide.mcu.externaltools.gnu-tools-for-stm32.9-2020-q2-update.macos64_2.0.0.202105311346/tools/bin/../lib/gcc/arm-none-eabi/9.3.1/thumb/v7e-m+dp/hard/crtn.o
                0x0000000008007f04                . = ALIGN (0x4)
                0x0000000008007f04                _etext = .

.vfp11_veneer   0x0000000008007f04        0x0
 .vfp11_veneer  0x0000000008007f04        0x0 linker stubs

.v4_bx          0x0000000008007f04        0x0
 .v4_bx         0x0000000008007f04        0x0 linker stubs

.iplt           0x0000000008007f04        0x0
 .iplt          0x0000000008007f04        0x0 /Applications/STM32CubeIDE.app/Contents/Eclipse/plugins/com.st.stm32cube.ide.mcu.externaltools.gnu-tools-for-stm32.9-2020-q2-update.macos64_2.0.0.202105311346/tools/bin/../lib/gcc/arm-none-eabi/9.3.1/thumb/v7e-m+dp/hard/crtbegin.o

.rodata         0x0000000008007f04       0x98
                0x0000000008007f04                . = ALIGN (0x4)
 *(.rodata)
 .rodata        0x0000000008007f04       0x58 ./Core/Src/main.o
 .rodata        0x0000000008007f5c        0x5 ./Middlewares/Third_Party/FreeRTOS/tasks.o
 *(.rodata*)
 *fill*         0x0000000008007f61        0x3 
 .rodata.D1CorePrescTable
                0x0000000008007f64       0x10 ./Common/Src/system_stm32h7xx_dualcore_boot_cm4_cm7.o
                0x0000000008007f64                D1CorePrescTable
 .rodata.UARTPrescTable
                0x0000000008007f74       0x18 ./Drivers/STM32H7xx_HAL_Driver/stm32h7xx_hal_uart.o
                0x0000000008007f74                UARTPrescTable
 .rodata.numerator.11789
                0x0000000008007f8c        0x8 ./Drivers/STM32H7xx_HAL_Driver/stm32h7xx_hal_uart_ex.o
 .rodata.denominator.11790
                0x0000000008007f94        0x8 ./Drivers/STM32H7xx_HAL_Driver/stm32h7xx_hal_uart_ex.o
                0x0000000008007f9c                . = ALIGN (0x4)

.ARM.extab      0x0000000008007f9c        0x0
                0x0000000008007f9c                . = ALIGN (0x4)
 *(.ARM.extab* .gnu.linkonce.armextab.*)
                0x0000000008007f9c                . = ALIGN (0x4)

.ARM            0x0000000008007f9c        0x8
                0x0000000008007f9c                . = ALIGN (0x4)
                0x0000000008007f9c                __exidx_start = .
 *(.ARM.exidx*)
 .ARM.exidx     0x0000000008007f9c        0x8 /Applications/STM32CubeIDE.app/Contents/Eclipse/plugins/com.st.stm32cube.ide.mcu.externaltools.gnu-tools-for-stm32.9-2020-q2-update.macos64_2.0.0.202105311346/tools/bin/../lib/gcc/arm-none-eabi/9.3.1/thumb/v7e-m+dp/hard/libgcc.a(_udivmoddi4.o)
                0x0000000008007fa4                __exidx_end = .
                0x0000000008007fa4                . = ALIGN (0x4)

.rel.dyn        0x0000000008007fa4        0x0
 .rel.iplt      0x0000000008007fa4        0x0 /Applications/STM32CubeIDE.app/Contents/Eclipse/plugins/com.st.stm32cube.ide.mcu.externaltools.gnu-tools-for-stm32.9-2020-q2-update.macos64_2.0.0.202105311346/tools/bin/../lib/gcc/arm-none-eabi/9.3.1/thumb/v7e-m+dp/hard/crtbegin.o

.preinit_array  0x0000000008007fa4        0x0
                0x0000000008007fa4                . = ALIGN (0x4)
                0x0000000008007fa4                PROVIDE (__preinit_array_start = .)
 *(.preinit_array*)
                0x0000000008007fa4                PROVIDE (__preinit_array_end = .)
                0x0000000008007fa4                . = ALIGN (0x4)

.init_array     0x0000000008007fa4        0x4
                0x0000000008007fa4                . = ALIGN (0x4)
                0x0000000008007fa4                PROVIDE (__init_array_start = .)
 *(SORT_BY_NAME(.init_array.*))
 *(.init_array*)
 .init_array    0x0000000008007fa4        0x4 /Applications/STM32CubeIDE.app/Contents/Eclipse/plugins/com.st.stm32cube.ide.mcu.externaltools.gnu-tools-for-stm32.9-2020-q2-update.macos64_2.0.0.202105311346/tools/bin/../lib/gcc/arm-none-eabi/9.3.1/thumb/v7e-m+dp/hard/crtbegin.o
                0x0000000008007fa8                PROVIDE (__init_array_end = .)
                0x0000000008007fa8                . = ALIGN (0x4)

.fini_array     0x0000000008007fa8        0x4
                0x0000000008007fa8                . = ALIGN (0x4)
                [!provide]                        PROVIDE (__fini_array_start = .)
 *(SORT_BY_NAME(.fini_array.*))
 *(.fini_array*)
 .fini_array    0x0000000008007fa8        0x4 /Applications/STM32CubeIDE.app/Contents/Eclipse/plugins/com.st.stm32cube.ide.mcu.externaltools.gnu-tools-for-stm32.9-2020-q2-update.macos64_2.0.0.202105311346/tools/bin/../lib/gcc/arm-none-eabi/9.3.1/thumb/v7e-m+dp/hard/crtbegin.o
                [!provide]                        PROVIDE (__fini_array_end = .)
                0x0000000008007fac                . = ALIGN (0x4)
                0x0000000008007fac                _sidata = LOADADDR (.data)

.data           0x0000000024000000       0x1c load address 0x0000000008007fac
                0x0000000024000000                . = ALIGN (0x4)
                0x0000000024000000                _sdata = .
 *(.data)
 *(.data*)
 .data.SystemCoreClock
                0x0000000024000000        0x4 ./Common/Src/system_stm32h7xx_dualcore_boot_cm4_cm7.o
                0x0000000024000000                SystemCoreClock
 .data.SystemD2Clock
                0x0000000024000004        0x4 ./Common/Src/system_stm32h7xx_dualcore_boot_cm4_cm7.o
                0x0000000024000004                SystemD2Clock
 .data.bombaAire
                0x0000000024000008        0x4 ./Core/Src/main.o
                0x0000000024000008                bombaAire
 .data.valvula  0x000000002400000c        0x4 ./Core/Src/main.o
                0x000000002400000c                valvula
 .data.uwTickPrio
                0x0000000024000010        0x4 ./Drivers/STM32H7xx_HAL_Driver/stm32h7xx_hal.o
                0x0000000024000010                uwTickPrio
 .data.uwTickFreq
                0x0000000024000014        0x1 ./Drivers/STM32H7xx_HAL_Driver/stm32h7xx_hal.o
                0x0000000024000014                uwTickFreq
 *fill*         0x0000000024000015        0x3 
 .data.uxCriticalNesting
                0x0000000024000018        0x4 ./Middlewares/Third_Party/FreeRTOS/port.o
 *(.RamFunc)
 *(.RamFunc*)
                0x000000002400001c                . = ALIGN (0x4)
                0x000000002400001c                _edata = .

.igot.plt       0x000000002400001c        0x0 load address 0x0000000008007fc8
 .igot.plt      0x000000002400001c        0x0 /Applications/STM32CubeIDE.app/Contents/Eclipse/plugins/com.st.stm32cube.ide.mcu.externaltools.gnu-tools-for-stm32.9-2020-q2-update.macos64_2.0.0.202105311346/tools/bin/../lib/gcc/arm-none-eabi/9.3.1/thumb/v7e-m+dp/hard/crtbegin.o

.RxDecripSection
                0x000000002400001c       0x60 load address 0x0000000008007fc8
 .RxDecripSection
                0x000000002400001c       0x60 ./Core/Src/main.o
                0x000000002400001c                DMARxDscrTab

.TxDecripSection
                0x000000002400007c       0x60 load address 0x0000000008008028
 .TxDecripSection
                0x000000002400007c       0x60 ./Core/Src/main.o
                0x000000002400007c                DMATxDscrTab
                0x00000000240000dc                . = ALIGN (0x4)

.bss            0x00000000240000dc     0x4578 load address 0x0000000008008088
                0x00000000240000dc                _sbss = .
                0x00000000240000dc                __bss_start__ = _sbss
 *(.bss)
 .bss           0x00000000240000dc       0x1c /Applications/STM32CubeIDE.app/Contents/Eclipse/plugins/com.st.stm32cube.ide.mcu.externaltools.gnu-tools-for-stm32.9-2020-q2-update.macos64_2.0.0.202105311346/tools/bin/../lib/gcc/arm-none-eabi/9.3.1/thumb/v7e-m+dp/hard/crtbegin.o
 *(.bss*)
 .bss.xIdleTaskTCBBuffer
                0x00000000240000f8       0x54 ./Core/Src/freertos.o
 .bss.xIdleStack
                0x000000002400014c      0x200 ./Core/Src/freertos.o
 .bss.MACAddr.12855
                0x000000002400034c        0x6 ./Core/Src/main.o
 *fill*         0x0000000024000352        0x2 
 .bss.ucHeap    0x0000000024000354     0x3c00 ./Middlewares/Third_Party/FreeRTOS/heap_4.o
 .bss.xStart    0x0000000024003f54        0x8 ./Middlewares/Third_Party/FreeRTOS/heap_4.o
 .bss.pxEnd     0x0000000024003f5c        0x4 ./Middlewares/Third_Party/FreeRTOS/heap_4.o
 .bss.xFreeBytesRemaining
                0x0000000024003f60        0x4 ./Middlewares/Third_Party/FreeRTOS/heap_4.o
 .bss.xMinimumEverFreeBytesRemaining
                0x0000000024003f64        0x4 ./Middlewares/Third_Party/FreeRTOS/heap_4.o
 .bss.xNumberOfSuccessfulAllocations
                0x0000000024003f68        0x4 ./Middlewares/Third_Party/FreeRTOS/heap_4.o
 .bss.xNumberOfSuccessfulFrees
                0x0000000024003f6c        0x4 ./Middlewares/Third_Party/FreeRTOS/heap_4.o
 .bss.xBlockAllocatedBit
                0x0000000024003f70        0x4 ./Middlewares/Third_Party/FreeRTOS/heap_4.o
 .bss.ucMaxSysCallPriority
                0x0000000024003f74        0x1 ./Middlewares/Third_Party/FreeRTOS/port.o
 *fill*         0x0000000024003f75        0x3 
 .bss.ulMaxPRIGROUPValue
                0x0000000024003f78        0x4 ./Middlewares/Third_Party/FreeRTOS/port.o
 .bss.pxCurrentTCB
                0x0000000024003f7c        0x4 ./Middlewares/Third_Party/FreeRTOS/tasks.o
                0x0000000024003f7c                pxCurrentTCB
 .bss.pxReadyTasksLists
                0x0000000024003f80       0x8c ./Middlewares/Third_Party/FreeRTOS/tasks.o
 .bss.xDelayedTaskList1
                0x000000002400400c       0x14 ./Middlewares/Third_Party/FreeRTOS/tasks.o
 .bss.xDelayedTaskList2
                0x0000000024004020       0x14 ./Middlewares/Third_Party/FreeRTOS/tasks.o
 .bss.pxDelayedTaskList
                0x0000000024004034        0x4 ./Middlewares/Third_Party/FreeRTOS/tasks.o
 .bss.pxOverflowDelayedTaskList
                0x0000000024004038        0x4 ./Middlewares/Third_Party/FreeRTOS/tasks.o
 .bss.xPendingReadyList
                0x000000002400403c       0x14 ./Middlewares/Third_Party/FreeRTOS/tasks.o
 .bss.xTasksWaitingTermination
                0x0000000024004050       0x14 ./Middlewares/Third_Party/FreeRTOS/tasks.o
 .bss.uxDeletedTasksWaitingCleanUp
                0x0000000024004064        0x4 ./Middlewares/Third_Party/FreeRTOS/tasks.o
 .bss.xSuspendedTaskList
                0x0000000024004068       0x14 ./Middlewares/Third_Party/FreeRTOS/tasks.o
 .bss.uxCurrentNumberOfTasks
                0x000000002400407c        0x4 ./Middlewares/Third_Party/FreeRTOS/tasks.o
 .bss.xTickCount
                0x0000000024004080        0x4 ./Middlewares/Third_Party/FreeRTOS/tasks.o
 .bss.uxTopReadyPriority
                0x0000000024004084        0x4 ./Middlewares/Third_Party/FreeRTOS/tasks.o
 .bss.xSchedulerRunning
                0x0000000024004088        0x4 ./Middlewares/Third_Party/FreeRTOS/tasks.o
 .bss.xPendedTicks
                0x000000002400408c        0x4 ./Middlewares/Third_Party/FreeRTOS/tasks.o
 .bss.xYieldPending
                0x0000000024004090        0x4 ./Middlewares/Third_Party/FreeRTOS/tasks.o
 .bss.xNumOfOverflows
                0x0000000024004094        0x4 ./Middlewares/Third_Party/FreeRTOS/tasks.o
 .bss.uxTaskNumber
                0x0000000024004098        0x4 ./Middlewares/Third_Party/FreeRTOS/tasks.o
 .bss.xNextTaskUnblockTime
                0x000000002400409c        0x4 ./Middlewares/Third_Party/FreeRTOS/tasks.o
 .bss.xIdleTaskHandle
                0x00000000240040a0        0x4 ./Middlewares/Third_Party/FreeRTOS/tasks.o
 .bss.uxSchedulerSuspended
                0x00000000240040a4        0x4 ./Middlewares/Third_Party/FreeRTOS/tasks.o
 *(COMMON)
 COMMON         0x00000000240040a8      0x55c ./Core/Src/main.o
                0x00000000240040a8                huart3
                0x0000000024004138                hpcd_USB_OTG_FS
                0x0000000024004540                valvulaControlHandle
                0x0000000024004544                bombaControlHandle
                0x0000000024004548                heth
                0x00000000240045d0                TxConfig
 COMMON         0x0000000024004604       0x4c ./Core/Src/stm32h7xx_hal_timebase_tim.o
                0x0000000024004604                htim1
 COMMON         0x0000000024004650        0x4 ./Drivers/STM32H7xx_HAL_Driver/stm32h7xx_hal.o
                0x0000000024004650                uwTick
                0x0000000024004654                . = ALIGN (0x4)
                0x0000000024004654                _ebss = .
                0x0000000024004654                __bss_end__ = _ebss

._user_heap_stack
                0x0000000024004654      0x604 load address 0x0000000008008088
                0x0000000024004658                . = ALIGN (0x8)
 *fill*         0x0000000024004654        0x4 
                [!provide]                        PROVIDE (end = .)
                0x0000000024004658                PROVIDE (_end = .)
                0x0000000024004858                . = (. + _Min_Heap_Size)
 *fill*         0x0000000024004658      0x200 
                0x0000000024004c58                . = (. + _Min_Stack_Size)
 *fill*         0x0000000024004858      0x400 
                0x0000000024004c58                . = ALIGN (0x8)

/DISCARD/
 libc.a(*)
 libm.a(*)
 libgcc.a(*)

.ARM.attributes
                0x0000000000000000       0x2e
 *(.ARM.attributes)
 .ARM.attributes
                0x0000000000000000       0x1e /Applications/STM32CubeIDE.app/Contents/Eclipse/plugins/com.st.stm32cube.ide.mcu.externaltools.gnu-tools-for-stm32.9-2020-q2-update.macos64_2.0.0.202105311346/tools/bin/../lib/gcc/arm-none-eabi/9.3.1/thumb/v7e-m+dp/hard/crti.o
 .ARM.attributes
                0x000000000000001e       0x32 /Applications/STM32CubeIDE.app/Contents/Eclipse/plugins/com.st.stm32cube.ide.mcu.externaltools.gnu-tools-for-stm32.9-2020-q2-update.macos64_2.0.0.202105311346/tools/bin/../lib/gcc/arm-none-eabi/9.3.1/thumb/v7e-m+dp/hard/crtbegin.o
 .ARM.attributes
                0x0000000000000050       0x32 ./Common/Src/system_stm32h7xx_dualcore_boot_cm4_cm7.o
 .ARM.attributes
                0x0000000000000082       0x32 ./Core/Src/freertos.o
 .ARM.attributes
                0x00000000000000b4       0x32 ./Core/Src/main.o
 .ARM.attributes
                0x00000000000000e6       0x32 ./Core/Src/stm32h7xx_hal_msp.o
 .ARM.attributes
                0x0000000000000118       0x32 ./Core/Src/stm32h7xx_hal_timebase_tim.o
 .ARM.attributes
                0x000000000000014a       0x32 ./Core/Src/stm32h7xx_it.o
 .ARM.attributes
                0x000000000000017c       0x21 ./Core/Startup/startup_stm32h745zitx.o
 .ARM.attributes
                0x000000000000019d       0x32 ./Drivers/STM32H7xx_HAL_Driver/stm32h7xx_hal.o
 .ARM.attributes
                0x00000000000001cf       0x32 ./Drivers/STM32H7xx_HAL_Driver/stm32h7xx_hal_cortex.o
 .ARM.attributes
                0x0000000000000201       0x32 ./Drivers/STM32H7xx_HAL_Driver/stm32h7xx_hal_eth.o
 .ARM.attributes
                0x0000000000000233       0x32 ./Drivers/STM32H7xx_HAL_Driver/stm32h7xx_hal_gpio.o
 .ARM.attributes
                0x0000000000000265       0x32 ./Drivers/STM32H7xx_HAL_Driver/stm32h7xx_hal_hsem.o
 .ARM.attributes
                0x0000000000000297       0x32 ./Drivers/STM32H7xx_HAL_Driver/stm32h7xx_hal_pcd.o
 .ARM.attributes
                0x00000000000002c9       0x32 ./Drivers/STM32H7xx_HAL_Driver/stm32h7xx_hal_pcd_ex.o
 .ARM.attributes
                0x00000000000002fb       0x32 ./Drivers/STM32H7xx_HAL_Driver/stm32h7xx_hal_pwr_ex.o
 .ARM.attributes
                0x000000000000032d       0x32 ./Drivers/STM32H7xx_HAL_Driver/stm32h7xx_hal_rcc.o
 .ARM.attributes
                0x000000000000035f       0x32 ./Drivers/STM32H7xx_HAL_Driver/stm32h7xx_hal_rcc_ex.o
 .ARM.attributes
                0x0000000000000391       0x32 ./Drivers/STM32H7xx_HAL_Driver/stm32h7xx_hal_tim.o
 .ARM.attributes
                0x00000000000003c3       0x32 ./Drivers/STM32H7xx_HAL_Driver/stm32h7xx_hal_tim_ex.o
 .ARM.attributes
                0x00000000000003f5       0x32 ./Drivers/STM32H7xx_HAL_Driver/stm32h7xx_hal_uart.o
 .ARM.attributes
                0x0000000000000427       0x32 ./Drivers/STM32H7xx_HAL_Driver/stm32h7xx_hal_uart_ex.o
 .ARM.attributes
                0x0000000000000459       0x32 ./Drivers/STM32H7xx_HAL_Driver/stm32h7xx_ll_usb.o
 .ARM.attributes
                0x000000000000048b       0x32 ./Middlewares/Third_Party/FreeRTOS/cmsis_os.o
 .ARM.attributes
                0x00000000000004bd       0x32 ./Middlewares/Third_Party/FreeRTOS/heap_4.o
 .ARM.attributes
                0x00000000000004ef       0x32 ./Middlewares/Third_Party/FreeRTOS/list.o
 .ARM.attributes
                0x0000000000000521       0x32 ./Middlewares/Third_Party/FreeRTOS/port.o
 .ARM.attributes
                0x0000000000000553       0x32 ./Middlewares/Third_Party/FreeRTOS/tasks.o
 .ARM.attributes
                0x0000000000000585       0x32 ./Middlewares/ringbuff/src/ringbuff/ringbuff.o
 .ARM.attributes
                0x00000000000005b7       0x32 /Applications/STM32CubeIDE.app/Contents/Eclipse/plugins/com.st.stm32cube.ide.mcu.externaltools.gnu-tools-for-stm32.9-2020-q2-update.macos64_2.0.0.202105311346/tools/bin/../lib/gcc/arm-none-eabi/9.3.1/../../../../arm-none-eabi/lib/thumb/v7e-m+dp/hard/libc_nano.a(lib_a-init.o)
 .ARM.attributes
                0x00000000000005e9       0x32 /Applications/STM32CubeIDE.app/Contents/Eclipse/plugins/com.st.stm32cube.ide.mcu.externaltools.gnu-tools-for-stm32.9-2020-q2-update.macos64_2.0.0.202105311346/tools/bin/../lib/gcc/arm-none-eabi/9.3.1/../../../../arm-none-eabi/lib/thumb/v7e-m+dp/hard/libc_nano.a(lib_a-memset.o)
 .ARM.attributes
                0x000000000000061b       0x1e /Applications/STM32CubeIDE.app/Contents/Eclipse/plugins/com.st.stm32cube.ide.mcu.externaltools.gnu-tools-for-stm32.9-2020-q2-update.macos64_2.0.0.202105311346/tools/bin/../lib/gcc/arm-none-eabi/9.3.1/thumb/v7e-m+dp/hard/libgcc.a(_aeabi_uldivmod.o)
 .ARM.attributes
                0x0000000000000639       0x32 /Applications/STM32CubeIDE.app/Contents/Eclipse/plugins/com.st.stm32cube.ide.mcu.externaltools.gnu-tools-for-stm32.9-2020-q2-update.macos64_2.0.0.202105311346/tools/bin/../lib/gcc/arm-none-eabi/9.3.1/thumb/v7e-m+dp/hard/libgcc.a(_udivmoddi4.o)
 .ARM.attributes
                0x000000000000066b       0x1e /Applications/STM32CubeIDE.app/Contents/Eclipse/plugins/com.st.stm32cube.ide.mcu.externaltools.gnu-tools-for-stm32.9-2020-q2-update.macos64_2.0.0.202105311346/tools/bin/../lib/gcc/arm-none-eabi/9.3.1/thumb/v7e-m+dp/hard/libgcc.a(_dvmd_tls.o)
 .ARM.attributes
                0x0000000000000689       0x1e /Applications/STM32CubeIDE.app/Contents/Eclipse/plugins/com.st.stm32cube.ide.mcu.externaltools.gnu-tools-for-stm32.9-2020-q2-update.macos64_2.0.0.202105311346/tools/bin/../lib/gcc/arm-none-eabi/9.3.1/thumb/v7e-m+dp/hard/crtn.o
OUTPUT(ProyectoFinal_CM7.elf elf32-littlearm)
LOAD linker stubs
LOAD /Applications/STM32CubeIDE.app/Contents/Eclipse/plugins/com.st.stm32cube.ide.mcu.externaltools.gnu-tools-for-stm32.9-2020-q2-update.macos64_2.0.0.202105311346/tools/bin/../lib/gcc/arm-none-eabi/9.3.1/../../../../arm-none-eabi/lib/thumb/v7e-m+dp/hard/libc.a
LOAD /Applications/STM32CubeIDE.app/Contents/Eclipse/plugins/com.st.stm32cube.ide.mcu.externaltools.gnu-tools-for-stm32.9-2020-q2-update.macos64_2.0.0.202105311346/tools/bin/../lib/gcc/arm-none-eabi/9.3.1/../../../../arm-none-eabi/lib/thumb/v7e-m+dp/hard/libm.a
LOAD /Applications/STM32CubeIDE.app/Contents/Eclipse/plugins/com.st.stm32cube.ide.mcu.externaltools.gnu-tools-for-stm32.9-2020-q2-update.macos64_2.0.0.202105311346/tools/bin/../lib/gcc/arm-none-eabi/9.3.1/thumb/v7e-m+dp/hard/libgcc.a

.debug_info     0x0000000000000000    0x30c32
 .debug_info    0x0000000000000000     0x184a ./Common/Src/system_stm32h7xx_dualcore_boot_cm4_cm7.o
 .debug_info    0x000000000000184a      0xd4b ./Core/Src/freertos.o
 .debug_info    0x0000000000002595     0x39ce ./Core/Src/main.o
 .debug_info    0x0000000000005f63     0x3213 ./Core/Src/stm32h7xx_hal_msp.o
 .debug_info    0x0000000000009176     0x1b06 ./Core/Src/stm32h7xx_hal_timebase_tim.o
 .debug_info    0x000000000000ac7c     0x12ba ./Core/Src/stm32h7xx_it.o
 .debug_info    0x000000000000bf36       0x22 ./Core/Startup/startup_stm32h745zitx.o
 .debug_info    0x000000000000bf58     0x21ec ./Drivers/STM32H7xx_HAL_Driver/stm32h7xx_hal.o
 .debug_info    0x000000000000e144     0x1c31 ./Drivers/STM32H7xx_HAL_Driver/stm32h7xx_hal_cortex.o
 .debug_info    0x000000000000fd75     0x3294 ./Drivers/STM32H7xx_HAL_Driver/stm32h7xx_hal_eth.o
 .debug_info    0x0000000000013009     0x189e ./Drivers/STM32H7xx_HAL_Driver/stm32h7xx_hal_gpio.o
 .debug_info    0x00000000000148a7      0xed3 ./Drivers/STM32H7xx_HAL_Driver/stm32h7xx_hal_hsem.o
 .debug_info    0x000000000001577a     0x1c76 ./Drivers/STM32H7xx_HAL_Driver/stm32h7xx_hal_pcd.o
 .debug_info    0x00000000000173f0     0x1333 ./Drivers/STM32H7xx_HAL_Driver/stm32h7xx_hal_pcd_ex.o
 .debug_info    0x0000000000018723     0x1d5d ./Drivers/STM32H7xx_HAL_Driver/stm32h7xx_hal_pwr_ex.o
 .debug_info    0x000000000001a480     0x194f ./Drivers/STM32H7xx_HAL_Driver/stm32h7xx_hal_rcc.o
 .debug_info    0x000000000001bdcf     0x1de1 ./Drivers/STM32H7xx_HAL_Driver/stm32h7xx_hal_rcc_ex.o
 .debug_info    0x000000000001dbb0     0x3639 ./Drivers/STM32H7xx_HAL_Driver/stm32h7xx_hal_tim.o
 .debug_info    0x00000000000211e9     0x21cf ./Drivers/STM32H7xx_HAL_Driver/stm32h7xx_hal_tim_ex.o
 .debug_info    0x00000000000233b8     0x2937 ./Drivers/STM32H7xx_HAL_Driver/stm32h7xx_hal_uart.o
 .debug_info    0x0000000000025cef     0x178e ./Drivers/STM32H7xx_HAL_Driver/stm32h7xx_hal_uart_ex.o
 .debug_info    0x000000000002747d     0x2509 ./Drivers/STM32H7xx_HAL_Driver/stm32h7xx_ll_usb.o
 .debug_info    0x0000000000029986     0x203c ./Middlewares/Third_Party/FreeRTOS/cmsis_os.o
 .debug_info    0x000000000002b9c2      0xd8a ./Middlewares/Third_Party/FreeRTOS/heap_4.o
 .debug_info    0x000000000002c74c      0xb82 ./Middlewares/Third_Party/FreeRTOS/list.o
 .debug_info    0x000000000002d2ce      0x4f1 ./Middlewares/Third_Party/FreeRTOS/port.o
 .debug_info    0x000000000002d7bf     0x2575 ./Middlewares/Third_Party/FreeRTOS/tasks.o
 .debug_info    0x000000000002fd34      0xefe ./Middlewares/ringbuff/src/ringbuff/ringbuff.o

.debug_abbrev   0x0000000000000000     0x4f09
 .debug_abbrev  0x0000000000000000      0x262 ./Common/Src/system_stm32h7xx_dualcore_boot_cm4_cm7.o
 .debug_abbrev  0x0000000000000262      0x1f9 ./Core/Src/freertos.o
 .debug_abbrev  0x000000000000045b      0x365 ./Core/Src/main.o
 .debug_abbrev  0x00000000000007c0      0x2b6 ./Core/Src/stm32h7xx_hal_msp.o
 .debug_abbrev  0x0000000000000a76      0x271 ./Core/Src/stm32h7xx_hal_timebase_tim.o
 .debug_abbrev  0x0000000000000ce7      0x211 ./Core/Src/stm32h7xx_it.o
 .debug_abbrev  0x0000000000000ef8       0x12 ./Core/Startup/startup_stm32h745zitx.o
 .debug_abbrev  0x0000000000000f0a      0x31b ./Drivers/STM32H7xx_HAL_Driver/stm32h7xx_hal.o
 .debug_abbrev  0x0000000000001225      0x409 ./Drivers/STM32H7xx_HAL_Driver/stm32h7xx_hal_cortex.o
 .debug_abbrev  0x000000000000162e      0x328 ./Drivers/STM32H7xx_HAL_Driver/stm32h7xx_hal_eth.o
 .debug_abbrev  0x0000000000001956      0x2cb ./Drivers/STM32H7xx_HAL_Driver/stm32h7xx_hal_gpio.o
 .debug_abbrev  0x0000000000001c21      0x2e9 ./Drivers/STM32H7xx_HAL_Driver/stm32h7xx_hal_hsem.o
 .debug_abbrev  0x0000000000001f0a      0x33a ./Drivers/STM32H7xx_HAL_Driver/stm32h7xx_hal_pcd.o
 .debug_abbrev  0x0000000000002244      0x2e0 ./Drivers/STM32H7xx_HAL_Driver/stm32h7xx_hal_pcd_ex.o
 .debug_abbrev  0x0000000000002524      0x37d ./Drivers/STM32H7xx_HAL_Driver/stm32h7xx_hal_pwr_ex.o
 .debug_abbrev  0x00000000000028a1      0x322 ./Drivers/STM32H7xx_HAL_Driver/stm32h7xx_hal_rcc.o
 .debug_abbrev  0x0000000000002bc3      0x31d ./Drivers/STM32H7xx_HAL_Driver/stm32h7xx_hal_rcc_ex.o
 .debug_abbrev  0x0000000000002ee0      0x2f9 ./Drivers/STM32H7xx_HAL_Driver/stm32h7xx_hal_tim.o
 .debug_abbrev  0x00000000000031d9      0x301 ./Drivers/STM32H7xx_HAL_Driver/stm32h7xx_hal_tim_ex.o
 .debug_abbrev  0x00000000000034da      0x309 ./Drivers/STM32H7xx_HAL_Driver/stm32h7xx_hal_uart.o
 .debug_abbrev  0x00000000000037e3      0x2a5 ./Drivers/STM32H7xx_HAL_Driver/stm32h7xx_hal_uart_ex.o
 .debug_abbrev  0x0000000000003a88      0x352 ./Drivers/STM32H7xx_HAL_Driver/stm32h7xx_ll_usb.o
 .debug_abbrev  0x0000000000003dda      0x3d1 ./Middlewares/Third_Party/FreeRTOS/cmsis_os.o
 .debug_abbrev  0x00000000000041ab      0x2d3 ./Middlewares/Third_Party/FreeRTOS/heap_4.o
 .debug_abbrev  0x000000000000447e      0x1f7 ./Middlewares/Third_Party/FreeRTOS/list.o
 .debug_abbrev  0x0000000000004675      0x231 ./Middlewares/Third_Party/FreeRTOS/port.o
 .debug_abbrev  0x00000000000048a6      0x380 ./Middlewares/Third_Party/FreeRTOS/tasks.o
 .debug_abbrev  0x0000000000004c26      0x2e3 ./Middlewares/ringbuff/src/ringbuff/ringbuff.o

.debug_aranges  0x0000000000000000     0x1af0
 .debug_aranges
                0x0000000000000000       0x28 ./Common/Src/system_stm32h7xx_dualcore_boot_cm4_cm7.o
 .debug_aranges
                0x0000000000000028       0x20 ./Core/Src/freertos.o
 .debug_aranges
                0x0000000000000048       0x68 ./Core/Src/main.o
 .debug_aranges
                0x00000000000000b0       0x50 ./Core/Src/stm32h7xx_hal_msp.o
 .debug_aranges
                0x0000000000000100       0x30 ./Core/Src/stm32h7xx_hal_timebase_tim.o
 .debug_aranges
                0x0000000000000130       0x50 ./Core/Src/stm32h7xx_it.o
 .debug_aranges
                0x0000000000000180       0x28 ./Core/Startup/startup_stm32h745zitx.o
 .debug_aranges
                0x00000000000001a8      0x200 ./Drivers/STM32H7xx_HAL_Driver/stm32h7xx_hal.o
 .debug_aranges
                0x00000000000003a8      0x120 ./Drivers/STM32H7xx_HAL_Driver/stm32h7xx_hal_cortex.o
 .debug_aranges
                0x00000000000004c8      0x1b0 ./Drivers/STM32H7xx_HAL_Driver/stm32h7xx_hal_eth.o
 .debug_aranges
                0x0000000000000678       0x58 ./Drivers/STM32H7xx_HAL_Driver/stm32h7xx_hal_gpio.o
 .debug_aranges
                0x00000000000006d0       0x70 ./Drivers/STM32H7xx_HAL_Driver/stm32h7xx_hal_hsem.o
 .debug_aranges
                0x0000000000000740      0x130 ./Drivers/STM32H7xx_HAL_Driver/stm32h7xx_hal_pcd.o
 .debug_aranges
                0x0000000000000870       0x60 ./Drivers/STM32H7xx_HAL_Driver/stm32h7xx_hal_pcd_ex.o
 .debug_aranges
                0x00000000000008d0      0x170 ./Drivers/STM32H7xx_HAL_Driver/stm32h7xx_hal_pwr_ex.o
 .debug_aranges
                0x0000000000000a40       0x88 ./Drivers/STM32H7xx_HAL_Driver/stm32h7xx_hal_rcc.o
 .debug_aranges
                0x0000000000000ac8      0x100 ./Drivers/STM32H7xx_HAL_Driver/stm32h7xx_hal_rcc_ex.o
 .debug_aranges
                0x0000000000000bc8      0x3e0 ./Drivers/STM32H7xx_HAL_Driver/stm32h7xx_hal_tim.o
 .debug_aranges
                0x0000000000000fa8      0x188 ./Drivers/STM32H7xx_HAL_Driver/stm32h7xx_hal_tim_ex.o
 .debug_aranges
                0x0000000000001130      0x248 ./Drivers/STM32H7xx_HAL_Driver/stm32h7xx_hal_uart.o
 .debug_aranges
                0x0000000000001378       0xa0 ./Drivers/STM32H7xx_HAL_Driver/stm32h7xx_hal_uart_ex.o
 .debug_aranges
                0x0000000000001418      0x198 ./Drivers/STM32H7xx_HAL_Driver/stm32h7xx_ll_usb.o
 .debug_aranges
                0x00000000000015b0      0x1d8 ./Middlewares/Third_Party/FreeRTOS/cmsis_os.o
 .debug_aranges
                0x0000000000001788       0x58 ./Middlewares/Third_Party/FreeRTOS/heap_4.o
 .debug_aranges
                0x00000000000017e0       0x40 ./Middlewares/Third_Party/FreeRTOS/list.o
 .debug_aranges
                0x0000000000001820       0x80 ./Middlewares/Third_Party/FreeRTOS/port.o
 .debug_aranges
                0x00000000000018a0      0x1b8 ./Middlewares/Third_Party/FreeRTOS/tasks.o
 .debug_aranges
                0x0000000000001a58       0x98 ./Middlewares/ringbuff/src/ringbuff/ringbuff.o

.debug_ranges   0x0000000000000000     0x1968
 .debug_ranges  0x0000000000000000       0x18 ./Common/Src/system_stm32h7xx_dualcore_boot_cm4_cm7.o
 .debug_ranges  0x0000000000000018       0x10 ./Core/Src/freertos.o
 .debug_ranges  0x0000000000000028       0x58 ./Core/Src/main.o
 .debug_ranges  0x0000000000000080       0x40 ./Core/Src/stm32h7xx_hal_msp.o
 .debug_ranges  0x00000000000000c0       0x20 ./Core/Src/stm32h7xx_hal_timebase_tim.o
 .debug_ranges  0x00000000000000e0       0x40 ./Core/Src/stm32h7xx_it.o
 .debug_ranges  0x0000000000000120       0x20 ./Core/Startup/startup_stm32h745zitx.o
 .debug_ranges  0x0000000000000140      0x1f0 ./Drivers/STM32H7xx_HAL_Driver/stm32h7xx_hal.o
 .debug_ranges  0x0000000000000330      0x110 ./Drivers/STM32H7xx_HAL_Driver/stm32h7xx_hal_cortex.o
 .debug_ranges  0x0000000000000440      0x1a0 ./Drivers/STM32H7xx_HAL_Driver/stm32h7xx_hal_eth.o
 .debug_ranges  0x00000000000005e0       0x48 ./Drivers/STM32H7xx_HAL_Driver/stm32h7xx_hal_gpio.o
 .debug_ranges  0x0000000000000628       0x60 ./Drivers/STM32H7xx_HAL_Driver/stm32h7xx_hal_hsem.o
 .debug_ranges  0x0000000000000688      0x120 ./Drivers/STM32H7xx_HAL_Driver/stm32h7xx_hal_pcd.o
 .debug_ranges  0x00000000000007a8       0x50 ./Drivers/STM32H7xx_HAL_Driver/stm32h7xx_hal_pcd_ex.o
 .debug_ranges  0x00000000000007f8      0x160 ./Drivers/STM32H7xx_HAL_Driver/stm32h7xx_hal_pwr_ex.o
 .debug_ranges  0x0000000000000958       0x78 ./Drivers/STM32H7xx_HAL_Driver/stm32h7xx_hal_rcc.o
 .debug_ranges  0x00000000000009d0       0xf0 ./Drivers/STM32H7xx_HAL_Driver/stm32h7xx_hal_rcc_ex.o
 .debug_ranges  0x0000000000000ac0      0x3d0 ./Drivers/STM32H7xx_HAL_Driver/stm32h7xx_hal_tim.o
 .debug_ranges  0x0000000000000e90      0x178 ./Drivers/STM32H7xx_HAL_Driver/stm32h7xx_hal_tim_ex.o
 .debug_ranges  0x0000000000001008      0x268 ./Drivers/STM32H7xx_HAL_Driver/stm32h7xx_hal_uart.o
 .debug_ranges  0x0000000000001270       0x90 ./Drivers/STM32H7xx_HAL_Driver/stm32h7xx_hal_uart_ex.o
 .debug_ranges  0x0000000000001300      0x188 ./Drivers/STM32H7xx_HAL_Driver/stm32h7xx_ll_usb.o
 .debug_ranges  0x0000000000001488      0x1c8 ./Middlewares/Third_Party/FreeRTOS/cmsis_os.o
 .debug_ranges  0x0000000000001650       0x48 ./Middlewares/Third_Party/FreeRTOS/heap_4.o
 .debug_ranges  0x0000000000001698       0x30 ./Middlewares/Third_Party/FreeRTOS/list.o
 .debug_ranges  0x00000000000016c8       0x70 ./Middlewares/Third_Party/FreeRTOS/port.o
 .debug_ranges  0x0000000000001738      0x1a8 ./Middlewares/Third_Party/FreeRTOS/tasks.o
 .debug_ranges  0x00000000000018e0       0x88 ./Middlewares/ringbuff/src/ringbuff/ringbuff.o

.debug_macro    0x0000000000000000    0x3d2b1
 .debug_macro   0x0000000000000000      0x2e6 ./Common/Src/system_stm32h7xx_dualcore_boot_cm4_cm7.o
 .debug_macro   0x00000000000002e6      0xac6 ./Common/Src/system_stm32h7xx_dualcore_boot_cm4_cm7.o
 .debug_macro   0x0000000000000dac       0x2e ./Common/Src/system_stm32h7xx_dualcore_boot_cm4_cm7.o
 .debug_macro   0x0000000000000dda       0x49 ./Common/Src/system_stm32h7xx_dualcore_boot_cm4_cm7.o
 .debug_macro   0x0000000000000e23       0x22 ./Common/Src/system_stm32h7xx_dualcore_boot_cm4_cm7.o
 .debug_macro   0x0000000000000e45       0x8e ./Common/Src/system_stm32h7xx_dualcore_boot_cm4_cm7.o
 .debug_macro   0x0000000000000ed3       0x51 ./Common/Src/system_stm32h7xx_dualcore_boot_cm4_cm7.o
 .debug_macro   0x0000000000000f24      0x103 ./Common/Src/system_stm32h7xx_dualcore_boot_cm4_cm7.o
 .debug_macro   0x0000000000001027       0x6a ./Common/Src/system_stm32h7xx_dualcore_boot_cm4_cm7.o
 .debug_macro   0x0000000000001091      0x1df ./Common/Src/system_stm32h7xx_dualcore_boot_cm4_cm7.o
 .debug_macro   0x0000000000001270       0x1c ./Common/Src/system_stm32h7xx_dualcore_boot_cm4_cm7.o
 .debug_macro   0x000000000000128c       0x22 ./Common/Src/system_stm32h7xx_dualcore_boot_cm4_cm7.o
 .debug_macro   0x00000000000012ae      0x101 ./Common/Src/system_stm32h7xx_dualcore_boot_cm4_cm7.o
 .debug_macro   0x00000000000013af     0x1305 ./Common/Src/system_stm32h7xx_dualcore_boot_cm4_cm7.o
 .debug_macro   0x00000000000026b4      0x11f ./Common/Src/system_stm32h7xx_dualcore_boot_cm4_cm7.o
 .debug_macro   0x00000000000027d3       0x27 ./Common/Src/system_stm32h7xx_dualcore_boot_cm4_cm7.o
 .debug_macro   0x00000000000027fa    0x26895 ./Common/Src/system_stm32h7xx_dualcore_boot_cm4_cm7.o
 .debug_macro   0x000000000002908f       0x43 ./Common/Src/system_stm32h7xx_dualcore_boot_cm4_cm7.o
 .debug_macro   0x00000000000290d2      0x244 ./Common/Src/system_stm32h7xx_dualcore_boot_cm4_cm7.o
 .debug_macro   0x0000000000029316     0x3cd3 ./Common/Src/system_stm32h7xx_dualcore_boot_cm4_cm7.o
 .debug_macro   0x000000000002cfe9      0x174 ./Common/Src/system_stm32h7xx_dualcore_boot_cm4_cm7.o
 .debug_macro   0x000000000002d15d       0x52 ./Common/Src/system_stm32h7xx_dualcore_boot_cm4_cm7.o
 .debug_macro   0x000000000002d1af       0x17 ./Common/Src/system_stm32h7xx_dualcore_boot_cm4_cm7.o
 .debug_macro   0x000000000002d1c6       0x3c ./Common/Src/system_stm32h7xx_dualcore_boot_cm4_cm7.o
 .debug_macro   0x000000000002d202       0x34 ./Common/Src/system_stm32h7xx_dualcore_boot_cm4_cm7.o
 .debug_macro   0x000000000002d236       0x16 ./Common/Src/system_stm32h7xx_dualcore_boot_cm4_cm7.o
 .debug_macro   0x000000000002d24c       0x43 ./Common/Src/system_stm32h7xx_dualcore_boot_cm4_cm7.o
 .debug_macro   0x000000000002d28f       0x34 ./Common/Src/system_stm32h7xx_dualcore_boot_cm4_cm7.o
 .debug_macro   0x000000000002d2c3       0x10 ./Common/Src/system_stm32h7xx_dualcore_boot_cm4_cm7.o
 .debug_macro   0x000000000002d2d3       0x58 ./Common/Src/system_stm32h7xx_dualcore_boot_cm4_cm7.o
 .debug_macro   0x000000000002d32b       0x71 ./Common/Src/system_stm32h7xx_dualcore_boot_cm4_cm7.o
 .debug_macro   0x000000000002d39c       0x1c ./Common/Src/system_stm32h7xx_dualcore_boot_cm4_cm7.o
 .debug_macro   0x000000000002d3b8      0x12a ./Common/Src/system_stm32h7xx_dualcore_boot_cm4_cm7.o
 .debug_macro   0x000000000002d4e2      0x333 ./Common/Src/system_stm32h7xx_dualcore_boot_cm4_cm7.o
 .debug_macro   0x000000000002d815      0x1a9 ./Common/Src/system_stm32h7xx_dualcore_boot_cm4_cm7.o
 .debug_macro   0x000000000002d9be       0x5d ./Common/Src/system_stm32h7xx_dualcore_boot_cm4_cm7.o
 .debug_macro   0x000000000002da1b     0x3a9d ./Common/Src/system_stm32h7xx_dualcore_boot_cm4_cm7.o
 .debug_macro   0x00000000000314b8     0x1048 ./Common/Src/system_stm32h7xx_dualcore_boot_cm4_cm7.o
 .debug_macro   0x0000000000032500      0x14d ./Common/Src/system_stm32h7xx_dualcore_boot_cm4_cm7.o
 .debug_macro   0x000000000003264d      0x133 ./Common/Src/system_stm32h7xx_dualcore_boot_cm4_cm7.o
 .debug_macro   0x0000000000032780      0x3be ./Common/Src/system_stm32h7xx_dualcore_boot_cm4_cm7.o
 .debug_macro   0x0000000000032b3e       0x27 ./Common/Src/system_stm32h7xx_dualcore_boot_cm4_cm7.o
 .debug_macro   0x0000000000032b65      0x72d ./Common/Src/system_stm32h7xx_dualcore_boot_cm4_cm7.o
 .debug_macro   0x0000000000033292      0x229 ./Common/Src/system_stm32h7xx_dualcore_boot_cm4_cm7.o
 .debug_macro   0x00000000000334bb       0x66 ./Common/Src/system_stm32h7xx_dualcore_boot_cm4_cm7.o
 .debug_macro   0x0000000000033521      0x3bb ./Common/Src/system_stm32h7xx_dualcore_boot_cm4_cm7.o
 .debug_macro   0x00000000000338dc      0xa6e ./Common/Src/system_stm32h7xx_dualcore_boot_cm4_cm7.o
 .debug_macro   0x000000000003434a      0x129 ./Common/Src/system_stm32h7xx_dualcore_boot_cm4_cm7.o
 .debug_macro   0x0000000000034473      0x408 ./Common/Src/system_stm32h7xx_dualcore_boot_cm4_cm7.o
 .debug_macro   0x000000000003487b      0x27c ./Common/Src/system_stm32h7xx_dualcore_boot_cm4_cm7.o
 .debug_macro   0x0000000000034af7      0x3cb ./Common/Src/system_stm32h7xx_dualcore_boot_cm4_cm7.o
 .debug_macro   0x0000000000034ec2      0x4a2 ./Common/Src/system_stm32h7xx_dualcore_boot_cm4_cm7.o
 .debug_macro   0x0000000000035364       0x51 ./Common/Src/system_stm32h7xx_dualcore_boot_cm4_cm7.o
 .debug_macro   0x00000000000353b5       0x4a ./Common/Src/system_stm32h7xx_dualcore_boot_cm4_cm7.o
 .debug_macro   0x00000000000353ff      0x22c ./Common/Src/system_stm32h7xx_dualcore_boot_cm4_cm7.o
 .debug_macro   0x000000000003562b       0x67 ./Common/Src/system_stm32h7xx_dualcore_boot_cm4_cm7.o
 .debug_macro   0x0000000000035692       0xa5 ./Common/Src/system_stm32h7xx_dualcore_boot_cm4_cm7.o
 .debug_macro   0x0000000000035737      0x219 ./Common/Src/system_stm32h7xx_dualcore_boot_cm4_cm7.o
 .debug_macro   0x0000000000035950      0x2eb ./Common/Src/system_stm32h7xx_dualcore_boot_cm4_cm7.o
 .debug_macro   0x0000000000035c3b       0x35 ./Common/Src/system_stm32h7xx_dualcore_boot_cm4_cm7.o
 .debug_macro   0x0000000000035c70      0xad7 ./Common/Src/system_stm32h7xx_dualcore_boot_cm4_cm7.o
 .debug_macro   0x0000000000036747      0x2a0 ./Common/Src/system_stm32h7xx_dualcore_boot_cm4_cm7.o
 .debug_macro   0x00000000000369e7      0x67e ./Common/Src/system_stm32h7xx_dualcore_boot_cm4_cm7.o
 .debug_macro   0x0000000000037065       0xa6 ./Common/Src/system_stm32h7xx_dualcore_boot_cm4_cm7.o
 .debug_macro   0x000000000003710b      0x21e ./Common/Src/system_stm32h7xx_dualcore_boot_cm4_cm7.o
 .debug_macro   0x0000000000037329       0x90 ./Common/Src/system_stm32h7xx_dualcore_boot_cm4_cm7.o
 .debug_macro   0x00000000000373b9      0x798 ./Common/Src/system_stm32h7xx_dualcore_boot_cm4_cm7.o
 .debug_macro   0x0000000000037b51      0x357 ./Core/Src/freertos.o
 .debug_macro   0x0000000000037ea8       0xea ./Core/Src/freertos.o
 .debug_macro   0x0000000000037f92      0x15a ./Core/Src/freertos.o
 .debug_macro   0x00000000000380ec       0xde ./Core/Src/freertos.o
 .debug_macro   0x00000000000381ca       0x1c ./Core/Src/freertos.o
 .debug_macro   0x00000000000381e6       0x26 ./Core/Src/freertos.o
 .debug_macro   0x000000000003820c      0x504 ./Core/Src/freertos.o
 .debug_macro   0x0000000000038710       0xb5 ./Core/Src/freertos.o
 .debug_macro   0x00000000000387c5       0xaa ./Core/Src/freertos.o
 .debug_macro   0x000000000003886f       0x1c ./Core/Src/freertos.o
 .debug_macro   0x000000000003888b      0x3f0 ./Core/Src/main.o
 .debug_macro   0x0000000000038c7b       0x16 ./Core/Src/main.o
 .debug_macro   0x0000000000038c91       0x35 ./Core/Src/main.o
 .debug_macro   0x0000000000038cc6       0x20 ./Core/Src/main.o
 .debug_macro   0x0000000000038ce6       0xea ./Core/Src/main.o
 .debug_macro   0x0000000000038dd0       0x91 ./Core/Src/main.o
 .debug_macro   0x0000000000038e61       0x8d ./Core/Src/main.o
 .debug_macro   0x0000000000038eee       0x7e ./Core/Src/main.o
 .debug_macro   0x0000000000038f6c       0x19 ./Core/Src/main.o
 .debug_macro   0x0000000000038f85       0xf2 ./Core/Src/main.o
 .debug_macro   0x0000000000039077       0x16 ./Core/Src/main.o
 .debug_macro   0x000000000003908d       0xac ./Core/Src/main.o
 .debug_macro   0x0000000000039139      0x2ef ./Core/Src/stm32h7xx_hal_msp.o
 .debug_macro   0x0000000000039428      0x2e0 ./Core/Src/stm32h7xx_hal_timebase_tim.o
 .debug_macro   0x0000000000039708      0x2f9 ./Core/Src/stm32h7xx_it.o
 .debug_macro   0x0000000000039a01      0x30a ./Drivers/STM32H7xx_HAL_Driver/stm32h7xx_hal.o
 .debug_macro   0x0000000000039d0b      0x2e0 ./Drivers/STM32H7xx_HAL_Driver/stm32h7xx_hal_cortex.o
 .debug_macro   0x0000000000039feb      0x36d ./Drivers/STM32H7xx_HAL_Driver/stm32h7xx_hal_eth.o
 .debug_macro   0x000000000003a358      0x32a ./Drivers/STM32H7xx_HAL_Driver/stm32h7xx_hal_gpio.o
 .debug_macro   0x000000000003a682      0x2f2 ./Drivers/STM32H7xx_HAL_Driver/stm32h7xx_hal_hsem.o
 .debug_macro   0x000000000003a974      0x2ec ./Drivers/STM32H7xx_HAL_Driver/stm32h7xx_hal_pcd.o
 .debug_macro   0x000000000003ac60      0x2e0 ./Drivers/STM32H7xx_HAL_Driver/stm32h7xx_hal_pcd_ex.o
 .debug_macro   0x000000000003af40      0x319 ./Drivers/STM32H7xx_HAL_Driver/stm32h7xx_hal_pwr_ex.o
 .debug_macro   0x000000000003b259      0x304 ./Drivers/STM32H7xx_HAL_Driver/stm32h7xx_hal_rcc.o
 .debug_macro   0x000000000003b55d      0x2fe ./Drivers/STM32H7xx_HAL_Driver/stm32h7xx_hal_rcc_ex.o
 .debug_macro   0x000000000003b85b      0x2e1 ./Drivers/STM32H7xx_HAL_Driver/stm32h7xx_hal_tim.o
 .debug_macro   0x000000000003bb3c      0x2e0 ./Drivers/STM32H7xx_HAL_Driver/stm32h7xx_hal_tim_ex.o
 .debug_macro   0x000000000003be1c      0x30b ./Drivers/STM32H7xx_HAL_Driver/stm32h7xx_hal_uart.o
 .debug_macro   0x000000000003c127      0x2ec ./Drivers/STM32H7xx_HAL_Driver/stm32h7xx_hal_uart_ex.o
 .debug_macro   0x000000000003c413      0x2e0 ./Drivers/STM32H7xx_HAL_Driver/stm32h7xx_ll_usb.o
 .debug_macro   0x000000000003c6f3      0x1fe ./Middlewares/Third_Party/FreeRTOS/cmsis_os.o
 .debug_macro   0x000000000003c8f1       0x10 ./Middlewares/Third_Party/FreeRTOS/cmsis_os.o
 .debug_macro   0x000000000003c901       0xe9 ./Middlewares/Third_Party/FreeRTOS/cmsis_os.o
 .debug_macro   0x000000000003c9ea      0x1ae ./Middlewares/Third_Party/FreeRTOS/heap_4.o
 .debug_macro   0x000000000003cb98      0x187 ./Middlewares/Third_Party/FreeRTOS/list.o
 .debug_macro   0x000000000003cd1f      0x196 ./Middlewares/Third_Party/FreeRTOS/port.o
 .debug_macro   0x000000000003ceb5      0x279 ./Middlewares/Third_Party/FreeRTOS/tasks.o
 .debug_macro   0x000000000003d12e       0x10 ./Middlewares/Third_Party/FreeRTOS/tasks.o
 .debug_macro   0x000000000003d13e      0x163 ./Middlewares/ringbuff/src/ringbuff/ringbuff.o
 .debug_macro   0x000000000003d2a1       0x10 ./Middlewares/ringbuff/src/ringbuff/ringbuff.o

.debug_line     0x0000000000000000    0x1f808
 .debug_line    0x0000000000000000      0xb2c ./Common/Src/system_stm32h7xx_dualcore_boot_cm4_cm7.o
 .debug_line    0x0000000000000b2c      0xa1e ./Core/Src/freertos.o
 .debug_line    0x000000000000154a      0xea5 ./Core/Src/main.o
 .debug_line    0x00000000000023ef      0xa7d ./Core/Src/stm32h7xx_hal_msp.o
 .debug_line    0x0000000000002e6c      0x982 ./Core/Src/stm32h7xx_hal_timebase_tim.o
 .debug_line    0x00000000000037ee      0x9b6 ./Core/Src/stm32h7xx_it.o
 .debug_line    0x00000000000041a4       0x88 ./Core/Startup/startup_stm32h745zitx.o
 .debug_line    0x000000000000422c     0x1066 ./Drivers/STM32H7xx_HAL_Driver/stm32h7xx_hal.o
 .debug_line    0x0000000000005292      0xf19 ./Drivers/STM32H7xx_HAL_Driver/stm32h7xx_hal_cortex.o
 .debug_line    0x00000000000061ab     0x1d2b ./Drivers/STM32H7xx_HAL_Driver/stm32h7xx_hal_eth.o
 .debug_line    0x0000000000007ed6      0xdd2 ./Drivers/STM32H7xx_HAL_Driver/stm32h7xx_hal_gpio.o
 .debug_line    0x0000000000008ca8      0xac9 ./Drivers/STM32H7xx_HAL_Driver/stm32h7xx_hal_hsem.o
 .debug_line    0x0000000000009771     0x1589 ./Drivers/STM32H7xx_HAL_Driver/stm32h7xx_hal_pcd.o
 .debug_line    0x000000000000acfa      0xb35 ./Drivers/STM32H7xx_HAL_Driver/stm32h7xx_hal_pcd_ex.o
 .debug_line    0x000000000000b82f     0x1134 ./Drivers/STM32H7xx_HAL_Driver/stm32h7xx_hal_pwr_ex.o
 .debug_line    0x000000000000c963     0x1453 ./Drivers/STM32H7xx_HAL_Driver/stm32h7xx_hal_rcc.o
 .debug_line    0x000000000000ddb6     0x1c38 ./Drivers/STM32H7xx_HAL_Driver/stm32h7xx_hal_rcc_ex.o
 .debug_line    0x000000000000f9ee     0x3ed8 ./Drivers/STM32H7xx_HAL_Driver/stm32h7xx_hal_tim.o
 .debug_line    0x00000000000138c6     0x1e42 ./Drivers/STM32H7xx_HAL_Driver/stm32h7xx_hal_tim_ex.o
 .debug_line    0x0000000000015708     0x2545 ./Drivers/STM32H7xx_HAL_Driver/stm32h7xx_hal_uart.o
 .debug_line    0x0000000000017c4d      0xef5 ./Drivers/STM32H7xx_HAL_Driver/stm32h7xx_hal_uart_ex.o
 .debug_line    0x0000000000018b42     0x1b87 ./Drivers/STM32H7xx_HAL_Driver/stm32h7xx_ll_usb.o
 .debug_line    0x000000000001a6c9     0x1249 ./Middlewares/Third_Party/FreeRTOS/cmsis_os.o
 .debug_line    0x000000000001b912      0x9b7 ./Middlewares/Third_Party/FreeRTOS/heap_4.o
 .debug_line    0x000000000001c2c9      0x78d ./Middlewares/Third_Party/FreeRTOS/list.o
 .debug_line    0x000000000001ca56      0x866 ./Middlewares/Third_Party/FreeRTOS/port.o
 .debug_line    0x000000000001d2bc     0x199d ./Middlewares/Third_Party/FreeRTOS/tasks.o
 .debug_line    0x000000000001ec59      0xbaf ./Middlewares/ringbuff/src/ringbuff/ringbuff.o

.debug_str      0x0000000000000000   0x1935a5
 .debug_str     0x0000000000000000   0x1819a4 ./Common/Src/system_stm32h7xx_dualcore_boot_cm4_cm7.o
                                     0x181f1c (size before relaxing)
 .debug_str     0x00000000001819a4     0x3f69 ./Core/Src/freertos.o
                                     0x185874 (size before relaxing)
 .debug_str     0x000000000018590d     0x4088 ./Core/Src/main.o
                                     0x189c39 (size before relaxing)
 .debug_str     0x0000000000189995      0xb8e ./Core/Src/stm32h7xx_hal_msp.o
                                     0x183880 (size before relaxing)
 .debug_str     0x000000000018a523       0xaa ./Core/Src/stm32h7xx_hal_timebase_tim.o
                                     0x182abd (size before relaxing)
 .debug_str     0x000000000018a5cd       0x92 ./Core/Src/stm32h7xx_it.o
                                     0x182007 (size before relaxing)
 .debug_str     0x000000000018a65f       0x36 ./Core/Startup/startup_stm32h745zitx.o
                                         0x83 (size before relaxing)
 .debug_str     0x000000000018a695      0x8c6 ./Drivers/STM32H7xx_HAL_Driver/stm32h7xx_hal.o
                                     0x182ebb (size before relaxing)
 .debug_str     0x000000000018af5b      0x3cf ./Drivers/STM32H7xx_HAL_Driver/stm32h7xx_hal_cortex.o
                                     0x1827ef (size before relaxing)
 .debug_str     0x000000000018b32a     0x1073 ./Drivers/STM32H7xx_HAL_Driver/stm32h7xx_hal_eth.o
                                     0x183566 (size before relaxing)
 .debug_str     0x000000000018c39d      0x26f ./Drivers/STM32H7xx_HAL_Driver/stm32h7xx_hal_gpio.o
                                     0x181fa6 (size before relaxing)
 .debug_str     0x000000000018c60c      0x249 ./Drivers/STM32H7xx_HAL_Driver/stm32h7xx_hal_hsem.o
                                     0x181b70 (size before relaxing)
 .debug_str     0x000000000018c855      0x570 ./Drivers/STM32H7xx_HAL_Driver/stm32h7xx_hal_pcd.o
                                     0x182290 (size before relaxing)
 .debug_str     0x000000000018cdc5      0x1f4 ./Drivers/STM32H7xx_HAL_Driver/stm32h7xx_hal_pcd_ex.o
                                     0x181f09 (size before relaxing)
 .debug_str     0x000000000018cfb9      0x6c2 ./Drivers/STM32H7xx_HAL_Driver/stm32h7xx_hal_pwr_ex.o
                                     0x1823aa (size before relaxing)
 .debug_str     0x000000000018d67b      0x2a2 ./Drivers/STM32H7xx_HAL_Driver/stm32h7xx_hal_rcc.o
                                     0x1821d2 (size before relaxing)
 .debug_str     0x000000000018d91d      0x6c9 ./Drivers/STM32H7xx_HAL_Driver/stm32h7xx_hal_rcc_ex.o
                                     0x1826ec (size before relaxing)
 .debug_str     0x000000000018dfe6      0xe7d ./Drivers/STM32H7xx_HAL_Driver/stm32h7xx_hal_tim.o
                                     0x182eee (size before relaxing)
 .debug_str     0x000000000018ee63      0x6a3 ./Drivers/STM32H7xx_HAL_Driver/stm32h7xx_hal_tim_ex.o
                                     0x1827db (size before relaxing)
 .debug_str     0x000000000018f506      0xa1a ./Drivers/STM32H7xx_HAL_Driver/stm32h7xx_hal_uart.o
                                     0x182bb7 (size before relaxing)
 .debug_str     0x000000000018ff20      0x314 ./Drivers/STM32H7xx_HAL_Driver/stm32h7xx_hal_uart_ex.o
                                     0x1821df (size before relaxing)
 .debug_str     0x0000000000190234      0x6da ./Drivers/STM32H7xx_HAL_Driver/stm32h7xx_ll_usb.o
                                     0x182433 (size before relaxing)
 .debug_str     0x000000000019090e      0x8fc ./Middlewares/Third_Party/FreeRTOS/cmsis_os.o
                                       0xe69d (size before relaxing)
 .debug_str     0x000000000019120a      0x4d6 ./Middlewares/Third_Party/FreeRTOS/heap_4.o
                                       0xb4fc (size before relaxing)
 .debug_str     0x00000000001916e0      0x162 ./Middlewares/Third_Party/FreeRTOS/list.o
                                       0xac09 (size before relaxing)
 .debug_str     0x0000000000191842      0x85d ./Middlewares/Third_Party/FreeRTOS/port.o
                                       0x8748 (size before relaxing)
 .debug_str     0x000000000019209f     0x120d ./Middlewares/Third_Party/FreeRTOS/tasks.o
                                       0xce73 (size before relaxing)
 .debug_str     0x00000000001932ac      0x2f9 ./Middlewares/ringbuff/src/ringbuff/ringbuff.o
                                       0x767c (size before relaxing)

.comment        0x0000000000000000       0x53