Archive member included to satisfy reference by file (symbol)

c:/st/stm32cubeide_1.7.0/stm32cubeide/plugins/com.st.stm32cube.ide.mcu.externaltools.gnu-tools-for-stm32.9-2020-q2-update.win32_2.0.0.202105311346/tools/bin/../lib/gcc/arm-none-eabi/9.3.1/../../../../arm-none-eabi/lib/thumb/v7e-m+fp/hard\libc_nano.a(lib_a-errno.o)
                              ./Core/Src/syscalls.o (__errno)
c:/st/stm32cubeide_1.7.0/stm32cubeide/plugins/com.st.stm32cube.ide.mcu.externaltools.gnu-tools-for-stm32.9-2020-q2-update.win32_2.0.0.202105311346/tools/bin/../lib/gcc/arm-none-eabi/9.3.1/../../../../arm-none-eabi/lib/thumb/v7e-m+fp/hard\libc_nano.a(lib_a-exit.o)
                              c:/st/stm32cubeide_1.7.0/stm32cubeide/plugins/com.st.stm32cube.ide.mcu.externaltools.gnu-tools-for-stm32.9-2020-q2-update.win32_2.0.0.202105311346/tools/bin/../lib/gcc/arm-none-eabi/9.3.1/../../../../arm-none-eabi/lib/thumb/v7e-m+fp/hard/crt0.o (exit)
c:/st/stm32cubeide_1.7.0/stm32cubeide/plugins/com.st.stm32cube.ide.mcu.externaltools.gnu-tools-for-stm32.9-2020-q2-update.win32_2.0.0.202105311346/tools/bin/../lib/gcc/arm-none-eabi/9.3.1/../../../../arm-none-eabi/lib/thumb/v7e-m+fp/hard\libc_nano.a(lib_a-impure.o)
                              c:/st/stm32cubeide_1.7.0/stm32cubeide/plugins/com.st.stm32cube.ide.mcu.externaltools.gnu-tools-for-stm32.9-2020-q2-update.win32_2.0.0.202105311346/tools/bin/../lib/gcc/arm-none-eabi/9.3.1/../../../../arm-none-eabi/lib/thumb/v7e-m+fp/hard\libc_nano.a(lib_a-exit.o) (_global_impure_ptr)
c:/st/stm32cubeide_1.7.0/stm32cubeide/plugins/com.st.stm32cube.ide.mcu.externaltools.gnu-tools-for-stm32.9-2020-q2-update.win32_2.0.0.202105311346/tools/bin/../lib/gcc/arm-none-eabi/9.3.1/../../../../arm-none-eabi/lib/thumb/v7e-m+fp/hard\libc_nano.a(lib_a-init.o)
                              c:/st/stm32cubeide_1.7.0/stm32cubeide/plugins/com.st.stm32cube.ide.mcu.externaltools.gnu-tools-for-stm32.9-2020-q2-update.win32_2.0.0.202105311346/tools/bin/../lib/gcc/arm-none-eabi/9.3.1/../../../../arm-none-eabi/lib/thumb/v7e-m+fp/hard/crt0.o (__libc_init_array)
c:/st/stm32cubeide_1.7.0/stm32cubeide/plugins/com.st.stm32cube.ide.mcu.externaltools.gnu-tools-for-stm32.9-2020-q2-update.win32_2.0.0.202105311346/tools/bin/../lib/gcc/arm-none-eabi/9.3.1/../../../../arm-none-eabi/lib/thumb/v7e-m+fp/hard\libc_nano.a(lib_a-memcpy-stub.o)
                              ./Middlewares/Third_Party/FreeRTOS/queue.o (memcpy)
c:/st/stm32cubeide_1.7.0/stm32cubeide/plugins/com.st.stm32cube.ide.mcu.externaltools.gnu-tools-for-stm32.9-2020-q2-update.win32_2.0.0.202105311346/tools/bin/../lib/gcc/arm-none-eabi/9.3.1/../../../../arm-none-eabi/lib/thumb/v7e-m+fp/hard\libc_nano.a(lib_a-memset.o)
                              c:/st/stm32cubeide_1.7.0/stm32cubeide/plugins/com.st.stm32cube.ide.mcu.externaltools.gnu-tools-for-stm32.9-2020-q2-update.win32_2.0.0.202105311346/tools/bin/../lib/gcc/arm-none-eabi/9.3.1/../../../../arm-none-eabi/lib/thumb/v7e-m+fp/hard/crt0.o (memset)
c:/st/stm32cubeide_1.7.0/stm32cubeide/plugins/com.st.stm32cube.ide.mcu.externaltools.gnu-tools-for-stm32.9-2020-q2-update.win32_2.0.0.202105311346/tools/bin/../lib/gcc/arm-none-eabi/9.3.1/thumb/v7e-m+fp/hard\libgcc.a(_aeabi_uldivmod.o)
                              ./Drivers/STM32H7xx_HAL_Driver/stm32h7xx_hal_uart.o (__aeabi_uldivmod)
c:/st/stm32cubeide_1.7.0/stm32cubeide/plugins/com.st.stm32cube.ide.mcu.externaltools.gnu-tools-for-stm32.9-2020-q2-update.win32_2.0.0.202105311346/tools/bin/../lib/gcc/arm-none-eabi/9.3.1/thumb/v7e-m+fp/hard\libgcc.a(_udivmoddi4.o)
                              c:/st/stm32cubeide_1.7.0/stm32cubeide/plugins/com.st.stm32cube.ide.mcu.externaltools.gnu-tools-for-stm32.9-2020-q2-update.win32_2.0.0.202105311346/tools/bin/../lib/gcc/arm-none-eabi/9.3.1/thumb/v7e-m+fp/hard\libgcc.a(_aeabi_uldivmod.o) (__udivmoddi4)
c:/st/stm32cubeide_1.7.0/stm32cubeide/plugins/com.st.stm32cube.ide.mcu.externaltools.gnu-tools-for-stm32.9-2020-q2-update.win32_2.0.0.202105311346/tools/bin/../lib/gcc/arm-none-eabi/9.3.1/thumb/v7e-m+fp/hard\libgcc.a(_dvmd_tls.o)
                              c:/st/stm32cubeide_1.7.0/stm32cubeide/plugins/com.st.stm32cube.ide.mcu.externaltools.gnu-tools-for-stm32.9-2020-q2-update.win32_2.0.0.202105311346/tools/bin/../lib/gcc/arm-none-eabi/9.3.1/thumb/v7e-m+fp/hard\libgcc.a(_aeabi_uldivmod.o) (__aeabi_ldiv0)

Allocating common symbols
Common symbol       size              file

defaultTaskHandle   0x4               ./Core/Src/main.o
huart3              0x90              ./Core/Src/main.o
uwTick              0x4               ./Drivers/STM32H7xx_HAL_Driver/stm32h7xx_hal.o
xQueueRegistry      0x40              ./Middlewares/Third_Party/FreeRTOS/queue.o
pFlash              0x1c              ./Drivers/STM32H7xx_HAL_Driver/stm32h7xx_hal_flash.o
htim2               0x4c              ./Core/Src/stm32h7xx_hal_timebase_tim.o
heth                0x88              ./Core/Src/main.o
TxConfig            0x34              ./Core/Src/main.o

Discarded input sections

[...]
Memory Configuration

Name             Origin             Length             Attributes
FLASH            0x0000000008100000 0x0000000000100000 xr
RAM              0x0000000010000000 0x0000000000048000 xrw
*default*        0x0000000000000000 0xffffffffffffffff

Linker script and memory map

LOAD c:/st/stm32cubeide_1.7.0/stm32cubeide/plugins/com.st.stm32cube.ide.mcu.externaltools.gnu-tools-for-stm32.9-2020-q2-update.win32_2.0.0.202105311346/tools/bin/../lib/gcc/arm-none-eabi/9.3.1/thumb/v7e-m+fp/hard/crti.o
LOAD c:/st/stm32cubeide_1.7.0/stm32cubeide/plugins/com.st.stm32cube.ide.mcu.externaltools.gnu-tools-for-stm32.9-2020-q2-update.win32_2.0.0.202105311346/tools/bin/../lib/gcc/arm-none-eabi/9.3.1/thumb/v7e-m+fp/hard/crtbegin.o
LOAD c:/st/stm32cubeide_1.7.0/stm32cubeide/plugins/com.st.stm32cube.ide.mcu.externaltools.gnu-tools-for-stm32.9-2020-q2-update.win32_2.0.0.202105311346/tools/bin/../lib/gcc/arm-none-eabi/9.3.1/../../../../arm-none-eabi/lib/thumb/v7e-m+fp/hard/crt0.o
LOAD ./Common/Src/system_stm32h7xx_dualcore_boot_cm4_cm7.o
LOAD ./Core/Src/freertos.o
LOAD ./Core/Src/main.o
LOAD ./Core/Src/stm32h7xx_hal_msp.o
LOAD ./Core/Src/stm32h7xx_hal_timebase_tim.o
LOAD ./Core/Src/stm32h7xx_it.o
LOAD ./Core/Src/syscalls.o
LOAD ./Core/Src/sysmem.o
LOAD ./Core/Startup/startup_stm32h745zitx.o
LOAD ./Drivers/STM32H7xx_HAL_Driver/stm32h7xx_hal.o
LOAD ./Drivers/STM32H7xx_HAL_Driver/stm32h7xx_hal_cortex.o
LOAD ./Drivers/STM32H7xx_HAL_Driver/stm32h7xx_hal_dma.o
LOAD ./Drivers/STM32H7xx_HAL_Driver/stm32h7xx_hal_dma_ex.o
LOAD ./Drivers/STM32H7xx_HAL_Driver/stm32h7xx_hal_eth.o
LOAD ./Drivers/STM32H7xx_HAL_Driver/stm32h7xx_hal_eth_ex.o
LOAD ./Drivers/STM32H7xx_HAL_Driver/stm32h7xx_hal_exti.o
LOAD ./Drivers/STM32H7xx_HAL_Driver/stm32h7xx_hal_flash.o
LOAD ./Drivers/STM32H7xx_HAL_Driver/stm32h7xx_hal_flash_ex.o
LOAD ./Drivers/STM32H7xx_HAL_Driver/stm32h7xx_hal_gpio.o
LOAD ./Drivers/STM32H7xx_HAL_Driver/stm32h7xx_hal_hsem.o
LOAD ./Drivers/STM32H7xx_HAL_Driver/stm32h7xx_hal_i2c.o
LOAD ./Drivers/STM32H7xx_HAL_Driver/stm32h7xx_hal_i2c_ex.o
LOAD ./Drivers/STM32H7xx_HAL_Driver/stm32h7xx_hal_mdma.o
LOAD ./Drivers/STM32H7xx_HAL_Driver/stm32h7xx_hal_pwr.o
LOAD ./Drivers/STM32H7xx_HAL_Driver/stm32h7xx_hal_pwr_ex.o
LOAD ./Drivers/STM32H7xx_HAL_Driver/stm32h7xx_hal_rcc.o
LOAD ./Drivers/STM32H7xx_HAL_Driver/stm32h7xx_hal_rcc_ex.o
LOAD ./Drivers/STM32H7xx_HAL_Driver/stm32h7xx_hal_tim.o
LOAD ./Drivers/STM32H7xx_HAL_Driver/stm32h7xx_hal_tim_ex.o
LOAD ./Drivers/STM32H7xx_HAL_Driver/stm32h7xx_hal_uart.o
LOAD ./Drivers/STM32H7xx_HAL_Driver/stm32h7xx_hal_uart_ex.o
LOAD ./Middlewares/Third_Party/FreeRTOS/cmsis_os.o
LOAD ./Middlewares/Third_Party/FreeRTOS/croutine.o
LOAD ./Middlewares/Third_Party/FreeRTOS/event_groups.o
LOAD ./Middlewares/Third_Party/FreeRTOS/heap_4.o
LOAD ./Middlewares/Third_Party/FreeRTOS/list.o
LOAD ./Middlewares/Third_Party/FreeRTOS/port.o
LOAD ./Middlewares/Third_Party/FreeRTOS/queue.o
LOAD ./Middlewares/Third_Party/FreeRTOS/stream_buffer.o
LOAD ./Middlewares/Third_Party/FreeRTOS/tasks.o
LOAD ./Middlewares/Third_Party/FreeRTOS/timers.o
START GROUP
LOAD c:/st/stm32cubeide_1.7.0/stm32cubeide/plugins/com.st.stm32cube.ide.mcu.externaltools.gnu-tools-for-stm32.9-2020-q2-update.win32_2.0.0.202105311346/tools/bin/../lib/gcc/arm-none-eabi/9.3.1/../../../../arm-none-eabi/lib/thumb/v7e-m+fp/hard\libc_nano.a
LOAD c:/st/stm32cubeide_1.7.0/stm32cubeide/plugins/com.st.stm32cube.ide.mcu.externaltools.gnu-tools-for-stm32.9-2020-q2-update.win32_2.0.0.202105311346/tools/bin/../lib/gcc/arm-none-eabi/9.3.1/../../../../arm-none-eabi/lib/thumb/v7e-m+fp/hard\libm.a
END GROUP
START GROUP
LOAD c:/st/stm32cubeide_1.7.0/stm32cubeide/plugins/com.st.stm32cube.ide.mcu.externaltools.gnu-tools-for-stm32.9-2020-q2-update.win32_2.0.0.202105311346/tools/bin/../lib/gcc/arm-none-eabi/9.3.1/thumb/v7e-m+fp/hard\libgcc.a
LOAD c:/st/stm32cubeide_1.7.0/stm32cubeide/plugins/com.st.stm32cube.ide.mcu.externaltools.gnu-tools-for-stm32.9-2020-q2-update.win32_2.0.0.202105311346/tools/bin/../lib/gcc/arm-none-eabi/9.3.1/../../../../arm-none-eabi/lib/thumb/v7e-m+fp/hard\libc_nano.a
END GROUP
START GROUP
LOAD c:/st/stm32cubeide_1.7.0/stm32cubeide/plugins/com.st.stm32cube.ide.mcu.externaltools.gnu-tools-for-stm32.9-2020-q2-update.win32_2.0.0.202105311346/tools/bin/../lib/gcc/arm-none-eabi/9.3.1/thumb/v7e-m+fp/hard\libgcc.a
LOAD c:/st/stm32cubeide_1.7.0/stm32cubeide/plugins/com.st.stm32cube.ide.mcu.externaltools.gnu-tools-for-stm32.9-2020-q2-update.win32_2.0.0.202105311346/tools/bin/../lib/gcc/arm-none-eabi/9.3.1/../../../../arm-none-eabi/lib/thumb/v7e-m+fp/hard\libc_nano.a
LOAD c:/st/stm32cubeide_1.7.0/stm32cubeide/plugins/com.st.stm32cube.ide.mcu.externaltools.gnu-tools-for-stm32.9-2020-q2-update.win32_2.0.0.202105311346/tools/bin/../lib/gcc/arm-none-eabi/9.3.1/../../../../arm-none-eabi/lib/thumb/v7e-m+fp/hard\libnosys.a
END GROUP
START GROUP
LOAD c:/st/stm32cubeide_1.7.0/stm32cubeide/plugins/com.st.stm32cube.ide.mcu.externaltools.gnu-tools-for-stm32.9-2020-q2-update.win32_2.0.0.202105311346/tools/bin/../lib/gcc/arm-none-eabi/9.3.1/thumb/v7e-m+fp/hard\libgcc.a
LOAD c:/st/stm32cubeide_1.7.0/stm32cubeide/plugins/com.st.stm32cube.ide.mcu.externaltools.gnu-tools-for-stm32.9-2020-q2-update.win32_2.0.0.202105311346/tools/bin/../lib/gcc/arm-none-eabi/9.3.1/../../../../arm-none-eabi/lib/thumb/v7e-m+fp/hard\libc_nano.a
LOAD c:/st/stm32cubeide_1.7.0/stm32cubeide/plugins/com.st.stm32cube.ide.mcu.externaltools.gnu-tools-for-stm32.9-2020-q2-update.win32_2.0.0.202105311346/tools/bin/../lib/gcc/arm-none-eabi/9.3.1/../../../../arm-none-eabi/lib/thumb/v7e-m+fp/hard\libnosys.a
END GROUP
LOAD c:/st/stm32cubeide_1.7.0/stm32cubeide/plugins/com.st.stm32cube.ide.mcu.externaltools.gnu-tools-for-stm32.9-2020-q2-update.win32_2.0.0.202105311346/tools/bin/../lib/gcc/arm-none-eabi/9.3.1/thumb/v7e-m+fp/hard/crtend.o
LOAD c:/st/stm32cubeide_1.7.0/stm32cubeide/plugins/com.st.stm32cube.ide.mcu.externaltools.gnu-tools-for-stm32.9-2020-q2-update.win32_2.0.0.202105311346/tools/bin/../lib/gcc/arm-none-eabi/9.3.1/thumb/v7e-m+fp/hard/crtn.o
                0x0000000010048000                _estack = (ORIGIN (RAM) + LENGTH (RAM))
                0x0000000000000200                _Min_Heap_Size = 0x200
                0x0000000000000400                _Min_Stack_Size = 0x400

.isr_vector     0x0000000008100000      0x298
                0x0000000008100000                . = ALIGN (0x4)
 *(.isr_vector)
 .isr_vector    0x0000000008100000      0x298 ./Core/Startup/startup_stm32h745zitx.o
                0x0000000008100000                g_pfnVectors
                0x0000000008100298                . = ALIGN (0x4)

.text           0x00000000081002a0     0x2a1c
                0x00000000081002a0                . = ALIGN (0x4)
 *(.text)
 .text          0x00000000081002a0       0x40 c:/st/stm32cubeide_1.7.0/stm32cubeide/plugins/com.st.stm32cube.ide.mcu.externaltools.gnu-tools-for-stm32.9-2020-q2-update.win32_2.0.0.202105311346/tools/bin/../lib/gcc/arm-none-eabi/9.3.1/thumb/v7e-m+fp/hard/crtbegin.o
 *(.text*)
 .text.SystemInit
                0x00000000081002e0       0x38 ./Common/Src/system_stm32h7xx_dualcore_boot_cm4_cm7.o
                0x00000000081002e0                SystemInit
 .text.vApplicationGetIdleTaskMemory
                0x0000000008100318       0x34 ./Core/Src/freertos.o
                0x0000000008100318                vApplicationGetIdleTaskMemory
 .text.main     0x000000000810034c       0xac ./Core/Src/main.o
                0x000000000810034c                main
 .text.MX_GPIO_Init
                0x00000000081003f8       0x6c ./Core/Src/main.o
 .text.StartDefaultTask
                0x0000000008100464       0x20 ./Core/Src/main.o
                0x0000000008100464                StartDefaultTask
 .text.HAL_TIM_PeriodElapsedCallback
                0x0000000008100484       0x1e ./Core/Src/main.o
                0x0000000008100484                HAL_TIM_PeriodElapsedCallback
 *fill*         0x00000000081004a2        0x2 
 .text.HAL_MspInit
                0x00000000081004a4       0x3c ./Core/Src/stm32h7xx_hal_msp.o
                0x00000000081004a4                HAL_MspInit
 .text.HAL_InitTick
                0x00000000081004e0       0xd4 ./Core/Src/stm32h7xx_hal_timebase_tim.o
                0x00000000081004e0                HAL_InitTick
 .text.NMI_Handler
                0x00000000081005b4        0x6 ./Core/Src/stm32h7xx_it.o
                0x00000000081005b4                NMI_Handler
 .text.HardFault_Handler
                0x00000000081005ba        0x6 ./Core/Src/stm32h7xx_it.o
                0x00000000081005ba                HardFault_Handler
 .text.MemManage_Handler
                0x00000000081005c0        0x6 ./Core/Src/stm32h7xx_it.o
                0x00000000081005c0                MemManage_Handler
 .text.BusFault_Handler
                0x00000000081005c6        0x6 ./Core/Src/stm32h7xx_it.o
                0x00000000081005c6                BusFault_Handler
 .text.UsageFault_Handler
                0x00000000081005cc        0x6 ./Core/Src/stm32h7xx_it.o
                0x00000000081005cc                UsageFault_Handler
 .text.DebugMon_Handler
                0x00000000081005d2        0xe ./Core/Src/stm32h7xx_it.o
                0x00000000081005d2                DebugMon_Handler
 .text.TIM2_IRQHandler
                0x00000000081005e0       0x14 ./Core/Src/stm32h7xx_it.o
                0x00000000081005e0                TIM2_IRQHandler
 .text.Reset_Handler
                0x00000000081005f4       0x50 ./Core/Startup/startup_stm32h745zitx.o
                0x00000000081005f4                Reset_Handler
 .text.Default_Handler
                0x0000000008100644        0x2 ./Core/Startup/startup_stm32h745zitx.o
                0x0000000008100644                RTC_Alarm_IRQHandler
                0x0000000008100644                EXTI2_IRQHandler
                0x0000000008100644                TIM8_CC_IRQHandler
                0x0000000008100644                HRTIM1_Master_IRQHandler
                0x0000000008100644                UART8_IRQHandler
                0x0000000008100644                SPI4_IRQHandler
                0x0000000008100644                TIM1_CC_IRQHandler
                0x0000000008100644                BDMA_Channel6_IRQHandler
                0x0000000008100644                DMA2_Stream5_IRQHandler
                0x0000000008100644                HRTIM1_FLT_IRQHandler
                0x0000000008100644                JPEG_IRQHandler
                0x0000000008100644                DMA1_Stream5_IRQHandler
                0x0000000008100644                BDMA_Channel1_IRQHandler
                0x0000000008100644                HRTIM1_TIMD_IRQHandler
                0x0000000008100644                TAMP_STAMP_IRQHandler
                0x0000000008100644                EXTI3_IRQHandler
                0x0000000008100644                LPTIM4_IRQHandler
                0x0000000008100644                TIM8_TRG_COM_TIM14_IRQHandler
                0x0000000008100644                LPTIM2_IRQHandler
                0x0000000008100644                DFSDM1_FLT1_IRQHandler
                0x0000000008100644                DMAMUX2_OVR_IRQHandler
                0x0000000008100644                TIM8_UP_TIM13_IRQHandler
                0x0000000008100644                I2C3_ER_IRQHandler
                0x0000000008100644                DFSDM1_FLT2_IRQHandler
                0x0000000008100644                MDMA_IRQHandler
                0x0000000008100644                LPTIM3_IRQHandler
                0x0000000008100644                HSEM1_IRQHandler
                0x0000000008100644                EXTI0_IRQHandler
                0x0000000008100644                I2C2_EV_IRQHandler
                0x0000000008100644                DMA1_Stream2_IRQHandler
                0x0000000008100644                FPU_IRQHandler
                0x0000000008100644                OTG_HS_WKUP_IRQHandler
                0x0000000008100644                FDCAN1_IT1_IRQHandler
                0x0000000008100644                LTDC_ER_IRQHandler
                0x0000000008100644                DMA2_Stream2_IRQHandler
                0x0000000008100644                HRTIM1_TIME_IRQHandler
                0x0000000008100644                SPI1_IRQHandler
                0x0000000008100644                TIM6_DAC_IRQHandler
                0x0000000008100644                DCMI_IRQHandler
                0x0000000008100644                HRTIM1_TIMC_IRQHandler
                0x0000000008100644                DMA2_Stream3_IRQHandler
                0x0000000008100644                SAI2_IRQHandler
                0x0000000008100644                DFSDM1_FLT3_IRQHandler
                0x0000000008100644                USART6_IRQHandler
                0x0000000008100644                TIM17_IRQHandler
                0x0000000008100644                USART3_IRQHandler
                0x0000000008100644                BDMA_Channel7_IRQHandler
                0x0000000008100644                LPTIM5_IRQHandler
                0x0000000008100644                UART5_IRQHandler
                0x0000000008100644                ADC3_IRQHandler
                0x0000000008100644                DMA2_Stream0_IRQHandler
                0x0000000008100644                TIM4_IRQHandler
                0x0000000008100644                BDMA_Channel2_IRQHandler
                0x0000000008100644                QUADSPI_IRQHandler
                0x0000000008100644                I2C1_EV_IRQHandler
                0x0000000008100644                DMA1_Stream6_IRQHandler
                0x0000000008100644                DMAMUX1_OVR_IRQHandler
                0x0000000008100644                DMA1_Stream1_IRQHandler
                0x0000000008100644                TIM16_IRQHandler
                0x0000000008100644                UART4_IRQHandler
                0x0000000008100644                BDMA_Channel5_IRQHandler
                0x0000000008100644                TIM3_IRQHandler
                0x0000000008100644                RCC_IRQHandler
                0x0000000008100644                TIM8_BRK_TIM12_IRQHandler
                0x0000000008100644                TIM1_TRG_COM_IRQHandler
                0x0000000008100644                Default_Handler
                0x0000000008100644                ECC_IRQHandler
                0x0000000008100644                CEC_IRQHandler
                0x0000000008100644                EXTI15_10_IRQHandler
                0x0000000008100644                BDMA_Channel0_IRQHandler
                0x0000000008100644                ADC_IRQHandler
                0x0000000008100644                DMA1_Stream7_IRQHandler
                0x0000000008100644                HRTIM1_TIMA_IRQHandler
                0x0000000008100644                SPI5_IRQHandler
                0x0000000008100644                TIM7_IRQHandler
                0x0000000008100644                SDMMC1_IRQHandler
                0x0000000008100644                TIM5_IRQHandler
                0x0000000008100644                DMA2_Stream7_IRQHandler
                0x0000000008100644                TIM15_IRQHandler
                0x0000000008100644                PVD_AVD_IRQHandler
                0x0000000008100644                I2C3_EV_IRQHandler
                0x0000000008100644                EXTI9_5_IRQHandler
                0x0000000008100644                RTC_WKUP_IRQHandler
                0x0000000008100644                LTDC_IRQHandler
                0x0000000008100644                SAI3_IRQHandler
                0x0000000008100644                ETH_WKUP_IRQHandler
                0x0000000008100644                SPDIF_RX_IRQHandler
                0x0000000008100644                SPI2_IRQHandler
                0x0000000008100644                OTG_HS_EP1_IN_IRQHandler
                0x0000000008100644                DMA1_Stream0_IRQHandler
                0x0000000008100644                CRS_IRQHandler
                0x0000000008100644                CM7_SEV_IRQHandler
                0x0000000008100644                EXTI4_IRQHandler
                0x0000000008100644                RNG_IRQHandler
                0x0000000008100644                CM4_SEV_IRQHandler
                0x0000000008100644                HRTIM1_TIMB_IRQHandler
                0x0000000008100644                FDCAN2_IT1_IRQHandler
                0x0000000008100644                ETH_IRQHandler
                0x0000000008100644                TIM1_UP_IRQHandler
                0x0000000008100644                WWDG_RST_IRQHandler
                0x0000000008100644                BDMA_Channel4_IRQHandler
                0x0000000008100644                OTG_HS_EP1_OUT_IRQHandler
                0x0000000008100644                WWDG_IRQHandler
                0x0000000008100644                SPI6_IRQHandler
                0x0000000008100644                MDIOS_IRQHandler
                0x0000000008100644                I2C4_EV_IRQHandler
                0x0000000008100644                FDCAN2_IT0_IRQHandler
                0x0000000008100644                LPUART1_IRQHandler
                0x0000000008100644                FDCAN1_IT0_IRQHandler
                0x0000000008100644                OTG_FS_WKUP_IRQHandler
                0x0000000008100644                OTG_HS_IRQHandler
                0x0000000008100644                HSEM2_IRQHandler
                0x0000000008100644                DMA2D_IRQHandler
                0x0000000008100644                TIM1_BRK_IRQHandler
                0x0000000008100644                EXTI1_IRQHandler
                0x0000000008100644                SDMMC2_IRQHandler
                0x0000000008100644                OTG_FS_EP1_OUT_IRQHandler
                0x0000000008100644                BDMA_Channel3_IRQHandler
                0x0000000008100644                HOLD_CORE_IRQHandler
                0x0000000008100644                UART7_IRQHandler
                0x0000000008100644                MDIOS_WKUP_IRQHandler
                0x0000000008100644                USART2_IRQHandler
                0x0000000008100644                DFSDM1_FLT0_IRQHandler
                0x0000000008100644                SAI4_IRQHandler
                0x0000000008100644                I2C2_ER_IRQHandler
                0x0000000008100644                DMA2_Stream1_IRQHandler
                0x0000000008100644                FLASH_IRQHandler
                0x0000000008100644                DMA2_Stream4_IRQHandler
                0x0000000008100644                USART1_IRQHandler
                0x0000000008100644                OTG_FS_IRQHandler
                0x0000000008100644                SPI3_IRQHandler
                0x0000000008100644                WAKEUP_PIN_IRQHandler
                0x0000000008100644                DMA1_Stream4_IRQHandler
                0x0000000008100644                OTG_FS_EP1_IN_IRQHandler
                0x0000000008100644                I2C1_ER_IRQHandler
                0x0000000008100644                FMC_IRQHandler
                0x0000000008100644                FDCAN_CAL_IRQHandler
                0x0000000008100644                SWPMI1_IRQHandler
                0x0000000008100644                COMP1_IRQHandler
                0x0000000008100644                LPTIM1_IRQHandler
                0x0000000008100644                I2C4_ER_IRQHandler
                0x0000000008100644                DMA2_Stream6_IRQHandler
                0x0000000008100644                SAI1_IRQHandler
                0x0000000008100644                DMA1_Stream3_IRQHandler
 *fill*         0x0000000008100646        0x2 
 .text.HAL_Init
                0x0000000008100648       0xbc ./Drivers/STM32H7xx_HAL_Driver/stm32h7xx_hal.o
                0x0000000008100648                HAL_Init
 .text.HAL_IncTick
                0x0000000008100704       0x28 ./Drivers/STM32H7xx_HAL_Driver/stm32h7xx_hal.o
                0x0000000008100704                HAL_IncTick
 .text.__NVIC_SetPriorityGrouping
                0x000000000810072c       0x48 ./Drivers/STM32H7xx_HAL_Driver/stm32h7xx_hal_cortex.o
 .text.__NVIC_GetPriorityGrouping
                0x0000000008100774       0x1c ./Drivers/STM32H7xx_HAL_Driver/stm32h7xx_hal_cortex.o
 .text.__NVIC_EnableIRQ
                0x0000000008100790       0x3c ./Drivers/STM32H7xx_HAL_Driver/stm32h7xx_hal_cortex.o
 .text.__NVIC_SetPriority
                0x00000000081007cc       0x54 ./Drivers/STM32H7xx_HAL_Driver/stm32h7xx_hal_cortex.o
 .text.NVIC_EncodePriority
                0x0000000008100820       0x66 ./Drivers/STM32H7xx_HAL_Driver/stm32h7xx_hal_cortex.o
 .text.HAL_NVIC_SetPriorityGrouping
                0x0000000008100886       0x16 ./Drivers/STM32H7xx_HAL_Driver/stm32h7xx_hal_cortex.o
                0x0000000008100886                HAL_NVIC_SetPriorityGrouping
 .text.HAL_NVIC_SetPriority
                0x000000000810089c       0x34 ./Drivers/STM32H7xx_HAL_Driver/stm32h7xx_hal_cortex.o
                0x000000000810089c                HAL_NVIC_SetPriority
 .text.HAL_NVIC_EnableIRQ
                0x00000000081008d0       0x1c ./Drivers/STM32H7xx_HAL_Driver/stm32h7xx_hal_cortex.o
                0x00000000081008d0                HAL_NVIC_EnableIRQ
 .text.HAL_GetCurrentCPUID
                0x00000000081008ec       0x28 ./Drivers/STM32H7xx_HAL_Driver/stm32h7xx_hal_cortex.o
                0x00000000081008ec                HAL_GetCurrentCPUID
 .text.HAL_GPIO_Init
                0x0000000008100914      0x360 ./Drivers/STM32H7xx_HAL_Driver/stm32h7xx_hal_gpio.o
                0x0000000008100914                HAL_GPIO_Init
 .text.HAL_GPIO_WritePin
                0x0000000008100c74       0x32 ./Drivers/STM32H7xx_HAL_Driver/stm32h7xx_hal_gpio.o
                0x0000000008100c74                HAL_GPIO_WritePin
 .text.HAL_GPIO_TogglePin
                0x0000000008100ca6       0x34 ./Drivers/STM32H7xx_HAL_Driver/stm32h7xx_hal_gpio.o
                0x0000000008100ca6                HAL_GPIO_TogglePin
 *fill*         0x0000000008100cda        0x2 
 .text.HAL_HSEM_ActivateNotification
                0x0000000008100cdc       0x24 ./Drivers/STM32H7xx_HAL_Driver/stm32h7xx_hal_hsem.o
                0x0000000008100cdc                HAL_HSEM_ActivateNotification
 .text.HAL_PWREx_EnterSTOPMode
                0x0000000008100d00       0xf4 ./Drivers/STM32H7xx_HAL_Driver/stm32h7xx_hal_pwr_ex.o
                0x0000000008100d00                HAL_PWREx_EnterSTOPMode
 .text.HAL_PWREx_ClearPendingEvent
                0x0000000008100df4       0x1a ./Drivers/STM32H7xx_HAL_Driver/stm32h7xx_hal_pwr_ex.o
                0x0000000008100df4                HAL_PWREx_ClearPendingEvent
 *fill*         0x0000000008100e0e        0x2 
 .text.HAL_RCC_GetSysClockFreq
                0x0000000008100e10      0x2f4 ./Drivers/STM32H7xx_HAL_Driver/stm32h7xx_hal_rcc.o
                0x0000000008100e10                HAL_RCC_GetSysClockFreq
 .text.HAL_RCC_GetHCLKFreq
                0x0000000008101104       0x64 ./Drivers/STM32H7xx_HAL_Driver/stm32h7xx_hal_rcc.o
                0x0000000008101104                HAL_RCC_GetHCLKFreq
 .text.HAL_RCC_GetPCLK1Freq
                0x0000000008101168       0x2c ./Drivers/STM32H7xx_HAL_Driver/stm32h7xx_hal_rcc.o
                0x0000000008101168                HAL_RCC_GetPCLK1Freq
 .text.HAL_RCC_GetClockConfig
                0x0000000008101194       0x84 ./Drivers/STM32H7xx_HAL_Driver/stm32h7xx_hal_rcc.o
                0x0000000008101194                HAL_RCC_GetClockConfig
 .text.HAL_TIM_Base_Init
                0x0000000008101218       0xae ./Drivers/STM32H7xx_HAL_Driver/stm32h7xx_hal_tim.o
                0x0000000008101218                HAL_TIM_Base_Init
 .text.HAL_TIM_Base_MspInit
                0x00000000081012c6       0x14 ./Drivers/STM32H7xx_HAL_Driver/stm32h7xx_hal_tim.o
                0x00000000081012c6                HAL_TIM_Base_MspInit
 *fill*         0x00000000081012da        0x2 
 .text.HAL_TIM_Base_Start_IT
                0x00000000081012dc       0xe0 ./Drivers/STM32H7xx_HAL_Driver/stm32h7xx_hal_tim.o
                0x00000000081012dc                HAL_TIM_Base_Start_IT
 .text.HAL_TIM_IRQHandler
                0x00000000081013bc      0x23e ./Drivers/STM32H7xx_HAL_Driver/stm32h7xx_hal_tim.o
                0x00000000081013bc                HAL_TIM_IRQHandler
 .text.HAL_TIM_OC_DelayElapsedCallback
                0x00000000081015fa       0x14 ./Drivers/STM32H7xx_HAL_Driver/stm32h7xx_hal_tim.o
                0x00000000081015fa                HAL_TIM_OC_DelayElapsedCallback
 .text.HAL_TIM_IC_CaptureCallback
                0x000000000810160e       0x14 ./Drivers/STM32H7xx_HAL_Driver/stm32h7xx_hal_tim.o
                0x000000000810160e                HAL_TIM_IC_CaptureCallback
 .text.HAL_TIM_PWM_PulseFinishedCallback
                0x0000000008101622       0x14 ./Drivers/STM32H7xx_HAL_Driver/stm32h7xx_hal_tim.o
                0x0000000008101622                HAL_TIM_PWM_PulseFinishedCallback
 .text.HAL_TIM_TriggerCallback
                0x0000000008101636       0x14 ./Drivers/STM32H7xx_HAL_Driver/stm32h7xx_hal_tim.o
                0x0000000008101636                HAL_TIM_TriggerCallback
 *fill*         0x000000000810164a        0x2 
 .text.TIM_Base_SetConfig
                0x000000000810164c      0x134 ./Drivers/STM32H7xx_HAL_Driver/stm32h7xx_hal_tim.o
                0x000000000810164c                TIM_Base_SetConfig
 .text.HAL_TIMEx_CommutCallback
                0x0000000008101780       0x14 ./Drivers/STM32H7xx_HAL_Driver/stm32h7xx_hal_tim_ex.o
                0x0000000008101780                HAL_TIMEx_CommutCallback
 .text.HAL_TIMEx_BreakCallback
                0x0000000008101794       0x14 ./Drivers/STM32H7xx_HAL_Driver/stm32h7xx_hal_tim_ex.o
                0x0000000008101794                HAL_TIMEx_BreakCallback
 .text.HAL_TIMEx_Break2Callback
                0x00000000081017a8       0x14 ./Drivers/STM32H7xx_HAL_Driver/stm32h7xx_hal_tim_ex.o
                0x00000000081017a8                HAL_TIMEx_Break2Callback
 .text.makeFreeRtosPriority
                0x00000000081017bc       0x30 ./Middlewares/Third_Party/FreeRTOS/cmsis_os.o
 .text.osKernelStart
                0x00000000081017ec        0xe ./Middlewares/Third_Party/FreeRTOS/cmsis_os.o
                0x00000000081017ec                osKernelStart
 .text.osThreadCreate
                0x00000000081017fa       0x98 ./Middlewares/Third_Party/FreeRTOS/cmsis_os.o
                0x00000000081017fa                osThreadCreate
 .text.osDelay  0x0000000008101892       0x28 ./Middlewares/Third_Party/FreeRTOS/cmsis_os.o
                0x0000000008101892                osDelay
 *fill*         0x00000000081018ba        0x2 
 .text.pvPortMalloc
                0x00000000081018bc      0x198 ./Middlewares/Third_Party/FreeRTOS/heap_4.o
                0x00000000081018bc                pvPortMalloc
 .text.vPortFree
                0x0000000008101a54       0xc4 ./Middlewares/Third_Party/FreeRTOS/heap_4.o
                0x0000000008101a54                vPortFree
 .text.prvHeapInit
                0x0000000008101b18       0xc4 ./Middlewares/Third_Party/FreeRTOS/heap_4.o
 .text.prvInsertBlockIntoFreeList
                0x0000000008101bdc       0xb4 ./Middlewares/Third_Party/FreeRTOS/heap_4.o
 .text.vListInitialise
                0x0000000008101c90       0x40 ./Middlewares/Third_Party/FreeRTOS/list.o
                0x0000000008101c90                vListInitialise
 .text.vListInitialiseItem
                0x0000000008101cd0       0x1a ./Middlewares/Third_Party/FreeRTOS/list.o
                0x0000000008101cd0                vListInitialiseItem
 .text.vListInsertEnd
                0x0000000008101cea       0x48 ./Middlewares/Third_Party/FreeRTOS/list.o
                0x0000000008101cea                vListInsertEnd
 .text.vListInsert
                0x0000000008101d32       0x72 ./Middlewares/Third_Party/FreeRTOS/list.o
                0x0000000008101d32                vListInsert
 .text.uxListRemove
                0x0000000008101da4       0x54 ./Middlewares/Third_Party/FreeRTOS/list.o
                0x0000000008101da4                uxListRemove
 .text.pxPortInitialiseStack
                0x0000000008101df8       0x68 ./Middlewares/Third_Party/FreeRTOS/port.o
                0x0000000008101df8                pxPortInitialiseStack
 .text.prvTaskExitError
                0x0000000008101e60       0x58 ./Middlewares/Third_Party/FreeRTOS/port.o
 *fill*         0x0000000008101eb8        0x8 
 .text.SVC_Handler
                0x0000000008101ec0       0x28 ./Middlewares/Third_Party/FreeRTOS/port.o
                0x0000000008101ec0                SVC_Handler
 .text.prvPortStartFirstTask
                0x0000000008101ee8       0x28 ./Middlewares/Third_Party/FreeRTOS/port.o
 .text.xPortStartScheduler
                0x0000000008101f10      0x144 ./Middlewares/Third_Party/FreeRTOS/port.o
                0x0000000008101f10                xPortStartScheduler
 .text.vPortEnterCritical
                0x0000000008102054       0x60 ./Middlewares/Third_Party/FreeRTOS/port.o
                0x0000000008102054                vPortEnterCritical
 .text.vPortExitCritical
                0x00000000081020b4       0x54 ./Middlewares/Third_Party/FreeRTOS/port.o
                0x00000000081020b4                vPortExitCritical
 *fill*         0x0000000008102108        0x8 
 .text.PendSV_Handler
                0x0000000008102110       0x68 ./Middlewares/Third_Party/FreeRTOS/port.o
                0x0000000008102110                PendSV_Handler
 .text.SysTick_Handler
                0x0000000008102178       0x44 ./Middlewares/Third_Party/FreeRTOS/port.o
                0x0000000008102178                SysTick_Handler
 .text.vPortSetupTimerInterrupt
                0x00000000081021bc       0x48 ./Middlewares/Third_Party/FreeRTOS/port.o
                0x00000000081021bc                vPortSetupTimerInterrupt
 .text.vPortEnableVFP
                0x0000000008102204       0x14 ./Middlewares/Third_Party/FreeRTOS/port.o
 .text.xTaskCreateStatic
                0x0000000008102218       0xba ./Middlewares/Third_Party/FreeRTOS/tasks.o
                0x0000000008102218                xTaskCreateStatic
 .text.xTaskCreate
                0x00000000081022d2       0x8a ./Middlewares/Third_Party/FreeRTOS/tasks.o
                0x00000000081022d2                xTaskCreate
 .text.prvInitialiseNewTask
                0x000000000810235c      0x10e ./Middlewares/Third_Party/FreeRTOS/tasks.o
 *fill*         0x000000000810246a        0x2 
 .text.prvAddNewTaskToReadyList
                0x000000000810246c       0xd4 ./Middlewares/Third_Party/FreeRTOS/tasks.o
 .text.vTaskDelay
                0x0000000008102540       0x68 ./Middlewares/Third_Party/FreeRTOS/tasks.o
                0x0000000008102540                vTaskDelay
 .text.vTaskStartScheduler
                0x00000000081025a8       0xc0 ./Middlewares/Third_Party/FreeRTOS/tasks.o
                0x00000000081025a8                vTaskStartScheduler
 .text.vTaskSuspendAll
                0x0000000008102668       0x1c ./Middlewares/Third_Party/FreeRTOS/tasks.o
                0x0000000008102668                vTaskSuspendAll
 .text.xTaskResumeAll
                0x0000000008102684      0x138 ./Middlewares/Third_Party/FreeRTOS/tasks.o
                0x0000000008102684                xTaskResumeAll
 .text.xTaskIncrementTick
                0x00000000081027bc      0x170 ./Middlewares/Third_Party/FreeRTOS/tasks.o
                0x00000000081027bc                xTaskIncrementTick
 .text.vTaskSwitchContext
                0x000000000810292c       0xb8 ./Middlewares/Third_Party/FreeRTOS/tasks.o
                0x000000000810292c                vTaskSwitchContext
 .text.prvIdleTask
                0x00000000081029e4       0x30 ./Middlewares/Third_Party/FreeRTOS/tasks.o
 .text.prvInitialiseTaskLists
                0x0000000008102a14       0x80 ./Middlewares/Third_Party/FreeRTOS/tasks.o
 .text.prvCheckTasksWaitingTermination
                0x0000000008102a94       0x5c ./Middlewares/Third_Party/FreeRTOS/tasks.o
 .text.prvDeleteTCB
                0x0000000008102af0       0x5e ./Middlewares/Third_Party/FreeRTOS/tasks.o
 *fill*         0x0000000008102b4e        0x2 
 .text.prvResetNextTaskUnblockTime
                0x0000000008102b50       0x40 ./Middlewares/Third_Party/FreeRTOS/tasks.o
 .text.prvAddCurrentTaskToDelayedList
                0x0000000008102b90       0xcc ./Middlewares/Third_Party/FreeRTOS/tasks.o
 .text.__libc_init_array
                0x0000000008102c5c       0x48 c:/st/stm32cubeide_1.7.0/stm32cubeide/plugins/com.st.stm32cube.ide.mcu.externaltools.gnu-tools-for-stm32.9-2020-q2-update.win32_2.0.0.202105311346/tools/bin/../lib/gcc/arm-none-eabi/9.3.1/../../../../arm-none-eabi/lib/thumb/v7e-m+fp/hard\libc_nano.a(lib_a-init.o)
                0x0000000008102c5c                __libc_init_array
 *(.glue_7)
 .glue_7        0x0000000008102ca4        0x0 linker stubs
 *(.glue_7t)
 .glue_7t       0x0000000008102ca4        0x0 linker stubs
 *(.eh_frame)
 .eh_frame      0x0000000008102ca4        0x0 c:/st/stm32cubeide_1.7.0/stm32cubeide/plugins/com.st.stm32cube.ide.mcu.externaltools.gnu-tools-for-stm32.9-2020-q2-update.win32_2.0.0.202105311346/tools/bin/../lib/gcc/arm-none-eabi/9.3.1/thumb/v7e-m+fp/hard/crtbegin.o
 *(.init)
 .init          0x0000000008102ca4        0x4 c:/st/stm32cubeide_1.7.0/stm32cubeide/plugins/com.st.stm32cube.ide.mcu.externaltools.gnu-tools-for-stm32.9-2020-q2-update.win32_2.0.0.202105311346/tools/bin/../lib/gcc/arm-none-eabi/9.3.1/thumb/v7e-m+fp/hard/crti.o
                0x0000000008102ca4                _init
 .init          0x0000000008102ca8        0x8 c:/st/stm32cubeide_1.7.0/stm32cubeide/plugins/com.st.stm32cube.ide.mcu.externaltools.gnu-tools-for-stm32.9-2020-q2-update.win32_2.0.0.202105311346/tools/bin/../lib/gcc/arm-none-eabi/9.3.1/thumb/v7e-m+fp/hard/crtn.o
 *(.fini)
 .fini          0x0000000008102cb0        0x4 c:/st/stm32cubeide_1.7.0/stm32cubeide/plugins/com.st.stm32cube.ide.mcu.externaltools.gnu-tools-for-stm32.9-2020-q2-update.win32_2.0.0.202105311346/tools/bin/../lib/gcc/arm-none-eabi/9.3.1/thumb/v7e-m+fp/hard/crti.o
                0x0000000008102cb0                _fini
 .fini          0x0000000008102cb4        0x8 c:/st/stm32cubeide_1.7.0/stm32cubeide/plugins/com.st.stm32cube.ide.mcu.externaltools.gnu-tools-for-stm32.9-2020-q2-update.win32_2.0.0.202105311346/tools/bin/../lib/gcc/arm-none-eabi/9.3.1/thumb/v7e-m+fp/hard/crtn.o
                0x0000000008102cbc                . = ALIGN (0x4)
                0x0000000008102cbc                _etext = .

.vfp11_veneer   0x0000000008102cbc        0x0
 .vfp11_veneer  0x0000000008102cbc        0x0 linker stubs

.v4_bx          0x0000000008102cbc        0x0
 .v4_bx         0x0000000008102cbc        0x0 linker stubs

.iplt           0x0000000008102cbc        0x0
 .iplt          0x0000000008102cbc        0x0 c:/st/stm32cubeide_1.7.0/stm32cubeide/plugins/com.st.stm32cube.ide.mcu.externaltools.gnu-tools-for-stm32.9-2020-q2-update.win32_2.0.0.202105311346/tools/bin/../lib/gcc/arm-none-eabi/9.3.1/thumb/v7e-m+fp/hard/crtbegin.o

.rodata         0x0000000008102cbc       0x40
                0x0000000008102cbc                . = ALIGN (0x4)
 *(.rodata)
 .rodata        0x0000000008102cbc       0x28 ./Core/Src/main.o
 .rodata        0x0000000008102ce4        0x5 ./Middlewares/Third_Party/FreeRTOS/tasks.o
 *(.rodata*)
 *fill*         0x0000000008102ce9        0x3 
 .rodata.D1CorePrescTable
                0x0000000008102cec       0x10 ./Common/Src/system_stm32h7xx_dualcore_boot_cm4_cm7.o
                0x0000000008102cec                D1CorePrescTable
                0x0000000008102cfc                . = ALIGN (0x4)

.rel.dyn        0x0000000008102cfc        0x0
 .rel.iplt      0x0000000008102cfc        0x0 c:/st/stm32cubeide_1.7.0/stm32cubeide/plugins/com.st.stm32cube.ide.mcu.externaltools.gnu-tools-for-stm32.9-2020-q2-update.win32_2.0.0.202105311346/tools/bin/../lib/gcc/arm-none-eabi/9.3.1/thumb/v7e-m+fp/hard/crtbegin.o

.ARM.extab
 *(.ARM.extab* .gnu.linkonce.armextab.*)

.ARM            0x0000000008102cfc        0x0
                0x0000000008102cfc                __exidx_start = .
 *(.ARM.exidx*)
                0x0000000008102cfc                __exidx_end = .

.preinit_array  0x0000000008102cfc        0x0
                0x0000000008102cfc                PROVIDE (__preinit_array_start = .)
 *(.preinit_array*)
                0x0000000008102cfc                PROVIDE (__preinit_array_end = .)

.init_array     0x0000000008102cfc        0x4
                0x0000000008102cfc                PROVIDE (__init_array_start = .)
 *(SORT_BY_NAME(.init_array.*))
 *(.init_array*)
 .init_array    0x0000000008102cfc        0x4 c:/st/stm32cubeide_1.7.0/stm32cubeide/plugins/com.st.stm32cube.ide.mcu.externaltools.gnu-tools-for-stm32.9-2020-q2-update.win32_2.0.0.202105311346/tools/bin/../lib/gcc/arm-none-eabi/9.3.1/thumb/v7e-m+fp/hard/crtbegin.o
                0x0000000008102d00                PROVIDE (__init_array_end = .)

.fini_array     0x0000000008102d00        0x4
                [!provide]                        PROVIDE (__fini_array_start = .)
 *(SORT_BY_NAME(.fini_array.*))
 *(.fini_array*)
 .fini_array    0x0000000008102d00        0x4 c:/st/stm32cubeide_1.7.0/stm32cubeide/plugins/com.st.stm32cube.ide.mcu.externaltools.gnu-tools-for-stm32.9-2020-q2-update.win32_2.0.0.202105311346/tools/bin/../lib/gcc/arm-none-eabi/9.3.1/thumb/v7e-m+fp/hard/crtbegin.o
                [!provide]                        PROVIDE (__fini_array_end = .)
                0x0000000008102d04                _sidata = LOADADDR (.data)

.data           0x0000000010000000       0x14 load address 0x0000000008102d04
                0x0000000010000000                . = ALIGN (0x4)
                0x0000000010000000                _sdata = .
 *(.data)
 *(.data*)
 .data.SystemCoreClock
                0x0000000010000000        0x4 ./Common/Src/system_stm32h7xx_dualcore_boot_cm4_cm7.o
                0x0000000010000000                SystemCoreClock
 .data.SystemD2Clock
                0x0000000010000004        0x4 ./Common/Src/system_stm32h7xx_dualcore_boot_cm4_cm7.o
                0x0000000010000004                SystemD2Clock
 .data.uwTickPrio
                0x0000000010000008        0x4 ./Drivers/STM32H7xx_HAL_Driver/stm32h7xx_hal.o
                0x0000000010000008                uwTickPrio
 .data.uwTickFreq
                0x000000001000000c        0x1 ./Drivers/STM32H7xx_HAL_Driver/stm32h7xx_hal.o
                0x000000001000000c                uwTickFreq
 *fill*         0x000000001000000d        0x3 
 .data.uxCriticalNesting
                0x0000000010000010        0x4 ./Middlewares/Third_Party/FreeRTOS/port.o
 *(.RamFunc)
 *(.RamFunc*)
                0x0000000010000014                . = ALIGN (0x4)
                0x0000000010000014                _edata = .

.igot.plt       0x0000000010000014        0x0 load address 0x0000000008102d18
 .igot.plt      0x0000000010000014        0x0 c:/st/stm32cubeide_1.7.0/stm32cubeide/plugins/com.st.stm32cube.ide.mcu.externaltools.gnu-tools-for-stm32.9-2020-q2-update.win32_2.0.0.202105311346/tools/bin/../lib/gcc/arm-none-eabi/9.3.1/thumb/v7e-m+fp/hard/crtbegin.o
                0x0000000010000014                . = ALIGN (0x4)

.bss            0x0000000010000014     0x4164 load address 0x0000000008102d18
                0x0000000010000014                _sbss = .
                0x0000000010000014                __bss_start__ = _sbss
 *(.bss)
 .bss           0x0000000010000014       0x1c c:/st/stm32cubeide_1.7.0/stm32cubeide/plugins/com.st.stm32cube.ide.mcu.externaltools.gnu-tools-for-stm32.9-2020-q2-update.win32_2.0.0.202105311346/tools/bin/../lib/gcc/arm-none-eabi/9.3.1/thumb/v7e-m+fp/hard/crtbegin.o
 *(.bss*)
 .bss.xIdleTaskTCBBuffer
                0x0000000010000030       0x54 ./Core/Src/freertos.o
 .bss.xIdleStack
                0x0000000010000084      0x200 ./Core/Src/freertos.o
 .bss.ucHeap    0x0000000010000284     0x3c00 ./Middlewares/Third_Party/FreeRTOS/heap_4.o
 .bss.xStart    0x0000000010003e84        0x8 ./Middlewares/Third_Party/FreeRTOS/heap_4.o
 .bss.pxEnd     0x0000000010003e8c        0x4 ./Middlewares/Third_Party/FreeRTOS/heap_4.o
 .bss.xFreeBytesRemaining
                0x0000000010003e90        0x4 ./Middlewares/Third_Party/FreeRTOS/heap_4.o
 .bss.xMinimumEverFreeBytesRemaining
                0x0000000010003e94        0x4 ./Middlewares/Third_Party/FreeRTOS/heap_4.o
 .bss.xNumberOfSuccessfulAllocations
                0x0000000010003e98        0x4 ./Middlewares/Third_Party/FreeRTOS/heap_4.o
 .bss.xNumberOfSuccessfulFrees
                0x0000000010003e9c        0x4 ./Middlewares/Third_Party/FreeRTOS/heap_4.o
 .bss.xBlockAllocatedBit
                0x0000000010003ea0        0x4 ./Middlewares/Third_Party/FreeRTOS/heap_4.o
 .bss.ucMaxSysCallPriority
                0x0000000010003ea4        0x1 ./Middlewares/Third_Party/FreeRTOS/port.o
 *fill*         0x0000000010003ea5        0x3 
 .bss.ulMaxPRIGROUPValue
                0x0000000010003ea8        0x4 ./Middlewares/Third_Party/FreeRTOS/port.o
 .bss.pxCurrentTCB
                0x0000000010003eac        0x4 ./Middlewares/Third_Party/FreeRTOS/tasks.o
                0x0000000010003eac                pxCurrentTCB
 .bss.pxReadyTasksLists
                0x0000000010003eb0       0x8c ./Middlewares/Third_Party/FreeRTOS/tasks.o
 .bss.xDelayedTaskList1
                0x0000000010003f3c       0x14 ./Middlewares/Third_Party/FreeRTOS/tasks.o
 .bss.xDelayedTaskList2
                0x0000000010003f50       0x14 ./Middlewares/Third_Party/FreeRTOS/tasks.o
 .bss.pxDelayedTaskList
                0x0000000010003f64        0x4 ./Middlewares/Third_Party/FreeRTOS/tasks.o
 .bss.pxOverflowDelayedTaskList
                0x0000000010003f68        0x4 ./Middlewares/Third_Party/FreeRTOS/tasks.o
 .bss.xPendingReadyList
                0x0000000010003f6c       0x14 ./Middlewares/Third_Party/FreeRTOS/tasks.o
 .bss.xTasksWaitingTermination
                0x0000000010003f80       0x14 ./Middlewares/Third_Party/FreeRTOS/tasks.o
 .bss.uxDeletedTasksWaitingCleanUp
                0x0000000010003f94        0x4 ./Middlewares/Third_Party/FreeRTOS/tasks.o
 .bss.xSuspendedTaskList
                0x0000000010003f98       0x14 ./Middlewares/Third_Party/FreeRTOS/tasks.o
 .bss.uxCurrentNumberOfTasks
                0x0000000010003fac        0x4 ./Middlewares/Third_Party/FreeRTOS/tasks.o
 .bss.xTickCount
                0x0000000010003fb0        0x4 ./Middlewares/Third_Party/FreeRTOS/tasks.o
 .bss.uxTopReadyPriority
                0x0000000010003fb4        0x4 ./Middlewares/Third_Party/FreeRTOS/tasks.o
 .bss.xSchedulerRunning
                0x0000000010003fb8        0x4 ./Middlewares/Third_Party/FreeRTOS/tasks.o
 .bss.xPendedTicks
                0x0000000010003fbc        0x4 ./Middlewares/Third_Party/FreeRTOS/tasks.o
 .bss.xYieldPending
                0x0000000010003fc0        0x4 ./Middlewares/Third_Party/FreeRTOS/tasks.o
 .bss.xNumOfOverflows
                0x0000000010003fc4        0x4 ./Middlewares/Third_Party/FreeRTOS/tasks.o
 .bss.uxTaskNumber
                0x0000000010003fc8        0x4 ./Middlewares/Third_Party/FreeRTOS/tasks.o
 .bss.xNextTaskUnblockTime
                0x0000000010003fcc        0x4 ./Middlewares/Third_Party/FreeRTOS/tasks.o
 .bss.xIdleTaskHandle
                0x0000000010003fd0        0x4 ./Middlewares/Third_Party/FreeRTOS/tasks.o
 .bss.uxSchedulerSuspended
                0x0000000010003fd4        0x4 ./Middlewares/Third_Party/FreeRTOS/tasks.o
 *(COMMON)
 COMMON         0x0000000010003fd8      0x150 ./Core/Src/main.o
                0x0000000010003fd8                defaultTaskHandle
                0x0000000010003fdc                huart3
                0x000000001000406c                heth
                0x00000000100040f4                TxConfig
 COMMON         0x0000000010004128       0x4c ./Core/Src/stm32h7xx_hal_timebase_tim.o
                0x0000000010004128                htim2
 COMMON         0x0000000010004174        0x4 ./Drivers/STM32H7xx_HAL_Driver/stm32h7xx_hal.o
                0x0000000010004174                uwTick
                0x0000000010004178                . = ALIGN (0x4)
                0x0000000010004178                _ebss = .
                0x0000000010004178                __bss_end__ = _ebss

._user_heap_stack
                0x0000000010004178      0x600 load address 0x0000000008102d18
                0x0000000010004178                . = ALIGN (0x8)
                [!provide]                        PROVIDE (end = .)
                0x0000000010004178                PROVIDE (_end = .)
                0x0000000010004378                . = (. + _Min_Heap_Size)
 *fill*         0x0000000010004178      0x200 
                0x0000000010004778                . = (. + _Min_Stack_Size)
 *fill*         0x0000000010004378      0x400 
                0x0000000010004778                . = ALIGN (0x8)

/DISCARD/
 libc.a(*)
 libm.a(*)
 libgcc.a(*)

.ARM.attributes
                0x0000000000000000       0x30
 *(.ARM.attributes)
 .ARM.attributes
                0x0000000000000000       0x1e c:/st/stm32cubeide_1.7.0/stm32cubeide/plugins/com.st.stm32cube.ide.mcu.externaltools.gnu-tools-for-stm32.9-2020-q2-update.win32_2.0.0.202105311346/tools/bin/../lib/gcc/arm-none-eabi/9.3.1/thumb/v7e-m+fp/hard/crti.o
 .ARM.attributes
                0x000000000000001e       0x34 c:/st/stm32cubeide_1.7.0/stm32cubeide/plugins/com.st.stm32cube.ide.mcu.externaltools.gnu-tools-for-stm32.9-2020-q2-update.win32_2.0.0.202105311346/tools/bin/../lib/gcc/arm-none-eabi/9.3.1/thumb/v7e-m+fp/hard/crtbegin.o
 .ARM.attributes
                0x0000000000000052       0x34 ./Common/Src/system_stm32h7xx_dualcore_boot_cm4_cm7.o
 .ARM.attributes
                0x0000000000000086       0x34 ./Core/Src/freertos.o
 .ARM.attributes
                0x00000000000000ba       0x34 ./Core/Src/main.o
 .ARM.attributes
                0x00000000000000ee       0x34 ./Core/Src/stm32h7xx_hal_msp.o
 .ARM.attributes
                0x0000000000000122       0x34 ./Core/Src/stm32h7xx_hal_timebase_tim.o
 .ARM.attributes
                0x0000000000000156       0x34 ./Core/Src/stm32h7xx_it.o
 .ARM.attributes
                0x000000000000018a       0x21 ./Core/Startup/startup_stm32h745zitx.o
 .ARM.attributes
                0x00000000000001ab       0x34 ./Drivers/STM32H7xx_HAL_Driver/stm32h7xx_hal.o
 .ARM.attributes
                0x00000000000001df       0x34 ./Drivers/STM32H7xx_HAL_Driver/stm32h7xx_hal_cortex.o
 .ARM.attributes
                0x0000000000000213       0x34 ./Drivers/STM32H7xx_HAL_Driver/stm32h7xx_hal_gpio.o
 .ARM.attributes
                0x0000000000000247       0x34 ./Drivers/STM32H7xx_HAL_Driver/stm32h7xx_hal_hsem.o
 .ARM.attributes
                0x000000000000027b       0x34 ./Drivers/STM32H7xx_HAL_Driver/stm32h7xx_hal_pwr_ex.o
 .ARM.attributes
                0x00000000000002af       0x34 ./Drivers/STM32H7xx_HAL_Driver/stm32h7xx_hal_rcc.o
 .ARM.attributes
                0x00000000000002e3       0x34 ./Drivers/STM32H7xx_HAL_Driver/stm32h7xx_hal_tim.o
 .ARM.attributes
                0x0000000000000317       0x34 ./Drivers/STM32H7xx_HAL_Driver/stm32h7xx_hal_tim_ex.o
 .ARM.attributes
                0x000000000000034b       0x34 ./Middlewares/Third_Party/FreeRTOS/cmsis_os.o
 .ARM.attributes
                0x000000000000037f       0x34 ./Middlewares/Third_Party/FreeRTOS/heap_4.o
 .ARM.attributes
                0x00000000000003b3       0x34 ./Middlewares/Third_Party/FreeRTOS/list.o
 .ARM.attributes
                0x00000000000003e7       0x34 ./Middlewares/Third_Party/FreeRTOS/port.o
 .ARM.attributes
                0x000000000000041b       0x34 ./Middlewares/Third_Party/FreeRTOS/tasks.o
 .ARM.attributes
                0x000000000000044f       0x34 c:/st/stm32cubeide_1.7.0/stm32cubeide/plugins/com.st.stm32cube.ide.mcu.externaltools.gnu-tools-for-stm32.9-2020-q2-update.win32_2.0.0.202105311346/tools/bin/../lib/gcc/arm-none-eabi/9.3.1/../../../../arm-none-eabi/lib/thumb/v7e-m+fp/hard\libc_nano.a(lib_a-init.o)
 .ARM.attributes
                0x0000000000000483       0x1e c:/st/stm32cubeide_1.7.0/stm32cubeide/plugins/com.st.stm32cube.ide.mcu.externaltools.gnu-tools-for-stm32.9-2020-q2-update.win32_2.0.0.202105311346/tools/bin/../lib/gcc/arm-none-eabi/9.3.1/thumb/v7e-m+fp/hard/crtn.o
OUTPUT(PruebaLED2_CM4.elf elf32-littlearm)
LOAD linker stubs
LOAD c:/st/stm32cubeide_1.7.0/stm32cubeide/plugins/com.st.stm32cube.ide.mcu.externaltools.gnu-tools-for-stm32.9-2020-q2-update.win32_2.0.0.202105311346/tools/bin/../lib/gcc/arm-none-eabi/9.3.1/../../../../arm-none-eabi/lib/thumb/v7e-m+fp/hard\libc.a
LOAD c:/st/stm32cubeide_1.7.0/stm32cubeide/plugins/com.st.stm32cube.ide.mcu.externaltools.gnu-tools-for-stm32.9-2020-q2-update.win32_2.0.0.202105311346/tools/bin/../lib/gcc/arm-none-eabi/9.3.1/../../../../arm-none-eabi/lib/thumb/v7e-m+fp/hard\libm.a
LOAD c:/st/stm32cubeide_1.7.0/stm32cubeide/plugins/com.st.stm32cube.ide.mcu.externaltools.gnu-tools-for-stm32.9-2020-q2-update.win32_2.0.0.202105311346/tools/bin/../lib/gcc/arm-none-eabi/9.3.1/thumb/v7e-m+fp/hard\libgcc.a

.debug_info     0x0000000000000000    0x1fc9f
 .debug_info    0x0000000000000000     0x11f9 ./Common/Src/system_stm32h7xx_dualcore_boot_cm4_cm7.o
 .debug_info    0x00000000000011f9      0xd4b ./Core/Src/freertos.o
 .debug_info    0x0000000000001f44     0x300b ./Core/Src/main.o
 .debug_info    0x0000000000004f4f     0x2afd ./Core/Src/stm32h7xx_hal_msp.o
 .debug_info    0x0000000000007a4c     0x1b16 ./Core/Src/stm32h7xx_hal_timebase_tim.o
 .debug_info    0x0000000000009562     0x12ba ./Core/Src/stm32h7xx_it.o
 .debug_info    0x000000000000a81c       0x22 ./Core/Startup/startup_stm32h745zitx.o
 .debug_info    0x000000000000a83e     0x222b ./Drivers/STM32H7xx_HAL_Driver/stm32h7xx_hal.o
 .debug_info    0x000000000000ca69     0x1a52 ./Drivers/STM32H7xx_HAL_Driver/stm32h7xx_hal_cortex.o
 .debug_info    0x000000000000e4bb     0x189e ./Drivers/STM32H7xx_HAL_Driver/stm32h7xx_hal_gpio.o
 .debug_info    0x000000000000fd59      0xed3 ./Drivers/STM32H7xx_HAL_Driver/stm32h7xx_hal_hsem.o
 .debug_info    0x0000000000010c2c     0x1b6e ./Drivers/STM32H7xx_HAL_Driver/stm32h7xx_hal_pwr_ex.o
 .debug_info    0x000000000001279a     0x194f ./Drivers/STM32H7xx_HAL_Driver/stm32h7xx_hal_rcc.o
 .debug_info    0x00000000000140e9     0x3639 ./Drivers/STM32H7xx_HAL_Driver/stm32h7xx_hal_tim.o
 .debug_info    0x0000000000017722     0x21cf ./Drivers/STM32H7xx_HAL_Driver/stm32h7xx_hal_tim_ex.o
 .debug_info    0x00000000000198f1     0x203c ./Middlewares/Third_Party/FreeRTOS/cmsis_os.o
 .debug_info    0x000000000001b92d      0xd8a ./Middlewares/Third_Party/FreeRTOS/heap_4.o
 .debug_info    0x000000000001c6b7      0xb82 ./Middlewares/Third_Party/FreeRTOS/list.o
 .debug_info    0x000000000001d239      0x4f1 ./Middlewares/Third_Party/FreeRTOS/port.o
 .debug_info    0x000000000001d72a     0x2575 ./Middlewares/Third_Party/FreeRTOS/tasks.o

.debug_abbrev   0x0000000000000000     0x365c
 .debug_abbrev  0x0000000000000000      0x251 ./Common/Src/system_stm32h7xx_dualcore_boot_cm4_cm7.o
 .debug_abbrev  0x0000000000000251      0x1f9 ./Core/Src/freertos.o
 .debug_abbrev  0x000000000000044a      0x333 ./Core/Src/main.o
 .debug_abbrev  0x000000000000077d      0x285 ./Core/Src/stm32h7xx_hal_msp.o
 .debug_abbrev  0x0000000000000a02      0x271 ./Core/Src/stm32h7xx_hal_timebase_tim.o
 .debug_abbrev  0x0000000000000c73      0x211 ./Core/Src/stm32h7xx_it.o
 .debug_abbrev  0x0000000000000e84       0x12 ./Core/Startup/startup_stm32h745zitx.o
 .debug_abbrev  0x0000000000000e96      0x324 ./Drivers/STM32H7xx_HAL_Driver/stm32h7xx_hal.o
 .debug_abbrev  0x00000000000011ba      0x409 ./Drivers/STM32H7xx_HAL_Driver/stm32h7xx_hal_cortex.o
 .debug_abbrev  0x00000000000015c3      0x2cb ./Drivers/STM32H7xx_HAL_Driver/stm32h7xx_hal_gpio.o
 .debug_abbrev  0x000000000000188e      0x2e9 ./Drivers/STM32H7xx_HAL_Driver/stm32h7xx_hal_hsem.o
 .debug_abbrev  0x0000000000001b77      0x37d ./Drivers/STM32H7xx_HAL_Driver/stm32h7xx_hal_pwr_ex.o
 .debug_abbrev  0x0000000000001ef4      0x322 ./Drivers/STM32H7xx_HAL_Driver/stm32h7xx_hal_rcc.o
 .debug_abbrev  0x0000000000002216      0x2f9 ./Drivers/STM32H7xx_HAL_Driver/stm32h7xx_hal_tim.o
 .debug_abbrev  0x000000000000250f      0x301 ./Drivers/STM32H7xx_HAL_Driver/stm32h7xx_hal_tim_ex.o
 .debug_abbrev  0x0000000000002810      0x3d1 ./Middlewares/Third_Party/FreeRTOS/cmsis_os.o
 .debug_abbrev  0x0000000000002be1      0x2d3 ./Middlewares/Third_Party/FreeRTOS/heap_4.o
 .debug_abbrev  0x0000000000002eb4      0x1f7 ./Middlewares/Third_Party/FreeRTOS/list.o
 .debug_abbrev  0x00000000000030ab      0x231 ./Middlewares/Third_Party/FreeRTOS/port.o
 .debug_abbrev  0x00000000000032dc      0x380 ./Middlewares/Third_Party/FreeRTOS/tasks.o

.debug_aranges  0x0000000000000000     0x1170
 .debug_aranges
                0x0000000000000000       0x28 ./Common/Src/system_stm32h7xx_dualcore_boot_cm4_cm7.o
 .debug_aranges
                0x0000000000000028       0x20 ./Core/Src/freertos.o
 .debug_aranges
                0x0000000000000048       0x50 ./Core/Src/main.o
 .debug_aranges
                0x0000000000000098       0x40 ./Core/Src/stm32h7xx_hal_msp.o
 .debug_aranges
                0x00000000000000d8       0x30 ./Core/Src/stm32h7xx_hal_timebase_tim.o
 .debug_aranges
                0x0000000000000108       0x50 ./Core/Src/stm32h7xx_it.o
 .debug_aranges
                0x0000000000000158       0x28 ./Core/Startup/startup_stm32h745zitx.o
 .debug_aranges
                0x0000000000000180      0x200 ./Drivers/STM32H7xx_HAL_Driver/stm32h7xx_hal.o
 .debug_aranges
                0x0000000000000380      0x120 ./Drivers/STM32H7xx_HAL_Driver/stm32h7xx_hal_cortex.o
 .debug_aranges
                0x00000000000004a0       0x58 ./Drivers/STM32H7xx_HAL_Driver/stm32h7xx_hal_gpio.o
 .debug_aranges
                0x00000000000004f8       0x70 ./Drivers/STM32H7xx_HAL_Driver/stm32h7xx_hal_hsem.o
 .debug_aranges
                0x0000000000000568      0x170 ./Drivers/STM32H7xx_HAL_Driver/stm32h7xx_hal_pwr_ex.o
 .debug_aranges
                0x00000000000006d8       0x88 ./Drivers/STM32H7xx_HAL_Driver/stm32h7xx_hal_rcc.o
 .debug_aranges
                0x0000000000000760      0x3e0 ./Drivers/STM32H7xx_HAL_Driver/stm32h7xx_hal_tim.o
 .debug_aranges
                0x0000000000000b40      0x188 ./Drivers/STM32H7xx_HAL_Driver/stm32h7xx_hal_tim_ex.o
 .debug_aranges
                0x0000000000000cc8      0x1d8 ./Middlewares/Third_Party/FreeRTOS/cmsis_os.o
 .debug_aranges
                0x0000000000000ea0       0x58 ./Middlewares/Third_Party/FreeRTOS/heap_4.o
 .debug_aranges
                0x0000000000000ef8       0x40 ./Middlewares/Third_Party/FreeRTOS/list.o
 .debug_aranges
                0x0000000000000f38       0x80 ./Middlewares/Third_Party/FreeRTOS/port.o
 .debug_aranges
                0x0000000000000fb8      0x1b8 ./Middlewares/Third_Party/FreeRTOS/tasks.o

.debug_ranges   0x0000000000000000     0x1038
 .debug_ranges  0x0000000000000000       0x18 ./Common/Src/system_stm32h7xx_dualcore_boot_cm4_cm7.o
 .debug_ranges  0x0000000000000018       0x10 ./Core/Src/freertos.o
 .debug_ranges  0x0000000000000028       0x40 ./Core/Src/main.o
 .debug_ranges  0x0000000000000068       0x30 ./Core/Src/stm32h7xx_hal_msp.o
 .debug_ranges  0x0000000000000098       0x20 ./Core/Src/stm32h7xx_hal_timebase_tim.o
 .debug_ranges  0x00000000000000b8       0x40 ./Core/Src/stm32h7xx_it.o
 .debug_ranges  0x00000000000000f8       0x20 ./Core/Startup/startup_stm32h745zitx.o
 .debug_ranges  0x0000000000000118      0x1f0 ./Drivers/STM32H7xx_HAL_Driver/stm32h7xx_hal.o
 .debug_ranges  0x0000000000000308      0x110 ./Drivers/STM32H7xx_HAL_Driver/stm32h7xx_hal_cortex.o
 .debug_ranges  0x0000000000000418       0x48 ./Drivers/STM32H7xx_HAL_Driver/stm32h7xx_hal_gpio.o
 .debug_ranges  0x0000000000000460       0x60 ./Drivers/STM32H7xx_HAL_Driver/stm32h7xx_hal_hsem.o
 .debug_ranges  0x00000000000004c0      0x160 ./Drivers/STM32H7xx_HAL_Driver/stm32h7xx_hal_pwr_ex.o
 .debug_ranges  0x0000000000000620       0x78 ./Drivers/STM32H7xx_HAL_Driver/stm32h7xx_hal_rcc.o
 .debug_ranges  0x0000000000000698      0x3d0 ./Drivers/STM32H7xx_HAL_Driver/stm32h7xx_hal_tim.o
 .debug_ranges  0x0000000000000a68      0x178 ./Drivers/STM32H7xx_HAL_Driver/stm32h7xx_hal_tim_ex.o
 .debug_ranges  0x0000000000000be0      0x1c8 ./Middlewares/Third_Party/FreeRTOS/cmsis_os.o
 .debug_ranges  0x0000000000000da8       0x48 ./Middlewares/Third_Party/FreeRTOS/heap_4.o
 .debug_ranges  0x0000000000000df0       0x30 ./Middlewares/Third_Party/FreeRTOS/list.o
 .debug_ranges  0x0000000000000e20       0x70 ./Middlewares/Third_Party/FreeRTOS/port.o
 .debug_ranges  0x0000000000000e90      0x1a8 ./Middlewares/Third_Party/FreeRTOS/tasks.o

.debug_macro    0x0000000000000000    0x3b34e
 .debug_macro   0x0000000000000000      0x2c4 ./Common/Src/system_stm32h7xx_dualcore_boot_cm4_cm7.o
 .debug_macro   0x00000000000002c4      0xaae ./Common/Src/system_stm32h7xx_dualcore_boot_cm4_cm7.o
 .debug_macro   0x0000000000000d72       0x2e ./Common/Src/system_stm32h7xx_dualcore_boot_cm4_cm7.o
 .debug_macro   0x0000000000000da0       0x3b ./Common/Src/system_stm32h7xx_dualcore_boot_cm4_cm7.o
 .debug_macro   0x0000000000000ddb       0x22 ./Common/Src/system_stm32h7xx_dualcore_boot_cm4_cm7.o
 .debug_macro   0x0000000000000dfd       0x8e ./Common/Src/system_stm32h7xx_dualcore_boot_cm4_cm7.o
 .debug_macro   0x0000000000000e8b       0x51 ./Common/Src/system_stm32h7xx_dualcore_boot_cm4_cm7.o
 .debug_macro   0x0000000000000edc      0x103 ./Common/Src/system_stm32h7xx_dualcore_boot_cm4_cm7.o
 .debug_macro   0x0000000000000fdf       0x6a ./Common/Src/system_stm32h7xx_dualcore_boot_cm4_cm7.o
 .debug_macro   0x0000000000001049      0x1df ./Common/Src/system_stm32h7xx_dualcore_boot_cm4_cm7.o
 .debug_macro   0x0000000000001228       0x1c ./Common/Src/system_stm32h7xx_dualcore_boot_cm4_cm7.o
 .debug_macro   0x0000000000001244       0x22 ./Common/Src/system_stm32h7xx_dualcore_boot_cm4_cm7.o
 .debug_macro   0x0000000000001266      0x101 ./Common/Src/system_stm32h7xx_dualcore_boot_cm4_cm7.o
 .debug_macro   0x0000000000001367     0x1011 ./Common/Src/system_stm32h7xx_dualcore_boot_cm4_cm7.o
 .debug_macro   0x0000000000002378      0x11f ./Common/Src/system_stm32h7xx_dualcore_boot_cm4_cm7.o
 .debug_macro   0x0000000000002497    0x26895 ./Common/Src/system_stm32h7xx_dualcore_boot_cm4_cm7.o
 .debug_macro   0x0000000000028d2c       0x43 ./Common/Src/system_stm32h7xx_dualcore_boot_cm4_cm7.o
 .debug_macro   0x0000000000028d6f      0x23e ./Common/Src/system_stm32h7xx_dualcore_boot_cm4_cm7.o
 .debug_macro   0x0000000000028fad     0x3cd3 ./Common/Src/system_stm32h7xx_dualcore_boot_cm4_cm7.o
 .debug_macro   0x000000000002cc80      0x174 ./Common/Src/system_stm32h7xx_dualcore_boot_cm4_cm7.o
 .debug_macro   0x000000000002cdf4       0x52 ./Common/Src/system_stm32h7xx_dualcore_boot_cm4_cm7.o
 .debug_macro   0x000000000002ce46       0x18 ./Common/Src/system_stm32h7xx_dualcore_boot_cm4_cm7.o
 .debug_macro   0x000000000002ce5e       0x3c ./Common/Src/system_stm32h7xx_dualcore_boot_cm4_cm7.o
 .debug_macro   0x000000000002ce9a       0x34 ./Common/Src/system_stm32h7xx_dualcore_boot_cm4_cm7.o
 .debug_macro   0x000000000002cece       0x16 ./Common/Src/system_stm32h7xx_dualcore_boot_cm4_cm7.o
 .debug_macro   0x000000000002cee4       0x43 ./Common/Src/system_stm32h7xx_dualcore_boot_cm4_cm7.o
 .debug_macro   0x000000000002cf27       0x34 ./Common/Src/system_stm32h7xx_dualcore_boot_cm4_cm7.o
 .debug_macro   0x000000000002cf5b       0x10 ./Common/Src/system_stm32h7xx_dualcore_boot_cm4_cm7.o
 .debug_macro   0x000000000002cf6b       0x58 ./Common/Src/system_stm32h7xx_dualcore_boot_cm4_cm7.o
 .debug_macro   0x000000000002cfc3       0x71 ./Common/Src/system_stm32h7xx_dualcore_boot_cm4_cm7.o
 .debug_macro   0x000000000002d034       0x1c ./Common/Src/system_stm32h7xx_dualcore_boot_cm4_cm7.o
 .debug_macro   0x000000000002d050      0x12a ./Common/Src/system_stm32h7xx_dualcore_boot_cm4_cm7.o
 .debug_macro   0x000000000002d17a      0x333 ./Common/Src/system_stm32h7xx_dualcore_boot_cm4_cm7.o
 .debug_macro   0x000000000002d4ad      0x1a9 ./Common/Src/system_stm32h7xx_dualcore_boot_cm4_cm7.o
 .debug_macro   0x000000000002d656       0x5d ./Common/Src/system_stm32h7xx_dualcore_boot_cm4_cm7.o
 .debug_macro   0x000000000002d6b3     0x3a9d ./Common/Src/system_stm32h7xx_dualcore_boot_cm4_cm7.o
 .debug_macro   0x0000000000031150     0x1048 ./Common/Src/system_stm32h7xx_dualcore_boot_cm4_cm7.o
 .debug_macro   0x0000000000032198      0x14d ./Common/Src/system_stm32h7xx_dualcore_boot_cm4_cm7.o
 .debug_macro   0x00000000000322e5      0x133 ./Common/Src/system_stm32h7xx_dualcore_boot_cm4_cm7.o
 .debug_macro   0x0000000000032418      0x3be ./Common/Src/system_stm32h7xx_dualcore_boot_cm4_cm7.o
 .debug_macro   0x00000000000327d6       0x27 ./Common/Src/system_stm32h7xx_dualcore_boot_cm4_cm7.o
 .debug_macro   0x00000000000327fd      0x72d ./Common/Src/system_stm32h7xx_dualcore_boot_cm4_cm7.o
 .debug_macro   0x0000000000032f2a      0x229 ./Common/Src/system_stm32h7xx_dualcore_boot_cm4_cm7.o
 .debug_macro   0x0000000000033153       0x66 ./Common/Src/system_stm32h7xx_dualcore_boot_cm4_cm7.o
 .debug_macro   0x00000000000331b9      0x3bb ./Common/Src/system_stm32h7xx_dualcore_boot_cm4_cm7.o
 .debug_macro   0x0000000000033574      0xa6e ./Common/Src/system_stm32h7xx_dualcore_boot_cm4_cm7.o
 .debug_macro   0x0000000000033fe2      0x129 ./Common/Src/system_stm32h7xx_dualcore_boot_cm4_cm7.o
 .debug_macro   0x000000000003410b      0x408 ./Common/Src/system_stm32h7xx_dualcore_boot_cm4_cm7.o
 .debug_macro   0x0000000000034513      0x244 ./Common/Src/system_stm32h7xx_dualcore_boot_cm4_cm7.o
 .debug_macro   0x0000000000034757      0x3cb ./Common/Src/system_stm32h7xx_dualcore_boot_cm4_cm7.o
 .debug_macro   0x0000000000034b22      0x4a2 ./Common/Src/system_stm32h7xx_dualcore_boot_cm4_cm7.o
 .debug_macro   0x0000000000034fc4       0x51 ./Common/Src/system_stm32h7xx_dualcore_boot_cm4_cm7.o
 .debug_macro   0x0000000000035015       0x4a ./Common/Src/system_stm32h7xx_dualcore_boot_cm4_cm7.o
 .debug_macro   0x000000000003505f      0x22c ./Common/Src/system_stm32h7xx_dualcore_boot_cm4_cm7.o
 .debug_macro   0x000000000003528b       0x67 ./Common/Src/system_stm32h7xx_dualcore_boot_cm4_cm7.o
 .debug_macro   0x00000000000352f2       0xa5 ./Common/Src/system_stm32h7xx_dualcore_boot_cm4_cm7.o
 .debug_macro   0x0000000000035397      0x219 ./Common/Src/system_stm32h7xx_dualcore_boot_cm4_cm7.o
 .debug_macro   0x00000000000355b0      0x2eb ./Common/Src/system_stm32h7xx_dualcore_boot_cm4_cm7.o
 .debug_macro   0x000000000003589b       0x35 ./Common/Src/system_stm32h7xx_dualcore_boot_cm4_cm7.o
 .debug_macro   0x00000000000358d0      0xad7 ./Common/Src/system_stm32h7xx_dualcore_boot_cm4_cm7.o
 .debug_macro   0x00000000000363a7      0x2a0 ./Common/Src/system_stm32h7xx_dualcore_boot_cm4_cm7.o
 .debug_macro   0x0000000000036647      0x67e ./Common/Src/system_stm32h7xx_dualcore_boot_cm4_cm7.o
 .debug_macro   0x0000000000036cc5       0xa6 ./Common/Src/system_stm32h7xx_dualcore_boot_cm4_cm7.o
 .debug_macro   0x0000000000036d6b      0x798 ./Common/Src/system_stm32h7xx_dualcore_boot_cm4_cm7.o
 .debug_macro   0x0000000000037503      0x335 ./Core/Src/freertos.o
 .debug_macro   0x0000000000037838       0xea ./Core/Src/freertos.o
 .debug_macro   0x0000000000037922      0x15a ./Core/Src/freertos.o
 .debug_macro   0x0000000000037a7c       0xde ./Core/Src/freertos.o
 .debug_macro   0x0000000000037b5a       0x1c ./Core/Src/freertos.o
 .debug_macro   0x0000000000037b76       0x26 ./Core/Src/freertos.o
 .debug_macro   0x0000000000037b9c      0x504 ./Core/Src/freertos.o
 .debug_macro   0x00000000000380a0       0xb5 ./Core/Src/freertos.o
 .debug_macro   0x0000000000038155       0xaa ./Core/Src/freertos.o
 .debug_macro   0x00000000000381ff       0x1c ./Core/Src/freertos.o
 .debug_macro   0x000000000003821b      0x3b6 ./Core/Src/main.o
 .debug_macro   0x00000000000385d1       0x16 ./Core/Src/main.o
 .debug_macro   0x00000000000385e7       0x35 ./Core/Src/main.o
 .debug_macro   0x000000000003861c       0x20 ./Core/Src/main.o
 .debug_macro   0x000000000003863c       0xea ./Core/Src/main.o
 .debug_macro   0x0000000000038726       0x91 ./Core/Src/main.o
 .debug_macro   0x00000000000387b7       0x8d ./Core/Src/main.o
 .debug_macro   0x0000000000038844       0x7e ./Core/Src/main.o
 .debug_macro   0x00000000000388c2       0x19 ./Core/Src/main.o
 .debug_macro   0x00000000000388db       0xf2 ./Core/Src/main.o
 .debug_macro   0x00000000000389cd      0x2cd ./Core/Src/stm32h7xx_hal_msp.o
 .debug_macro   0x0000000000038c9a      0x2be ./Core/Src/stm32h7xx_hal_timebase_tim.o
 .debug_macro   0x0000000000038f58      0x2d7 ./Core/Src/stm32h7xx_it.o
 .debug_macro   0x000000000003922f      0x2e8 ./Drivers/STM32H7xx_HAL_Driver/stm32h7xx_hal.o
 .debug_macro   0x0000000000039517      0x2be ./Drivers/STM32H7xx_HAL_Driver/stm32h7xx_hal_cortex.o
 .debug_macro   0x00000000000397d5      0x308 ./Drivers/STM32H7xx_HAL_Driver/stm32h7xx_hal_gpio.o
 .debug_macro   0x0000000000039add      0x2d0 ./Drivers/STM32H7xx_HAL_Driver/stm32h7xx_hal_hsem.o
 .debug_macro   0x0000000000039dad      0x2f7 ./Drivers/STM32H7xx_HAL_Driver/stm32h7xx_hal_pwr_ex.o
 .debug_macro   0x000000000003a0a4      0x2e2 ./Drivers/STM32H7xx_HAL_Driver/stm32h7xx_hal_rcc.o
 .debug_macro   0x000000000003a386      0x2bf ./Drivers/STM32H7xx_HAL_Driver/stm32h7xx_hal_tim.o
 .debug_macro   0x000000000003a645      0x2be ./Drivers/STM32H7xx_HAL_Driver/stm32h7xx_hal_tim_ex.o
 .debug_macro   0x000000000003a903      0x1fe ./Middlewares/Third_Party/FreeRTOS/cmsis_os.o
 .debug_macro   0x000000000003ab01       0x10 ./Middlewares/Third_Party/FreeRTOS/cmsis_os.o
 .debug_macro   0x000000000003ab11       0xe9 ./Middlewares/Third_Party/FreeRTOS/cmsis_os.o
 .debug_macro   0x000000000003abfa      0x1ae ./Middlewares/Third_Party/FreeRTOS/heap_4.o
 .debug_macro   0x000000000003ada8      0x187 ./Middlewares/Third_Party/FreeRTOS/list.o
 .debug_macro   0x000000000003af2f      0x196 ./Middlewares/Third_Party/FreeRTOS/port.o
 .debug_macro   0x000000000003b0c5      0x279 ./Middlewares/Third_Party/FreeRTOS/tasks.o
 .debug_macro   0x000000000003b33e       0x10 ./Middlewares/Third_Party/FreeRTOS/tasks.o

.debug_line     0x0000000000000000    0x135ad
 .debug_line    0x0000000000000000      0xa1e ./Common/Src/system_stm32h7xx_dualcore_boot_cm4_cm7.o
 .debug_line    0x0000000000000a1e      0x99b ./Core/Src/freertos.o
 .debug_line    0x00000000000013b9      0xb95 ./Core/Src/main.o
 .debug_line    0x0000000000001f4e      0x91f ./Core/Src/stm32h7xx_hal_msp.o
 .debug_line    0x000000000000286d      0x90a ./Core/Src/stm32h7xx_hal_timebase_tim.o
 .debug_line    0x0000000000003177      0x933 ./Core/Src/stm32h7xx_it.o
 .debug_line    0x0000000000003aaa       0x88 ./Core/Startup/startup_stm32h745zitx.o
 .debug_line    0x0000000000003b32      0xfda ./Drivers/STM32H7xx_HAL_Driver/stm32h7xx_hal.o
 .debug_line    0x0000000000004b0c      0xe8a ./Drivers/STM32H7xx_HAL_Driver/stm32h7xx_hal_cortex.o
 .debug_line    0x0000000000005996      0xd45 ./Drivers/STM32H7xx_HAL_Driver/stm32h7xx_hal_gpio.o
 .debug_line    0x00000000000066db      0xa3a ./Drivers/STM32H7xx_HAL_Driver/stm32h7xx_hal_hsem.o
 .debug_line    0x0000000000007115     0x10a5 ./Drivers/STM32H7xx_HAL_Driver/stm32h7xx_hal_pwr_ex.o
 .debug_line    0x00000000000081ba     0x13c4 ./Drivers/STM32H7xx_HAL_Driver/stm32h7xx_hal_rcc.o
 .debug_line    0x000000000000957e     0x3e48 ./Drivers/STM32H7xx_HAL_Driver/stm32h7xx_hal_tim.o
 .debug_line    0x000000000000d3c6     0x1db3 ./Drivers/STM32H7xx_HAL_Driver/stm32h7xx_hal_tim_ex.o
 .debug_line    0x000000000000f179     0x1201 ./Middlewares/Third_Party/FreeRTOS/cmsis_os.o
 .debug_line    0x000000000001037a      0x96f ./Middlewares/Third_Party/FreeRTOS/heap_4.o
 .debug_line    0x0000000000010ce9      0x745 ./Middlewares/Third_Party/FreeRTOS/list.o
 .debug_line    0x000000000001142e      0x82a ./Middlewares/Third_Party/FreeRTOS/port.o
 .debug_line    0x0000000000011c58     0x1955 ./Middlewares/Third_Party/FreeRTOS/tasks.o

.debug_str      0x0000000000000000   0x18d2c2
 .debug_str     0x0000000000000000   0x17f4e0 ./Common/Src/system_stm32h7xx_dualcore_boot_cm4_cm7.o
                                     0x17fa18 (size before relaxing)
 .debug_str     0x000000000017f4e0     0x3f67 ./Core/Src/freertos.o
                                     0x18362a (size before relaxing)
 .debug_str     0x0000000000183447     0x34e6 ./Core/Src/main.o
                                     0x186e32 (size before relaxing)
 .debug_str     0x000000000018692d      0xb67 ./Core/Src/stm32h7xx_hal_msp.o
                                     0x18122a (size before relaxing)
 .debug_str     0x0000000000187494      0x13c ./Core/Src/stm32h7xx_hal_timebase_tim.o
                                     0x180885 (size before relaxing)
 .debug_str     0x00000000001875d0       0xa2 ./Core/Src/stm32h7xx_it.o
                                     0x17fdbc (size before relaxing)
 .debug_str     0x0000000000187672       0x36 ./Core/Startup/startup_stm32h745zitx.o
                                         0x77 (size before relaxing)
 .debug_str     0x00000000001876a8      0x9ab ./Drivers/STM32H7xx_HAL_Driver/stm32h7xx_hal.o
                                     0x180c7a (size before relaxing)
 .debug_str     0x0000000000188053      0x3c8 ./Drivers/STM32H7xx_HAL_Driver/stm32h7xx_hal_cortex.o
                                     0x1804cd (size before relaxing)
 .debug_str     0x000000000018841b      0x268 ./Drivers/STM32H7xx_HAL_Driver/stm32h7xx_hal_gpio.o
                                     0x17fd52 (size before relaxing)
 .debug_str     0x0000000000188683      0x1f5 ./Drivers/STM32H7xx_HAL_Driver/stm32h7xx_hal_hsem.o
                                     0x17f91c (size before relaxing)
 .debug_str     0x0000000000188878      0x6ef ./Drivers/STM32H7xx_HAL_Driver/stm32h7xx_hal_pwr_ex.o
                                     0x1800a1 (size before relaxing)
 .debug_str     0x0000000000188f67      0x4c6 ./Drivers/STM32H7xx_HAL_Driver/stm32h7xx_hal_rcc.o
                                     0x17ff7e (size before relaxing)
 .debug_str     0x000000000018942d      0xe96 ./Drivers/STM32H7xx_HAL_Driver/stm32h7xx_hal_tim.o
                                     0x180c9a (size before relaxing)
 .debug_str     0x000000000018a2c3      0x697 ./Drivers/STM32H7xx_HAL_Driver/stm32h7xx_hal_tim_ex.o
                                     0x180587 (size before relaxing)
 .debug_str     0x000000000018a95a      0x8f6 ./Middlewares/Third_Party/FreeRTOS/cmsis_os.o
                                       0xe638 (size before relaxing)
 .debug_str     0x000000000018b250      0x4ca ./Middlewares/Third_Party/FreeRTOS/heap_4.o
                                       0xb497 (size before relaxing)
 .debug_str     0x000000000018b71a      0x156 ./Middlewares/Third_Party/FreeRTOS/list.o
                                       0xaba4 (size before relaxing)
 .debug_str     0x000000000018b870      0x851 ./Middlewares/Third_Party/FreeRTOS/port.o
                                       0x86e3 (size before relaxing)
 .debug_str     0x000000000018c0c1     0x1201 ./Middlewares/Third_Party/FreeRTOS/tasks.o
                                       0xce0e (size before relaxing)

.comment        0x0000000000000000       0x53
 .comment       0x0000000000000000       0x53 ./Common/Src/system_stm32h7xx_dualcore_boot_cm4_cm7.o
                                         0x54 (size before relaxing)
 .comment       0x0000000000000053       0x54 ./Core/Src/freertos.o
 .comment       0x0000000000000053       0x54 ./Core/Src/main.o
 .comment       0x0000000000000053       0x54 ./Core/Src/stm32h7xx_hal_msp.o
 .comment       0x0000000000000053       0x54 ./Core/Src/stm32h7xx_hal_timebase_tim.o
 .comment       0x0000000000000053       0x54 ./Core/Src/stm32h7xx_it.o
 .comment       0x0000000000000053       0x54 ./Drivers/STM32H7xx_HAL_Driver/stm32h7xx_hal.o
 .comment       0x0000000000000053       0x54 ./Drivers/STM32H7xx_HAL_Driver/stm32h7xx_hal_cortex.o
 .comment       0x0000000000000053       0x54 ./Drivers/STM32H7xx_HAL_Driver/stm32h7xx_hal_gpio.o
 .comment       0x0000000000000053       0x54 ./Drivers/STM32H7xx_HAL_Driver/stm32h7xx_hal_hsem.o
 .comment       0x0000000000000053       0x54 ./Drivers/STM32H7xx_HAL_Driver/stm32h7xx_hal_pwr_ex.o
 .comment       0x0000000000000053       0x54 ./Drivers/STM32H7xx_HAL_Driver/stm32h7xx_hal_rcc.o
 .comment       0x0000000000000053       0x54 ./Drivers/STM32H7xx_HAL_Driver/stm32h7xx_hal_tim.o
 .comment       0x0000000000000053       0x54 ./Drivers/STM32H7xx_HAL_Driver/stm32h7xx_hal_tim_ex.o
 .comment       0x0000000000000053       0x54 ./Middlewares/Third_Party/FreeRTOS/cmsis_os.o
 .comment       0x0000000000000053       0x54 ./Middlewares/Third_Party/FreeRTOS/heap_4.o
 .comment       0x0000000000000053       0x54 ./Middlewares/Third_Party/FreeRTOS/list.o
 .comment       0x0000000000000053       0x54 ./Middlewares/Third_Party/FreeRTOS/port.o
 .comment       0x0000000000000053       0x54 ./Middlewares/Third_Party/FreeRTOS/tasks.o

.debug_frame    0x0000000000000000     0x47c0
 .debug_frame   0x0000000000000000       0x58 ./Common/Src/system_stm32h7xx_dualcore_boot_cm4_cm7.o
 .debug_frame   0x0000000000000058       0x38 ./Core/Src/freertos.o
 .debug_frame   0x0000000000000090       0xec ./Core/Src/main.o
 .debug_frame   0x000000000000017c       0xd0 ./Core/Src/stm32h7xx_hal_msp.o
 .debug_frame   0x000000000000024c       0x74 ./Core/Src/stm32h7xx_hal_timebase_tim.o
 .debug_frame   0x00000000000002c0       0xc4 ./Core/Src/stm32h7xx_it.o
 .debug_frame   0x0000000000000384      0x848 ./Drivers/STM32H7xx_HAL_Driver/stm32h7xx_hal.o
 .debug_frame   0x0000000000000bcc      0x4b8 ./Drivers/STM32H7xx_HAL_Driver/stm32h7xx_hal_cortex.o
 .debug_frame   0x0000000000001084      0x14c ./Drivers/STM32H7xx_HAL_Driver/stm32h7xx_hal_gpio.o
 .debug_frame   0x00000000000011d0      0x1bc ./Drivers/STM32H7xx_HAL_Driver/stm32h7xx_hal_hsem.o
 .debug_frame   0x000000000000138c      0x5ec ./Drivers/STM32H7xx_HAL_Driver/stm32h7xx_hal_pwr_ex.o
 .debug_frame   0x0000000000001978      0x1f8 ./Drivers/STM32H7xx_HAL_Driver/stm32h7xx_hal_rcc.o
 .debug_frame   0x0000000000001b70     0x1218 ./Drivers/STM32H7xx_HAL_Driver/stm32h7xx_hal_tim.o
 .debug_frame   0x0000000000002d88      0x6d8 ./Drivers/STM32H7xx_HAL_Driver/stm32h7xx_hal_tim_ex.o
 .debug_frame   0x0000000000003460      0x80c ./Middlewares/Third_Party/FreeRTOS/cmsis_os.o
 .debug_frame   0x0000000000003c6c      0x12c ./Middlewares/Third_Party/FreeRTOS/heap_4.o
 .debug_frame   0x0000000000003d98       0xd8 ./Middlewares/Third_Party/FreeRTOS/list.o
 .debug_frame   0x0000000000003e70      0x1a8 ./Middlewares/Third_Party/FreeRTOS/port.o
 .debug_frame   0x0000000000004018      0x77c ./Middlewares/Third_Party/FreeRTOS/tasks.o
 .debug_frame   0x0000000000004794       0x2c c:/st/stm32cubeide_1.7.0/stm32cubeide/plugins/com.st.stm32cube.ide.mcu.externaltools.gnu-tools-for-stm32.9-2020-q2-update.win32_2.0.0.202105311346/tools/bin/../lib/gcc/arm-none-eabi/9.3.1/../../../../arm-none-eabi/lib/thumb/v7e-m+fp/hard\libc_nano.a(lib_a-init.o)
